19:16:44 **** Build of configuration Debug for project proyecto ****
cs-make all 
'Building file: ../eventGenerator.c'
'Invoking: ARM Sourcery Windows GCC C Compiler'
arm-none-eabi-gcc -I"..\..\BSP\include" -O0 -Wall -Wa,-adhlns="eventGenerator.o.lst" -c -fmessage-length=0 -mapcs-frame -MMD -MP -MF"eventGenerator.d" -MT"eventGenerator.d" -mcpu=arm7tdmi -g3 -gdwarf-2 -o "eventGenerator.o" "../eventGenerator.c"
'Finished building: ../eventGenerator.c'
' '
'Building file: ../proyecto.c'
'Invoking: ARM Sourcery Windows GCC C Compiler'
arm-none-eabi-gcc -I"..\..\BSP\include" -O0 -Wall -Wa,-adhlns="proyecto.o.lst" -c -fmessage-length=0 -mapcs-frame -MMD -MP -MF"proyecto.d" -MT"proyecto.d" -mcpu=arm7tdmi -g3 -gdwarf-2 -o "proyecto.o" "../proyecto.c"
'Finished building: ../proyecto.c'
' '
'Building target: proyecto.elf'
'Invoking: ARM Sourcery Windows GCC C Linker'
arm-none-eabi-gcc -T"../proyecto.ld" -nostartfiles -L../../BSP/Debug -Wl,-Map,proyecto.map -mcpu=arm7tdmi -g3 -gdwarf-2 -o "proyecto.elf"  ./eventGenerator.o ./proyecto.o   -lBSP
'Finished building target: proyecto.elf'
' '
'Invoking: ARM Sourcery Windows GNU Create Flash Image'
arm-none-eabi-objcopy -O binary proyecto.elf  "proyecto.hex"
'Finished building: proyecto.hex'
' '
'Invoking: ARM Sourcery Windows GNU Create Listing'
arm-none-eabi-objdump -h -S proyecto.elf > "proyecto.lst"
'Finished building: proyecto.lst'
' '
'Invoking: ARM Sourcery Windows GNU Print Size'
arm-none-eabi-size  --format=berkeley proyecto.elf
   text	   data	    bss	    dec	    hex	filename
  34816	     16	  40748	  75580	  1273c	proyecto.elf
'Finished building: proyecto.siz'
' '
19:16:51 **** Incremental Build of configuration Debug for project proyecto ****
cs-make all 
'Invoking: ARM Sourcery Windows GNU Print Size'
arm-none-eabi-size  --format=berkeley proyecto.elf
   text	   data	    bss	    dec	    hex	filename
  34816	     16	  40748	  75580	  1273c	proyecto.elf
'Finished building: proyecto.siz'
' '
19:17:23 **** Incremental Build of configuration Debug for project proyecto ****
cs-make all 
'Invoking: ARM Sourcery Windows GNU Print Size'
arm-none-eabi-size  --format=berkeley proyecto.elf
   text	   data	    bss	    dec	    hex	filename
  34816	     16	  40748	  75580	  1273c	proyecto.elf
'Finished building: proyecto.siz'
' '
