Archive member included because of file (symbol)

../../BSP/Debug\libBSP.a(keypad.o)
                              ./lab6.o (keypad_init)
../../BSP/Debug\libBSP.a(pbs.o)
                              ./lab6.o (pbs_init)
../../BSP/Debug\libBSP.a(system.o)
                              ./lab6.o (sys_init)
../../BSP/Debug\libBSP.a(timers.o)
                              ../../BSP/Debug\libBSP.a(keypad.o) (timers_init)
../../BSP/Debug\libBSP.a(uart.o)
                              ./lab6.o (uart0_init)
c:/software/electronica/arm/eclipsearm/sourcery-g++-lite-arm-2011.03/bin/../lib/gcc/arm-none-eabi/4.5.2\libgcc.a(_udivsi3.o)
                              ../../BSP/Debug\libBSP.a(timers.o) (__aeabi_uidiv)
c:/software/electronica/arm/eclipsearm/sourcery-g++-lite-arm-2011.03/bin/../lib/gcc/arm-none-eabi/4.5.2\libgcc.a(_dvmd_tls.o)
                              c:/software/electronica/arm/eclipsearm/sourcery-g++-lite-arm-2011.03/bin/../lib/gcc/arm-none-eabi/4.5.2\libgcc.a(_udivsi3.o) (__aeabi_idiv0)
c:/software/electronica/arm/eclipsearm/sourcery-g++-lite-arm-2011.03/bin/../lib/gcc/arm-none-eabi/4.5.2\libgcc.a(_aeabi_uldivmod.o)
                              ../../BSP/Debug\libBSP.a(timers.o) (__aeabi_uldivmod)
c:/software/electronica/arm/eclipsearm/sourcery-g++-lite-arm-2011.03/bin/../lib/gcc/arm-none-eabi/4.5.2\libgcc.a(bpabi.o)
                              c:/software/electronica/arm/eclipsearm/sourcery-g++-lite-arm-2011.03/bin/../lib/gcc/arm-none-eabi/4.5.2\libgcc.a(_aeabi_uldivmod.o) (__gnu_uldivmod_helper)
c:/software/electronica/arm/eclipsearm/sourcery-g++-lite-arm-2011.03/bin/../lib/gcc/arm-none-eabi/4.5.2\libgcc.a(_divdi3.o)
                              c:/software/electronica/arm/eclipsearm/sourcery-g++-lite-arm-2011.03/bin/../lib/gcc/arm-none-eabi/4.5.2\libgcc.a(bpabi.o) (__divdi3)
c:/software/electronica/arm/eclipsearm/sourcery-g++-lite-arm-2011.03/bin/../lib/gcc/arm-none-eabi/4.5.2\libgcc.a(_udivdi3.o)
                              c:/software/electronica/arm/eclipsearm/sourcery-g++-lite-arm-2011.03/bin/../lib/gcc/arm-none-eabi/4.5.2\libgcc.a(bpabi.o) (__udivdi3)
c:/software/electronica/arm/eclipsearm/sourcery-g++-lite-arm-2011.03/bin/../lib/gcc/arm-none-eabi/4.5.2\libgcc.a(_clzsi2.o)
                              c:/software/electronica/arm/eclipsearm/sourcery-g++-lite-arm-2011.03/bin/../lib/gcc/arm-none-eabi/4.5.2\libgcc.a(_divdi3.o) (__clzsi2)

Memory Configuration

Name             Origin             Length             Attributes
*default*        0x00000000         0xffffffff

Linker script and memory map

LOAD ./lab6.o
LOAD ../../BSP/Debug\libBSP.a
START GROUP
LOAD c:/software/electronica/arm/eclipsearm/sourcery-g++-lite-arm-2011.03/bin/../lib/gcc/arm-none-eabi/4.5.2\libgcc.a
LOAD c:/software/electronica/arm/eclipsearm/sourcery-g++-lite-arm-2011.03/bin/../lib/gcc/arm-none-eabi/4.5.2/../../../../arm-none-eabi/lib\libc.a
END GROUP
                0x0c100000                . = 0xc100000

.text           0x0c100000     0x3318
 *(.text)
 .text          0x0c100000      0x2a4 ./lab6.o
                0x0c100000                main
                0x0c1000e4                isr_keypad
                0x0c1001a0                isr_pb
 .text          0x0c1002a4      0x5b8 ../../BSP/Debug\libBSP.a(keypad.o)
                0x0c1002a4                keypad_init
                0x0c1002c0                keypad_scan
                0x0c1004e4                keypad_status
                0x0c100538                keypad_wait_keydown
                0x0c1005b4                keypad_wait_keyup
                0x0c1005f8                keypad_wait_any_keydown
                0x0c100624                keypad_wait_any_keyup
                0x0c100654                keypad_getchar
                0x0c1006a4                keypad_getchartime
                0x0c100740                keypad_timeout_getchar
                0x0c1007b0                keypad_open
                0x0c100818                keypad_close
 .text          0x0c10085c      0x410 ../../BSP/Debug\libBSP.a(pbs.o)
                0x0c10085c                pbs_init
                0x0c100878                pb_scan
                0x0c1008d4                pb_status
                0x0c10096c                pb_wait_keydown
                0x0c1009ac                pb_wait_keyup
                0x0c1009f8                pb_wait_any_keydown
                0x0c100a24                pb_wait_any_keyup
                0x0c100a54                pb_getchar
                0x0c100abc                pb_getchartime
                0x0c100b58                pb_timeout_getchar
                0x0c100bc0                pbs_open
                0x0c100c28                pbs_close
 .text          0x0c100c6c      0xb40 ../../BSP/Debug\libBSP.a(system.o)
                0x0c100c6c                sys_init
                0x0c1011cc                isr_SWI_dummy
                0x0c1011f8                isr_UNDEF_dummy
                0x0c101224                isr_IRQ_dummy
                0x0c101250                isr_FIQ_dummy
                0x0c10127c                isr_PABORT_dummy
                0x0c1012a8                isr_DABORT_dummy
                0x0c1012d4                isr_ADC_dummy
                0x0c101300                isr_RTC_dummy
                0x0c10132c                isr_UTXD1_dummy
                0x0c101358                isr_UTXD0_dummy
                0x0c101384                isr_SIO_dummy
                0x0c1013b0                isr_IIC_dummy
                0x0c1013dc                isr_URXD1_dummy
                0x0c101408                isr_URXD0_dummy
                0x0c101434                isr_TIMER5_dummy
                0x0c101460                isr_TIMER4_dummy
                0x0c10148c                isr_TIMER3_dummy
                0x0c1014b8                isr_TIMER2_dummy
                0x0c1014e4                isr_TIMER1_dummy
                0x0c101510                isr_TIMER0_dummy
                0x0c10153c                isr_UERR01_dummy
                0x0c101568                isr_WDT_dummy
                0x0c101594                isr_BDMA1_dummy
                0x0c1015c0                isr_BDMA0_dummy
                0x0c1015ec                isr_ZDMA1_dummy
                0x0c101618                isr_ZDMA0_dummy
                0x0c101644                isr_TICK_dummy
                0x0c101670                isr_PB_dummy
                0x0c10169c                isr_ETHERNET_dummy
                0x0c1016c8                isr_TS_dummy
                0x0c1016f4                isr_KEYPAD_dummy
                0x0c101720                isr_USB_dummy
                0x0c10177c                sleep
 .text          0x0c1017ac      0x9cc ../../BSP/Debug\libBSP.a(timers.o)
                0x0c1017ac                timers_init
                0x0c10196c                timer3_delay_ms
                0x0c101a40                sw_delay_ms
                0x0c101a98                timer3_delay_s
                0x0c101b54                sw_delay_s
                0x0c101bac                timer3_start
                0x0c101c5c                timer3_stop
                0x0c101cb0                timer3_start_timeout
                0x0c101d68                timer3_timeout
                0x0c101da4                timer0_open_tick
                0x0c101fe0                timer0_open_ms
                0x0c1020e4                timer0_close
 .text          0x0c102178      0x6a8 ../../BSP/Debug\libBSP.a(uart.o)
                0x0c102178                uart0_init
                0x0c1021dc                uart0_putchar
                0x0c10222c                uart0_getchar
                0x0c102274                uart0_puts
                0x0c1022dc                uart0_putint
                0x0c1023e8                uart0_puthex
                0x0c1024a0                uart0_gets
                0x0c102534                uart0_getint
                0x0c102640                uart0_gethex
 .text          0x0c102820      0x114 c:/software/electronica/arm/eclipsearm/sourcery-g++-lite-arm-2011.03/bin/../lib/gcc/arm-none-eabi/4.5.2\libgcc.a(_udivsi3.o)
                0x0c102820                __aeabi_uidiv
                0x0c102820                __udivsi3
                0x0c102914                __aeabi_uidivmod
 .text          0x0c102934        0x4 c:/software/electronica/arm/eclipsearm/sourcery-g++-lite-arm-2011.03/bin/../lib/gcc/arm-none-eabi/4.5.2\libgcc.a(_dvmd_tls.o)
                0x0c102934                __aeabi_idiv0
                0x0c102934                __aeabi_ldiv0
 .text          0x0c102938       0x3c c:/software/electronica/arm/eclipsearm/sourcery-g++-lite-arm-2011.03/bin/../lib/gcc/arm-none-eabi/4.5.2\libgcc.a(_aeabi_uldivmod.o)
                0x0c102938                __aeabi_uldivmod
 .text          0x0c102974       0x80 c:/software/electronica/arm/eclipsearm/sourcery-g++-lite-arm-2011.03/bin/../lib/gcc/arm-none-eabi/4.5.2\libgcc.a(bpabi.o)
                0x0c102974                __gnu_ldivmod_helper
                0x0c1029b4                __gnu_uldivmod_helper
 .text          0x0c1029f4      0x4a8 c:/software/electronica/arm/eclipsearm/sourcery-g++-lite-arm-2011.03/bin/../lib/gcc/arm-none-eabi/4.5.2\libgcc.a(_divdi3.o)
                0x0c1029f4                __divdi3
 .text          0x0c102e9c      0x434 c:/software/electronica/arm/eclipsearm/sourcery-g++-lite-arm-2011.03/bin/../lib/gcc/arm-none-eabi/4.5.2\libgcc.a(_udivdi3.o)
                0x0c102e9c                __udivdi3
 .text          0x0c1032d0       0x48 c:/software/electronica/arm/eclipsearm/sourcery-g++-lite-arm-2011.03/bin/../lib/gcc/arm-none-eabi/4.5.2\libgcc.a(_clzsi2.o)
                0x0c1032d0                __clzsi2

.glue_7         0x0c103318        0x0
 .glue_7        0x00000000        0x0 linker stubs

.glue_7t        0x0c103318        0x0
 .glue_7t       0x00000000        0x0 linker stubs

.vfp11_veneer   0x0c103318        0x0
 .vfp11_veneer  0x00000000        0x0 linker stubs

.v4_bx          0x0c103318        0x0
 .v4_bx         0x00000000        0x0 linker stubs

.rodata         0x0c103318      0x794
 *(.rodata)
 .rodata        0x0c103318      0x188 ./lab6.o
 .rodata        0x0c1034a0      0x60c ../../BSP/Debug\libBSP.a(system.o)

.ARM.extab      0x0c103aac        0x0
 .ARM.extab     0x0c103aac        0x0 c:/software/electronica/arm/eclipsearm/sourcery-g++-lite-arm-2011.03/bin/../lib/gcc/arm-none-eabi/4.5.2\libgcc.a(_divdi3.o)
 .ARM.extab     0x0c103aac        0x0 c:/software/electronica/arm/eclipsearm/sourcery-g++-lite-arm-2011.03/bin/../lib/gcc/arm-none-eabi/4.5.2\libgcc.a(_udivdi3.o)

.ARM.exidx      0x0c103aac        0x8
 .ARM.exidx     0x0c103aac        0x8 c:/software/electronica/arm/eclipsearm/sourcery-g++-lite-arm-2011.03/bin/../lib/gcc/arm-none-eabi/4.5.2\libgcc.a(_divdi3.o)
 .ARM.exidx     0x0c103ab4        0x0 c:/software/electronica/arm/eclipsearm/sourcery-g++-lite-arm-2011.03/bin/../lib/gcc/arm-none-eabi/4.5.2\libgcc.a(_udivdi3.o)
                                  0x8 (size before relaxing)

.data           0x0c103ab4        0x0
 *(.data)
 .data          0x0c103ab4        0x0 ./lab6.o
 .data          0x0c103ab4        0x0 ../../BSP/Debug\libBSP.a(keypad.o)
 .data          0x0c103ab4        0x0 ../../BSP/Debug\libBSP.a(pbs.o)
 .data          0x0c103ab4        0x0 ../../BSP/Debug\libBSP.a(system.o)
 .data          0x0c103ab4        0x0 ../../BSP/Debug\libBSP.a(timers.o)
 .data          0x0c103ab4        0x0 ../../BSP/Debug\libBSP.a(uart.o)
 .data          0x0c103ab4        0x0 c:/software/electronica/arm/eclipsearm/sourcery-g++-lite-arm-2011.03/bin/../lib/gcc/arm-none-eabi/4.5.2\libgcc.a(_udivsi3.o)
 .data          0x0c103ab4        0x0 c:/software/electronica/arm/eclipsearm/sourcery-g++-lite-arm-2011.03/bin/../lib/gcc/arm-none-eabi/4.5.2\libgcc.a(_dvmd_tls.o)
 .data          0x0c103ab4        0x0 c:/software/electronica/arm/eclipsearm/sourcery-g++-lite-arm-2011.03/bin/../lib/gcc/arm-none-eabi/4.5.2\libgcc.a(_aeabi_uldivmod.o)
 .data          0x0c103ab4        0x0 c:/software/electronica/arm/eclipsearm/sourcery-g++-lite-arm-2011.03/bin/../lib/gcc/arm-none-eabi/4.5.2\libgcc.a(bpabi.o)
 .data          0x0c103ab4        0x0 c:/software/electronica/arm/eclipsearm/sourcery-g++-lite-arm-2011.03/bin/../lib/gcc/arm-none-eabi/4.5.2\libgcc.a(_divdi3.o)
 .data          0x0c103ab4        0x0 c:/software/electronica/arm/eclipsearm/sourcery-g++-lite-arm-2011.03/bin/../lib/gcc/arm-none-eabi/4.5.2\libgcc.a(_udivdi3.o)
 .data          0x0c103ab4        0x0 c:/software/electronica/arm/eclipsearm/sourcery-g++-lite-arm-2011.03/bin/../lib/gcc/arm-none-eabi/4.5.2\libgcc.a(_clzsi2.o)

.bss            0x0c103ab4        0x8
 *(.bss)
 .bss           0x0c103ab4        0x0 ./lab6.o
 .bss           0x0c103ab4        0x0 ../../BSP/Debug\libBSP.a(keypad.o)
 .bss           0x0c103ab4        0x0 ../../BSP/Debug\libBSP.a(pbs.o)
 .bss           0x0c103ab4        0x0 ../../BSP/Debug\libBSP.a(system.o)
 .bss           0x0c103ab4        0x8 ../../BSP/Debug\libBSP.a(timers.o)
 .bss           0x0c103abc        0x0 ../../BSP/Debug\libBSP.a(uart.o)
 .bss           0x0c103abc        0x0 c:/software/electronica/arm/eclipsearm/sourcery-g++-lite-arm-2011.03/bin/../lib/gcc/arm-none-eabi/4.5.2\libgcc.a(_udivsi3.o)
 .bss           0x0c103abc        0x0 c:/software/electronica/arm/eclipsearm/sourcery-g++-lite-arm-2011.03/bin/../lib/gcc/arm-none-eabi/4.5.2\libgcc.a(_dvmd_tls.o)
 .bss           0x0c103abc        0x0 c:/software/electronica/arm/eclipsearm/sourcery-g++-lite-arm-2011.03/bin/../lib/gcc/arm-none-eabi/4.5.2\libgcc.a(_aeabi_uldivmod.o)
 .bss           0x0c103abc        0x0 c:/software/electronica/arm/eclipsearm/sourcery-g++-lite-arm-2011.03/bin/../lib/gcc/arm-none-eabi/4.5.2\libgcc.a(bpabi.o)
 .bss           0x0c103abc        0x0 c:/software/electronica/arm/eclipsearm/sourcery-g++-lite-arm-2011.03/bin/../lib/gcc/arm-none-eabi/4.5.2\libgcc.a(_divdi3.o)
 .bss           0x0c103abc        0x0 c:/software/electronica/arm/eclipsearm/sourcery-g++-lite-arm-2011.03/bin/../lib/gcc/arm-none-eabi/4.5.2\libgcc.a(_udivdi3.o)
 .bss           0x0c103abc        0x0 c:/software/electronica/arm/eclipsearm/sourcery-g++-lite-arm-2011.03/bin/../lib/gcc/arm-none-eabi/4.5.2\libgcc.a(_clzsi2.o)
                0x0c103abc                end = .
OUTPUT(lab6.elf elf32-littlearm)

.debug_abbrev   0x00000000      0x480
 .debug_abbrev  0x00000000       0x8a ./lab6.o
 .debug_abbrev  0x0000008a       0xca ../../BSP/Debug\libBSP.a(keypad.o)
 .debug_abbrev  0x00000154       0xd2 ../../BSP/Debug\libBSP.a(pbs.o)
 .debug_abbrev  0x00000226       0x89 ../../BSP/Debug\libBSP.a(system.o)
 .debug_abbrev  0x000002af       0xdd ../../BSP/Debug\libBSP.a(timers.o)
 .debug_abbrev  0x0000038c       0xf4 ../../BSP/Debug\libBSP.a(uart.o)

.debug_info     0x00000000      0xea5
 .debug_info    0x00000000      0x114 ./lab6.o
 .debug_info    0x00000114      0x261 ../../BSP/Debug\libBSP.a(keypad.o)
 .debug_info    0x00000375      0x24e ../../BSP/Debug\libBSP.a(pbs.o)
 .debug_info    0x000005c3      0x390 ../../BSP/Debug\libBSP.a(system.o)
 .debug_info    0x00000953      0x29d ../../BSP/Debug\libBSP.a(timers.o)
 .debug_info    0x00000bf0      0x2b5 ../../BSP/Debug\libBSP.a(uart.o)

.debug_line     0x00000000      0x7b3
 .debug_line    0x00000000       0xe5 ./lab6.o
 .debug_line    0x000000e5      0x146 ../../BSP/Debug\libBSP.a(keypad.o)
 .debug_line    0x0000022b      0x117 ../../BSP/Debug\libBSP.a(pbs.o)
 .debug_line    0x00000342      0x1f1 ../../BSP/Debug\libBSP.a(system.o)
 .debug_line    0x00000533      0x162 ../../BSP/Debug\libBSP.a(timers.o)
 .debug_line    0x00000695      0x11e ../../BSP/Debug\libBSP.a(uart.o)

.debug_macinfo  0x00000000    0x1d308
 .debug_macinfo
                0x00000000     0x5524 ./lab6.o
 .debug_macinfo
                0x00005524     0x4e31 ../../BSP/Debug\libBSP.a(keypad.o)
 .debug_macinfo
                0x0000a355     0x4d0b ../../BSP/Debug\libBSP.a(pbs.o)
 .debug_macinfo
                0x0000f060     0x530a ../../BSP/Debug\libBSP.a(system.o)
 .debug_macinfo
                0x0001436a     0x4c91 ../../BSP/Debug\libBSP.a(timers.o)
 .debug_macinfo
                0x00018ffb     0x430d ../../BSP/Debug\libBSP.a(uart.o)

.debug_loc      0x00000000      0xec8
 .debug_loc     0x00000000       0x84 ./lab6.o
 .debug_loc     0x00000084      0x210 ../../BSP/Debug\libBSP.a(keypad.o)
 .debug_loc     0x00000294      0x210 ../../BSP/Debug\libBSP.a(pbs.o)
 .debug_loc     0x000004a4      0x65c ../../BSP/Debug\libBSP.a(system.o)
 .debug_loc     0x00000b00      0x23c ../../BSP/Debug\libBSP.a(timers.o)
 .debug_loc     0x00000d3c      0x18c ../../BSP/Debug\libBSP.a(uart.o)

.debug_pubnames
                0x00000000      0x656
 .debug_pubnames
                0x00000000       0x35 ./lab6.o
 .debug_pubnames
                0x00000035      0x10e ../../BSP/Debug\libBSP.a(keypad.o)
 .debug_pubnames
                0x00000143       0xe1 ../../BSP/Debug\libBSP.a(pbs.o)
 .debug_pubnames
                0x00000224      0x29d ../../BSP/Debug\libBSP.a(system.o)
 .debug_pubnames
                0x000004c1       0xee ../../BSP/Debug\libBSP.a(timers.o)
 .debug_pubnames
                0x000005af       0xa7 ../../BSP/Debug\libBSP.a(uart.o)

.debug_pubtypes
                0x00000000      0x12b
 .debug_pubtypes
                0x00000000       0x32 ./lab6.o
 .debug_pubtypes
                0x00000032       0x32 ../../BSP/Debug\libBSP.a(keypad.o)
 .debug_pubtypes
                0x00000064       0x32 ../../BSP/Debug\libBSP.a(pbs.o)
 .debug_pubtypes
                0x00000096       0x27 ../../BSP/Debug\libBSP.a(system.o)
 .debug_pubtypes
                0x000000bd       0x3d ../../BSP/Debug\libBSP.a(timers.o)
 .debug_pubtypes
                0x000000fa       0x31 ../../BSP/Debug\libBSP.a(uart.o)

.debug_aranges  0x00000000       0xc0
 .debug_aranges
                0x00000000       0x20 ./lab6.o
 .debug_aranges
                0x00000020       0x20 ../../BSP/Debug\libBSP.a(keypad.o)
 .debug_aranges
                0x00000040       0x20 ../../BSP/Debug\libBSP.a(pbs.o)
 .debug_aranges
                0x00000060       0x20 ../../BSP/Debug\libBSP.a(system.o)
 .debug_aranges
                0x00000080       0x20 ../../BSP/Debug\libBSP.a(timers.o)
 .debug_aranges
                0x000000a0       0x20 ../../BSP/Debug\libBSP.a(uart.o)

.debug_str      0x00000000      0x619
 .debug_str     0x00000000       0xbd ./lab6.o
                                 0xdb (size before relaxing)
 .debug_str     0x000000bd       0xf5 ../../BSP/Debug\libBSP.a(keypad.o)
                                0x18e (size before relaxing)
 .debug_str     0x000001b2       0xac ../../BSP/Debug\libBSP.a(pbs.o)
                                0x15e (size before relaxing)
 .debug_str     0x0000025e      0x234 ../../BSP/Debug\libBSP.a(system.o)
                                0x2d8 (size before relaxing)
 .debug_str     0x00000492       0xe5 ../../BSP/Debug\libBSP.a(timers.o)
                                0x187 (size before relaxing)
 .debug_str     0x00000577       0xa2 ../../BSP/Debug\libBSP.a(uart.o)
                                0x148 (size before relaxing)

.comment        0x00000000       0x2a
 .comment       0x00000000       0x2a ./lab6.o
                                 0x2b (size before relaxing)
 .comment       0x00000000       0x2b ../../BSP/Debug\libBSP.a(keypad.o)
 .comment       0x00000000       0x2b ../../BSP/Debug\libBSP.a(pbs.o)
 .comment       0x00000000       0x2b ../../BSP/Debug\libBSP.a(system.o)
 .comment       0x00000000       0x2b ../../BSP/Debug\libBSP.a(timers.o)
 .comment       0x00000000       0x2b ../../BSP/Debug\libBSP.a(uart.o)

.ARM.attributes
                0x00000000       0x32
 .ARM.attributes
                0x00000000       0x32 ./lab6.o
 .ARM.attributes
                0x00000032       0x32 ../../BSP/Debug\libBSP.a(keypad.o)
 .ARM.attributes
                0x00000064       0x32 ../../BSP/Debug\libBSP.a(pbs.o)
 .ARM.attributes
                0x00000096       0x32 ../../BSP/Debug\libBSP.a(system.o)
 .ARM.attributes
                0x000000c8       0x32 ../../BSP/Debug\libBSP.a(timers.o)
 .ARM.attributes
                0x000000fa       0x32 ../../BSP/Debug\libBSP.a(uart.o)
 .ARM.attributes
                0x0000012c       0x1a c:/software/electronica/arm/eclipsearm/sourcery-g++-lite-arm-2011.03/bin/../lib/gcc/arm-none-eabi/4.5.2\libgcc.a(_udivsi3.o)
 .ARM.attributes
                0x00000146       0x18 c:/software/electronica/arm/eclipsearm/sourcery-g++-lite-arm-2011.03/bin/../lib/gcc/arm-none-eabi/4.5.2\libgcc.a(_dvmd_tls.o)
 .ARM.attributes
                0x0000015e       0x1a c:/software/electronica/arm/eclipsearm/sourcery-g++-lite-arm-2011.03/bin/../lib/gcc/arm-none-eabi/4.5.2\libgcc.a(_aeabi_uldivmod.o)
 .ARM.attributes
                0x00000178       0x34 c:/software/electronica/arm/eclipsearm/sourcery-g++-lite-arm-2011.03/bin/../lib/gcc/arm-none-eabi/4.5.2\libgcc.a(bpabi.o)
 .ARM.attributes
                0x000001ac       0x34 c:/software/electronica/arm/eclipsearm/sourcery-g++-lite-arm-2011.03/bin/../lib/gcc/arm-none-eabi/4.5.2\libgcc.a(_divdi3.o)
 .ARM.attributes
                0x000001e0       0x34 c:/software/electronica/arm/eclipsearm/sourcery-g++-lite-arm-2011.03/bin/../lib/gcc/arm-none-eabi/4.5.2\libgcc.a(_udivdi3.o)
 .ARM.attributes
                0x00000214       0x1a c:/software/electronica/arm/eclipsearm/sourcery-g++-lite-arm-2011.03/bin/../lib/gcc/arm-none-eabi/4.5.2\libgcc.a(_clzsi2.o)

.debug_frame    0x00000000      0xdac
 .debug_frame   0x00000000       0x88 ./lab6.o
 .debug_frame   0x00000088      0x190 ../../BSP/Debug\libBSP.a(keypad.o)
 .debug_frame   0x00000218      0x190 ../../BSP/Debug\libBSP.a(pbs.o)
 .debug_frame   0x000003a8      0x630 ../../BSP/Debug\libBSP.a(system.o)
 .debug_frame   0x000009d8      0x1b8 ../../BSP/Debug\libBSP.a(timers.o)
 .debug_frame   0x00000b90      0x134 ../../BSP/Debug\libBSP.a(uart.o)
 .debug_frame   0x00000cc4       0x20 c:/software/electronica/arm/eclipsearm/sourcery-g++-lite-arm-2011.03/bin/../lib/gcc/arm-none-eabi/4.5.2\libgcc.a(_udivsi3.o)
 .debug_frame   0x00000ce4       0x50 c:/software/electronica/arm/eclipsearm/sourcery-g++-lite-arm-2011.03/bin/../lib/gcc/arm-none-eabi/4.5.2\libgcc.a(bpabi.o)
 .debug_frame   0x00000d34       0x3c c:/software/electronica/arm/eclipsearm/sourcery-g++-lite-arm-2011.03/bin/../lib/gcc/arm-none-eabi/4.5.2\libgcc.a(_divdi3.o)
 .debug_frame   0x00000d70       0x3c c:/software/electronica/arm/eclipsearm/sourcery-g++-lite-arm-2011.03/bin/../lib/gcc/arm-none-eabi/4.5.2\libgcc.a(_udivdi3.o)
