Archive member included because of file (symbol)

../../BSP/Debug\libBSP.a(iis.o)
                              ./lab9-wav.o (iis_init)
../../BSP/Debug\libBSP.a(keypad.o)
                              ./lab9-wav.o (keypad_init)
../../BSP/Debug\libBSP.a(pbs.o)
                              ./lab9-wav.o (pb_status)
../../BSP/Debug\libBSP.a(segs.o)
                              ./lab9-wav.o (segs_init)
../../BSP/Debug\libBSP.a(system.o)
                              ./lab9-wav.o (sys_init)
../../BSP/Debug\libBSP.a(timers.o)
                              ../../BSP/Debug\libBSP.a(keypad.o) (timers_init)
../../BSP/Debug\libBSP.a(uart.o)
                              ./lab9-wav.o (uart0_init)
../../BSP/Debug\libBSP.a(uda1341ts.o)
                              ./lab9-wav.o (uda1341ts_init)
../../BSP/Debug\libBSP.a(dma.o)
                              ../../BSP/Debug\libBSP.a(iis.o) (bdma0_init)
../../BSP/Debug\libBSP.a(l3.o)
                              ../../BSP/Debug\libBSP.a(uda1341ts.o) (L3_init)
../../BSP/Debug\libBSP.a(leds.o)
                              ../../BSP/Debug\libBSP.a(l3.o) (led_status)
c:/software/electronica/arm/eclipsearm/sourcery-g++-lite-arm-2011.03/bin/../lib/gcc/arm-none-eabi/4.5.2\libgcc.a(_udivsi3.o)
                              ../../BSP/Debug\libBSP.a(timers.o) (__aeabi_uidiv)
c:/software/electronica/arm/eclipsearm/sourcery-g++-lite-arm-2011.03/bin/../lib/gcc/arm-none-eabi/4.5.2\libgcc.a(_dvmd_tls.o)
                              c:/software/electronica/arm/eclipsearm/sourcery-g++-lite-arm-2011.03/bin/../lib/gcc/arm-none-eabi/4.5.2\libgcc.a(_udivsi3.o) (__aeabi_idiv0)
c:/software/electronica/arm/eclipsearm/sourcery-g++-lite-arm-2011.03/bin/../lib/gcc/arm-none-eabi/4.5.2\libgcc.a(_aeabi_uldivmod.o)
                              ../../BSP/Debug\libBSP.a(timers.o) (__aeabi_uldivmod)
c:/software/electronica/arm/eclipsearm/sourcery-g++-lite-arm-2011.03/bin/../lib/gcc/arm-none-eabi/4.5.2\libgcc.a(bpabi.o)
                              c:/software/electronica/arm/eclipsearm/sourcery-g++-lite-arm-2011.03/bin/../lib/gcc/arm-none-eabi/4.5.2\libgcc.a(_aeabi_uldivmod.o) (__gnu_uldivmod_helper)
c:/software/electronica/arm/eclipsearm/sourcery-g++-lite-arm-2011.03/bin/../lib/gcc/arm-none-eabi/4.5.2\libgcc.a(_divdi3.o)
                              c:/software/electronica/arm/eclipsearm/sourcery-g++-lite-arm-2011.03/bin/../lib/gcc/arm-none-eabi/4.5.2\libgcc.a(bpabi.o) (__divdi3)
c:/software/electronica/arm/eclipsearm/sourcery-g++-lite-arm-2011.03/bin/../lib/gcc/arm-none-eabi/4.5.2\libgcc.a(_udivdi3.o)
                              c:/software/electronica/arm/eclipsearm/sourcery-g++-lite-arm-2011.03/bin/../lib/gcc/arm-none-eabi/4.5.2\libgcc.a(bpabi.o) (__udivdi3)
c:/software/electronica/arm/eclipsearm/sourcery-g++-lite-arm-2011.03/bin/../lib/gcc/arm-none-eabi/4.5.2\libgcc.a(_clzsi2.o)
                              c:/software/electronica/arm/eclipsearm/sourcery-g++-lite-arm-2011.03/bin/../lib/gcc/arm-none-eabi/4.5.2\libgcc.a(_divdi3.o) (__clzsi2)

Allocating common symbols
Common symbol       size              file

status              0x1               ../../BSP/Debug\libBSP.a(leds.o)

Memory Configuration

Name             Origin             Length             Attributes
*default*        0x00000000         0xffffffff

Linker script and memory map

LOAD ./lab9-wav.o
LOAD ../../BSP/Debug\libBSP.a
START GROUP
LOAD c:/software/electronica/arm/eclipsearm/sourcery-g++-lite-arm-2011.03/bin/../lib/gcc/arm-none-eabi/4.5.2\libgcc.a
LOAD c:/software/electronica/arm/eclipsearm/sourcery-g++-lite-arm-2011.03/bin/../lib/gcc/arm-none-eabi/4.5.2/../../../../arm-none-eabi/lib\libc.a
END GROUP
                0x0c100000                . = 0xc100000

.text           0x0c100000     0x4714
 *(.text)
 .text          0x0c100000      0x768 ./lab9-wav.o
                0x0c100000                main
 .text          0x0c100768      0x704 ../../BSP/Debug\libBSP.a(iis.o)
                0x0c100768                iis_init
                0x0c1008d4                iis_putSample
                0x0c10093c                iis_getSample
                0x0c1009b0                iis_play
                0x0c100b48                iis_rec
                0x0c100cbc                iis_pause
                0x0c100cfc                iis_continue
                0x0c100d3c                iis_status
                0x0c100d64                iis_playwawFile
 .text          0x0c100e6c      0x5b8 ../../BSP/Debug\libBSP.a(keypad.o)
                0x0c100e6c                keypad_init
                0x0c100e88                keypad_scan
                0x0c1010ac                keypad_status
                0x0c101100                keypad_wait_keydown
                0x0c10117c                keypad_wait_keyup
                0x0c1011c0                keypad_wait_any_keydown
                0x0c1011ec                keypad_wait_any_keyup
                0x0c10121c                keypad_getchar
                0x0c10126c                keypad_getchartime
                0x0c101308                keypad_timeout_getchar
                0x0c101378                keypad_open
                0x0c1013e0                keypad_close
 .text          0x0c101424      0x410 ../../BSP/Debug\libBSP.a(pbs.o)
                0x0c101424                pbs_init
                0x0c101440                pb_scan
                0x0c10149c                pb_status
                0x0c101534                pb_wait_keydown
                0x0c101574                pb_wait_keyup
                0x0c1015c0                pb_wait_any_keydown
                0x0c1015ec                pb_wait_any_keyup
                0x0c10161c                pb_getchar
                0x0c101684                pb_getchartime
                0x0c101720                pb_timeout_getchar
                0x0c101788                pbs_open
                0x0c1017f0                pbs_close
 .text          0x0c101834       0xd4 ../../BSP/Debug\libBSP.a(segs.o)
                0x0c101834                segs_init
                0x0c101850                segs_off
                0x0c101888                segs_putchar
                0x0c1018e0                segs_status
 .text          0x0c101908      0xb70 ../../BSP/Debug\libBSP.a(system.o)
                0x0c101908                sys_init
                0x0c101e68                isr_SWI_dummy
                0x0c101e94                isr_UNDEF_dummy
                0x0c101ec0                isr_IRQ_dummy
                0x0c101eec                isr_FIQ_dummy
                0x0c101f18                isr_PABORT_dummy
                0x0c101f44                isr_DABORT_dummy
                0x0c101f70                isr_ADC_dummy
                0x0c101f9c                isr_RTC_dummy
                0x0c101fc8                isr_UTXD1_dummy
                0x0c101ff4                isr_UTXD0_dummy
                0x0c102020                isr_SIO_dummy
                0x0c10204c                isr_IIC_dummy
                0x0c102078                isr_URXD1_dummy
                0x0c1020a4                isr_URXD0_dummy
                0x0c1020d0                isr_TIMER5_dummy
                0x0c1020fc                isr_TIMER4_dummy
                0x0c102128                isr_TIMER3_dummy
                0x0c102154                isr_TIMER2_dummy
                0x0c102180                isr_TIMER1_dummy
                0x0c1021ac                isr_TIMER0_dummy
                0x0c1021d8                isr_UERR01_dummy
                0x0c102204                isr_WDT_dummy
                0x0c102230                isr_BDMA1_dummy
                0x0c10225c                isr_BDMA0_dummy
                0x0c102288                isr_ZDMA1_dummy
                0x0c1022b4                isr_ZDMA0_dummy
                0x0c1022e0                isr_TICK_dummy
                0x0c10230c                isr_PB_dummy
                0x0c102338                isr_ETHERNET_dummy
                0x0c102364                isr_TS_dummy
                0x0c102390                isr_KEYPAD_dummy
                0x0c1023bc                isr_USB_dummy
                0x0c102448                sleep
 .text          0x0c102478      0x9cc ../../BSP/Debug\libBSP.a(timers.o)
                0x0c102478                timers_init
                0x0c102638                timer3_delay_ms
                0x0c10270c                sw_delay_ms
                0x0c102764                timer3_delay_s
                0x0c102820                sw_delay_s
                0x0c102878                timer3_start
                0x0c102928                timer3_stop
                0x0c10297c                timer3_start_timeout
                0x0c102a34                timer3_timeout
                0x0c102a70                timer0_open_tick
                0x0c102cac                timer0_open_ms
                0x0c102db0                timer0_close
 .text          0x0c102e44      0x6a8 ../../BSP/Debug\libBSP.a(uart.o)
                0x0c102e44                uart0_init
                0x0c102ea8                uart0_putchar
                0x0c102ef8                uart0_getchar
                0x0c102f40                uart0_puts
                0x0c102fa8                uart0_putint
                0x0c1030b4                uart0_puthex
                0x0c10316c                uart0_gets
                0x0c103200                uart0_getint
                0x0c10330c                uart0_gethex
 .text          0x0c1034ec      0x284 ../../BSP/Debug\libBSP.a(uda1341ts.o)
                0x0c1034ec                uda1341ts_init
                0x0c103568                uda1341ts_mute
                0x0c1035c0                uda1341ts_on
                0x0c103630                uda1341ts_off
                0x0c1036b0                uda1341ts_status
                0x0c1036e4                uda1341ts_setvol
                0x0c103748                uda1341ts_getvol
 .text          0x0c103770       0xf4 ../../BSP/Debug\libBSP.a(dma.o)
                0x0c103770                bdma0_init
                0x0c1037c4                bdma0_open
                0x0c103820                bdma0_close
 .text          0x0c103864      0x194 ../../BSP/Debug\libBSP.a(l3.o)
                0x0c103864                L3_init
                0x0c10388c                L3_putByte
 .text          0x0c1039f8      0x224 ../../BSP/Debug\libBSP.a(leds.o)
                0x0c1039f8                leds_init
                0x0c103a28                led_on
                0x0c103a94                led_off
                0x0c103b00                led_toggle
                0x0c103b6c                led_status
 .text          0x0c103c1c      0x114 c:/software/electronica/arm/eclipsearm/sourcery-g++-lite-arm-2011.03/bin/../lib/gcc/arm-none-eabi/4.5.2\libgcc.a(_udivsi3.o)
                0x0c103c1c                __aeabi_uidiv
                0x0c103c1c                __udivsi3
                0x0c103d10                __aeabi_uidivmod
 .text          0x0c103d30        0x4 c:/software/electronica/arm/eclipsearm/sourcery-g++-lite-arm-2011.03/bin/../lib/gcc/arm-none-eabi/4.5.2\libgcc.a(_dvmd_tls.o)
                0x0c103d30                __aeabi_idiv0
                0x0c103d30                __aeabi_ldiv0
 .text          0x0c103d34       0x3c c:/software/electronica/arm/eclipsearm/sourcery-g++-lite-arm-2011.03/bin/../lib/gcc/arm-none-eabi/4.5.2\libgcc.a(_aeabi_uldivmod.o)
                0x0c103d34                __aeabi_uldivmod
 .text          0x0c103d70       0x80 c:/software/electronica/arm/eclipsearm/sourcery-g++-lite-arm-2011.03/bin/../lib/gcc/arm-none-eabi/4.5.2\libgcc.a(bpabi.o)
                0x0c103d70                __gnu_ldivmod_helper
                0x0c103db0                __gnu_uldivmod_helper
 .text          0x0c103df0      0x4a8 c:/software/electronica/arm/eclipsearm/sourcery-g++-lite-arm-2011.03/bin/../lib/gcc/arm-none-eabi/4.5.2\libgcc.a(_divdi3.o)
                0x0c103df0                __divdi3
 .text          0x0c104298      0x434 c:/software/electronica/arm/eclipsearm/sourcery-g++-lite-arm-2011.03/bin/../lib/gcc/arm-none-eabi/4.5.2\libgcc.a(_udivdi3.o)
                0x0c104298                __udivdi3
 .text          0x0c1046cc       0x48 c:/software/electronica/arm/eclipsearm/sourcery-g++-lite-arm-2011.03/bin/../lib/gcc/arm-none-eabi/4.5.2\libgcc.a(_clzsi2.o)
                0x0c1046cc                __clzsi2

.glue_7         0x0c104714        0x0
 .glue_7        0x00000000        0x0 linker stubs

.glue_7t        0x0c104714        0x0
 .glue_7t       0x00000000        0x0 linker stubs

.vfp11_veneer   0x0c104714        0x0
 .vfp11_veneer  0x00000000        0x0 linker stubs

.v4_bx          0x0c104714        0x0
 .v4_bx         0x00000000        0x0 linker stubs

.rodata         0x0c104714      0xa78
 *(.rodata)
 .rodata        0x0c104714      0x424 ./lab9-wav.o
 .rodata        0x0c104b38       0x10 ../../BSP/Debug\libBSP.a(segs.o)
 .rodata        0x0c104b48      0x644 ../../BSP/Debug\libBSP.a(system.o)

.ARM.extab      0x0c10518c        0x0
 .ARM.extab     0x0c10518c        0x0 c:/software/electronica/arm/eclipsearm/sourcery-g++-lite-arm-2011.03/bin/../lib/gcc/arm-none-eabi/4.5.2\libgcc.a(_divdi3.o)
 .ARM.extab     0x0c10518c        0x0 c:/software/electronica/arm/eclipsearm/sourcery-g++-lite-arm-2011.03/bin/../lib/gcc/arm-none-eabi/4.5.2\libgcc.a(_udivdi3.o)

.ARM.exidx      0x0c10518c        0x8
 .ARM.exidx     0x0c10518c        0x8 c:/software/electronica/arm/eclipsearm/sourcery-g++-lite-arm-2011.03/bin/../lib/gcc/arm-none-eabi/4.5.2\libgcc.a(_divdi3.o)
 .ARM.exidx     0x0c105194        0x0 c:/software/electronica/arm/eclipsearm/sourcery-g++-lite-arm-2011.03/bin/../lib/gcc/arm-none-eabi/4.5.2\libgcc.a(_udivdi3.o)
                                  0x8 (size before relaxing)

.data           0x0c105194        0x0
 *(.data)
 .data          0x0c105194        0x0 ./lab9-wav.o
 .data          0x0c105194        0x0 ../../BSP/Debug\libBSP.a(iis.o)
 .data          0x0c105194        0x0 ../../BSP/Debug\libBSP.a(keypad.o)
 .data          0x0c105194        0x0 ../../BSP/Debug\libBSP.a(pbs.o)
 .data          0x0c105194        0x0 ../../BSP/Debug\libBSP.a(segs.o)
 .data          0x0c105194        0x0 ../../BSP/Debug\libBSP.a(system.o)
 .data          0x0c105194        0x0 ../../BSP/Debug\libBSP.a(timers.o)
 .data          0x0c105194        0x0 ../../BSP/Debug\libBSP.a(uart.o)
 .data          0x0c105194        0x0 ../../BSP/Debug\libBSP.a(uda1341ts.o)
 .data          0x0c105194        0x0 ../../BSP/Debug\libBSP.a(dma.o)
 .data          0x0c105194        0x0 ../../BSP/Debug\libBSP.a(l3.o)
 .data          0x0c105194        0x0 ../../BSP/Debug\libBSP.a(leds.o)
 .data          0x0c105194        0x0 c:/software/electronica/arm/eclipsearm/sourcery-g++-lite-arm-2011.03/bin/../lib/gcc/arm-none-eabi/4.5.2\libgcc.a(_udivsi3.o)
 .data          0x0c105194        0x0 c:/software/electronica/arm/eclipsearm/sourcery-g++-lite-arm-2011.03/bin/../lib/gcc/arm-none-eabi/4.5.2\libgcc.a(_dvmd_tls.o)
 .data          0x0c105194        0x0 c:/software/electronica/arm/eclipsearm/sourcery-g++-lite-arm-2011.03/bin/../lib/gcc/arm-none-eabi/4.5.2\libgcc.a(_aeabi_uldivmod.o)
 .data          0x0c105194        0x0 c:/software/electronica/arm/eclipsearm/sourcery-g++-lite-arm-2011.03/bin/../lib/gcc/arm-none-eabi/4.5.2\libgcc.a(bpabi.o)
 .data          0x0c105194        0x0 c:/software/electronica/arm/eclipsearm/sourcery-g++-lite-arm-2011.03/bin/../lib/gcc/arm-none-eabi/4.5.2\libgcc.a(_divdi3.o)
 .data          0x0c105194        0x0 c:/software/electronica/arm/eclipsearm/sourcery-g++-lite-arm-2011.03/bin/../lib/gcc/arm-none-eabi/4.5.2\libgcc.a(_udivdi3.o)
 .data          0x0c105194        0x0 c:/software/electronica/arm/eclipsearm/sourcery-g++-lite-arm-2011.03/bin/../lib/gcc/arm-none-eabi/4.5.2\libgcc.a(_clzsi2.o)

.bss            0x0c105194        0xf
 *(.bss)
 .bss           0x0c105194        0x0 ./lab9-wav.o
 .bss           0x0c105194        0x3 ../../BSP/Debug\libBSP.a(iis.o)
 .bss           0x0c105197        0x0 ../../BSP/Debug\libBSP.a(keypad.o)
 .bss           0x0c105197        0x0 ../../BSP/Debug\libBSP.a(pbs.o)
 .bss           0x0c105197        0x1 ../../BSP/Debug\libBSP.a(segs.o)
 .bss           0x0c105198        0x0 ../../BSP/Debug\libBSP.a(system.o)
 .bss           0x0c105198        0x8 ../../BSP/Debug\libBSP.a(timers.o)
 .bss           0x0c1051a0        0x0 ../../BSP/Debug\libBSP.a(uart.o)
 .bss           0x0c1051a0        0x2 ../../BSP/Debug\libBSP.a(uda1341ts.o)
 .bss           0x0c1051a2        0x0 ../../BSP/Debug\libBSP.a(dma.o)
 .bss           0x0c1051a2        0x0 ../../BSP/Debug\libBSP.a(l3.o)
 .bss           0x0c1051a2        0x0 ../../BSP/Debug\libBSP.a(leds.o)
 .bss           0x0c1051a2        0x0 c:/software/electronica/arm/eclipsearm/sourcery-g++-lite-arm-2011.03/bin/../lib/gcc/arm-none-eabi/4.5.2\libgcc.a(_udivsi3.o)
 .bss           0x0c1051a2        0x0 c:/software/electronica/arm/eclipsearm/sourcery-g++-lite-arm-2011.03/bin/../lib/gcc/arm-none-eabi/4.5.2\libgcc.a(_dvmd_tls.o)
 .bss           0x0c1051a2        0x0 c:/software/electronica/arm/eclipsearm/sourcery-g++-lite-arm-2011.03/bin/../lib/gcc/arm-none-eabi/4.5.2\libgcc.a(_aeabi_uldivmod.o)
 .bss           0x0c1051a2        0x0 c:/software/electronica/arm/eclipsearm/sourcery-g++-lite-arm-2011.03/bin/../lib/gcc/arm-none-eabi/4.5.2\libgcc.a(bpabi.o)
 .bss           0x0c1051a2        0x0 c:/software/electronica/arm/eclipsearm/sourcery-g++-lite-arm-2011.03/bin/../lib/gcc/arm-none-eabi/4.5.2\libgcc.a(_divdi3.o)
 .bss           0x0c1051a2        0x0 c:/software/electronica/arm/eclipsearm/sourcery-g++-lite-arm-2011.03/bin/../lib/gcc/arm-none-eabi/4.5.2\libgcc.a(_udivdi3.o)
 .bss           0x0c1051a2        0x0 c:/software/electronica/arm/eclipsearm/sourcery-g++-lite-arm-2011.03/bin/../lib/gcc/arm-none-eabi/4.5.2\libgcc.a(_clzsi2.o)
 COMMON         0x0c1051a2        0x1 ../../BSP/Debug\libBSP.a(leds.o)
                0x0c1051a2                status
                0x0c1051a3                end = .
OUTPUT(lab9-wav.elf elf32-littlearm)

.debug_abbrev   0x00000000      0x898
 .debug_abbrev  0x00000000       0x82 ./lab9-wav.o
 .debug_abbrev  0x00000082       0xd4 ../../BSP/Debug\libBSP.a(iis.o)
 .debug_abbrev  0x00000156       0xca ../../BSP/Debug\libBSP.a(keypad.o)
 .debug_abbrev  0x00000220       0xd2 ../../BSP/Debug\libBSP.a(pbs.o)
 .debug_abbrev  0x000002f2       0xb3 ../../BSP/Debug\libBSP.a(segs.o)
 .debug_abbrev  0x000003a5       0x89 ../../BSP/Debug\libBSP.a(system.o)
 .debug_abbrev  0x0000042e       0xdd ../../BSP/Debug\libBSP.a(timers.o)
 .debug_abbrev  0x0000050b       0xf4 ../../BSP/Debug\libBSP.a(uart.o)
 .debug_abbrev  0x000005ff       0xc2 ../../BSP/Debug\libBSP.a(uda1341ts.o)
 .debug_abbrev  0x000006c1       0x84 ../../BSP/Debug\libBSP.a(dma.o)
 .debug_abbrev  0x00000745       0xa4 ../../BSP/Debug\libBSP.a(l3.o)
 .debug_abbrev  0x000007e9       0xaf ../../BSP/Debug\libBSP.a(leds.o)

.debug_info     0x00000000     0x16f7
 .debug_info    0x00000000       0xd1 ./lab9-wav.o
 .debug_info    0x000000d1      0x2ad ../../BSP/Debug\libBSP.a(iis.o)
 .debug_info    0x0000037e      0x261 ../../BSP/Debug\libBSP.a(keypad.o)
 .debug_info    0x000005df      0x24e ../../BSP/Debug\libBSP.a(pbs.o)
 .debug_info    0x0000082d      0x10d ../../BSP/Debug\libBSP.a(segs.o)
 .debug_info    0x0000093a      0x390 ../../BSP/Debug\libBSP.a(system.o)
 .debug_info    0x00000cca      0x29d ../../BSP/Debug\libBSP.a(timers.o)
 .debug_info    0x00000f67      0x2b5 ../../BSP/Debug\libBSP.a(uart.o)
 .debug_info    0x0000121c      0x188 ../../BSP/Debug\libBSP.a(uda1341ts.o)
 .debug_info    0x000013a4       0xc7 ../../BSP/Debug\libBSP.a(dma.o)
 .debug_info    0x0000146b      0x13c ../../BSP/Debug\libBSP.a(l3.o)
 .debug_info    0x000015a7      0x150 ../../BSP/Debug\libBSP.a(leds.o)

.debug_line     0x00000000      0xcbb
 .debug_line    0x00000000      0x1a5 ./lab9-wav.o
 .debug_line    0x000001a5      0x129 ../../BSP/Debug\libBSP.a(iis.o)
 .debug_line    0x000002ce      0x146 ../../BSP/Debug\libBSP.a(keypad.o)
 .debug_line    0x00000414      0x117 ../../BSP/Debug\libBSP.a(pbs.o)
 .debug_line    0x0000052b       0x93 ../../BSP/Debug\libBSP.a(segs.o)
 .debug_line    0x000005be      0x1f6 ../../BSP/Debug\libBSP.a(system.o)
 .debug_line    0x000007b4      0x162 ../../BSP/Debug\libBSP.a(timers.o)
 .debug_line    0x00000916      0x11e ../../BSP/Debug\libBSP.a(uart.o)
 .debug_line    0x00000a34       0xa3 ../../BSP/Debug\libBSP.a(uda1341ts.o)
 .debug_line    0x00000ad7       0x92 ../../BSP/Debug\libBSP.a(dma.o)
 .debug_line    0x00000b69       0xbc ../../BSP/Debug\libBSP.a(l3.o)
 .debug_line    0x00000c25       0x96 ../../BSP/Debug\libBSP.a(leds.o)

.debug_macinfo  0x00000000    0x35e21
 .debug_macinfo
                0x00000000     0x4fc1 ./lab9-wav.o
 .debug_macinfo
                0x00004fc1     0x4c95 ../../BSP/Debug\libBSP.a(iis.o)
 .debug_macinfo
                0x00009c56     0x4e31 ../../BSP/Debug\libBSP.a(keypad.o)
 .debug_macinfo
                0x0000ea87     0x4d0b ../../BSP/Debug\libBSP.a(pbs.o)
 .debug_macinfo
                0x00013792     0x4c77 ../../BSP/Debug\libBSP.a(segs.o)
 .debug_macinfo
                0x00018409     0x530a ../../BSP/Debug\libBSP.a(system.o)
 .debug_macinfo
                0x0001d713     0x4c91 ../../BSP/Debug\libBSP.a(timers.o)
 .debug_macinfo
                0x000223a4     0x430d ../../BSP/Debug\libBSP.a(uart.o)
 .debug_macinfo
                0x000266b1     0x244e ../../BSP/Debug\libBSP.a(uda1341ts.o)
 .debug_macinfo
                0x00028aff     0x4c64 ../../BSP/Debug\libBSP.a(dma.o)
 .debug_macinfo
                0x0002d763     0x4392 ../../BSP/Debug\libBSP.a(l3.o)
 .debug_macinfo
                0x00031af5     0x432c ../../BSP/Debug\libBSP.a(leds.o)

.debug_loc      0x00000000     0x13c4
 .debug_loc     0x00000000       0x2c ./lab9-wav.o
 .debug_loc     0x0000002c      0x1b8 ../../BSP/Debug\libBSP.a(iis.o)
 .debug_loc     0x000001e4      0x210 ../../BSP/Debug\libBSP.a(keypad.o)
 .debug_loc     0x000003f4      0x210 ../../BSP/Debug\libBSP.a(pbs.o)
 .debug_loc     0x00000604       0xb0 ../../BSP/Debug\libBSP.a(segs.o)
 .debug_loc     0x000006b4      0x65c ../../BSP/Debug\libBSP.a(system.o)
 .debug_loc     0x00000d10      0x23c ../../BSP/Debug\libBSP.a(timers.o)
 .debug_loc     0x00000f4c      0x18c ../../BSP/Debug\libBSP.a(uart.o)
 .debug_loc     0x000010d8      0x134 ../../BSP/Debug\libBSP.a(uda1341ts.o)
 .debug_loc     0x0000120c       0x84 ../../BSP/Debug\libBSP.a(dma.o)
 .debug_loc     0x00001290       0x58 ../../BSP/Debug\libBSP.a(l3.o)
 .debug_loc     0x000012e8       0xdc ../../BSP/Debug\libBSP.a(leds.o)

.debug_pubnames
                0x00000000      0x88f
 .debug_pubnames
                0x00000000       0x1b ./lab9-wav.o
 .debug_pubnames
                0x0000001b       0x9e ../../BSP/Debug\libBSP.a(iis.o)
 .debug_pubnames
                0x000000b9      0x10e ../../BSP/Debug\libBSP.a(keypad.o)
 .debug_pubnames
                0x000001c7       0xe1 ../../BSP/Debug\libBSP.a(pbs.o)
 .debug_pubnames
                0x000002a8       0x4e ../../BSP/Debug\libBSP.a(segs.o)
 .debug_pubnames
                0x000002f6      0x29d ../../BSP/Debug\libBSP.a(system.o)
 .debug_pubnames
                0x00000593       0xee ../../BSP/Debug\libBSP.a(timers.o)
 .debug_pubnames
                0x00000681       0xa7 ../../BSP/Debug\libBSP.a(uart.o)
 .debug_pubnames
                0x00000728       0x9a ../../BSP/Debug\libBSP.a(uda1341ts.o)
 .debug_pubnames
                0x000007c2       0x40 ../../BSP/Debug\libBSP.a(dma.o)
 .debug_pubnames
                0x00000802       0x2d ../../BSP/Debug\libBSP.a(l3.o)
 .debug_pubnames
                0x0000082f       0x60 ../../BSP/Debug\libBSP.a(leds.o)

.debug_pubtypes
                0x00000000      0x208
 .debug_pubtypes
                0x00000000       0x32 ./lab9-wav.o
 .debug_pubtypes
                0x00000032       0x31 ../../BSP/Debug\libBSP.a(iis.o)
 .debug_pubtypes
                0x00000063       0x32 ../../BSP/Debug\libBSP.a(keypad.o)
 .debug_pubtypes
                0x00000095       0x32 ../../BSP/Debug\libBSP.a(pbs.o)
 .debug_pubtypes
                0x000000c7       0x1c ../../BSP/Debug\libBSP.a(segs.o)
 .debug_pubtypes
                0x000000e3       0x27 ../../BSP/Debug\libBSP.a(system.o)
 .debug_pubtypes
                0x0000010a       0x3d ../../BSP/Debug\libBSP.a(timers.o)
 .debug_pubtypes
                0x00000147       0x31 ../../BSP/Debug\libBSP.a(uart.o)
 .debug_pubtypes
                0x00000178       0x1c ../../BSP/Debug\libBSP.a(uda1341ts.o)
 .debug_pubtypes
                0x00000194       0x1d ../../BSP/Debug\libBSP.a(dma.o)
 .debug_pubtypes
                0x000001b1       0x30 ../../BSP/Debug\libBSP.a(l3.o)
 .debug_pubtypes
                0x000001e1       0x27 ../../BSP/Debug\libBSP.a(leds.o)

.debug_aranges  0x00000000      0x180
 .debug_aranges
                0x00000000       0x20 ./lab9-wav.o
 .debug_aranges
                0x00000020       0x20 ../../BSP/Debug\libBSP.a(iis.o)
 .debug_aranges
                0x00000040       0x20 ../../BSP/Debug\libBSP.a(keypad.o)
 .debug_aranges
                0x00000060       0x20 ../../BSP/Debug\libBSP.a(pbs.o)
 .debug_aranges
                0x00000080       0x20 ../../BSP/Debug\libBSP.a(segs.o)
 .debug_aranges
                0x000000a0       0x20 ../../BSP/Debug\libBSP.a(system.o)
 .debug_aranges
                0x000000c0       0x20 ../../BSP/Debug\libBSP.a(timers.o)
 .debug_aranges
                0x000000e0       0x20 ../../BSP/Debug\libBSP.a(uart.o)
 .debug_aranges
                0x00000100       0x20 ../../BSP/Debug\libBSP.a(uda1341ts.o)
 .debug_aranges
                0x00000120       0x20 ../../BSP/Debug\libBSP.a(dma.o)
 .debug_aranges
                0x00000140       0x20 ../../BSP/Debug\libBSP.a(l3.o)
 .debug_aranges
                0x00000160       0x20 ../../BSP/Debug\libBSP.a(leds.o)

.debug_str      0x00000000      0x84b
 .debug_str     0x00000000       0xb6 ./lab9-wav.o
                                 0xd5 (size before relaxing)
 .debug_str     0x000000b6       0xd4 ../../BSP/Debug\libBSP.a(iis.o)
                                0x164 (size before relaxing)
 .debug_str     0x0000018a       0xec ../../BSP/Debug\libBSP.a(keypad.o)
                                0x19b (size before relaxing)
 .debug_str     0x00000276       0xac ../../BSP/Debug\libBSP.a(pbs.o)
                                0x16b (size before relaxing)
 .debug_str     0x00000322       0x49 ../../BSP/Debug\libBSP.a(segs.o)
                                 0xea (size before relaxing)
 .debug_str     0x0000036b      0x234 ../../BSP/Debug\libBSP.a(system.o)
                                0x2e5 (size before relaxing)
 .debug_str     0x0000059f       0xe0 ../../BSP/Debug\libBSP.a(timers.o)
                                0x194 (size before relaxing)
 .debug_str     0x0000067f       0xa2 ../../BSP/Debug\libBSP.a(uart.o)
                                0x155 (size before relaxing)
 .debug_str     0x00000721       0x90 ../../BSP/Debug\libBSP.a(uda1341ts.o)
                                0x137 (size before relaxing)
 .debug_str     0x000007b1       0x2f ../../BSP/Debug\libBSP.a(dma.o)
                                 0xd1 (size before relaxing)
 .debug_str     0x000007e0       0x2e ../../BSP/Debug\libBSP.a(l3.o)
                                 0xe0 (size before relaxing)
 .debug_str     0x0000080e       0x3d ../../BSP/Debug\libBSP.a(leds.o)
                                 0xec (size before relaxing)

.comment        0x00000000       0x2a
 .comment       0x00000000       0x2a ./lab9-wav.o
                                 0x2b (size before relaxing)
 .comment       0x00000000       0x2b ../../BSP/Debug\libBSP.a(iis.o)
 .comment       0x00000000       0x2b ../../BSP/Debug\libBSP.a(keypad.o)
 .comment       0x00000000       0x2b ../../BSP/Debug\libBSP.a(pbs.o)
 .comment       0x00000000       0x2b ../../BSP/Debug\libBSP.a(segs.o)
 .comment       0x00000000       0x2b ../../BSP/Debug\libBSP.a(system.o)
 .comment       0x00000000       0x2b ../../BSP/Debug\libBSP.a(timers.o)
 .comment       0x00000000       0x2b ../../BSP/Debug\libBSP.a(uart.o)
 .comment       0x00000000       0x2b ../../BSP/Debug\libBSP.a(uda1341ts.o)
 .comment       0x00000000       0x2b ../../BSP/Debug\libBSP.a(dma.o)
 .comment       0x00000000       0x2b ../../BSP/Debug\libBSP.a(l3.o)
 .comment       0x00000000       0x2b ../../BSP/Debug\libBSP.a(leds.o)

.ARM.attributes
                0x00000000       0x32
 .ARM.attributes
                0x00000000       0x32 ./lab9-wav.o
 .ARM.attributes
                0x00000032       0x32 ../../BSP/Debug\libBSP.a(iis.o)
 .ARM.attributes
                0x00000064       0x32 ../../BSP/Debug\libBSP.a(keypad.o)
 .ARM.attributes
                0x00000096       0x32 ../../BSP/Debug\libBSP.a(pbs.o)
 .ARM.attributes
                0x000000c8       0x32 ../../BSP/Debug\libBSP.a(segs.o)
 .ARM.attributes
                0x000000fa       0x32 ../../BSP/Debug\libBSP.a(system.o)
 .ARM.attributes
                0x0000012c       0x32 ../../BSP/Debug\libBSP.a(timers.o)
 .ARM.attributes
                0x0000015e       0x32 ../../BSP/Debug\libBSP.a(uart.o)
 .ARM.attributes
                0x00000190       0x32 ../../BSP/Debug\libBSP.a(uda1341ts.o)
 .ARM.attributes
                0x000001c2       0x32 ../../BSP/Debug\libBSP.a(dma.o)
 .ARM.attributes
                0x000001f4       0x32 ../../BSP/Debug\libBSP.a(l3.o)
 .ARM.attributes
                0x00000226       0x32 ../../BSP/Debug\libBSP.a(leds.o)
 .ARM.attributes
                0x00000258       0x1a c:/software/electronica/arm/eclipsearm/sourcery-g++-lite-arm-2011.03/bin/../lib/gcc/arm-none-eabi/4.5.2\libgcc.a(_udivsi3.o)
 .ARM.attributes
                0x00000272       0x18 c:/software/electronica/arm/eclipsearm/sourcery-g++-lite-arm-2011.03/bin/../lib/gcc/arm-none-eabi/4.5.2\libgcc.a(_dvmd_tls.o)
 .ARM.attributes
                0x0000028a       0x1a c:/software/electronica/arm/eclipsearm/sourcery-g++-lite-arm-2011.03/bin/../lib/gcc/arm-none-eabi/4.5.2\libgcc.a(_aeabi_uldivmod.o)
 .ARM.attributes
                0x000002a4       0x34 c:/software/electronica/arm/eclipsearm/sourcery-g++-lite-arm-2011.03/bin/../lib/gcc/arm-none-eabi/4.5.2\libgcc.a(bpabi.o)
 .ARM.attributes
                0x000002d8       0x34 c:/software/electronica/arm/eclipsearm/sourcery-g++-lite-arm-2011.03/bin/../lib/gcc/arm-none-eabi/4.5.2\libgcc.a(_divdi3.o)
 .ARM.attributes
                0x0000030c       0x34 c:/software/electronica/arm/eclipsearm/sourcery-g++-lite-arm-2011.03/bin/../lib/gcc/arm-none-eabi/4.5.2\libgcc.a(_udivdi3.o)
 .ARM.attributes
                0x00000340       0x1a c:/software/electronica/arm/eclipsearm/sourcery-g++-lite-arm-2011.03/bin/../lib/gcc/arm-none-eabi/4.5.2\libgcc.a(_clzsi2.o)

.debug_frame    0x00000000     0x119c
 .debug_frame   0x00000000       0x30 ./lab9-wav.o
 .debug_frame   0x00000030      0x158 ../../BSP/Debug\libBSP.a(iis.o)
 .debug_frame   0x00000188      0x190 ../../BSP/Debug\libBSP.a(keypad.o)
 .debug_frame   0x00000318      0x190 ../../BSP/Debug\libBSP.a(pbs.o)
 .debug_frame   0x000004a8       0x90 ../../BSP/Debug\libBSP.a(segs.o)
 .debug_frame   0x00000538      0x630 ../../BSP/Debug\libBSP.a(system.o)
 .debug_frame   0x00000b68      0x1b8 ../../BSP/Debug\libBSP.a(timers.o)
 .debug_frame   0x00000d20      0x134 ../../BSP/Debug\libBSP.a(uart.o)
 .debug_frame   0x00000e54       0xf0 ../../BSP/Debug\libBSP.a(uda1341ts.o)
 .debug_frame   0x00000f44       0x70 ../../BSP/Debug\libBSP.a(dma.o)
 .debug_frame   0x00000fb4       0x50 ../../BSP/Debug\libBSP.a(l3.o)
 .debug_frame   0x00001004       0xb0 ../../BSP/Debug\libBSP.a(leds.o)
 .debug_frame   0x000010b4       0x20 c:/software/electronica/arm/eclipsearm/sourcery-g++-lite-arm-2011.03/bin/../lib/gcc/arm-none-eabi/4.5.2\libgcc.a(_udivsi3.o)
 .debug_frame   0x000010d4       0x50 c:/software/electronica/arm/eclipsearm/sourcery-g++-lite-arm-2011.03/bin/../lib/gcc/arm-none-eabi/4.5.2\libgcc.a(bpabi.o)
 .debug_frame   0x00001124       0x3c c:/software/electronica/arm/eclipsearm/sourcery-g++-lite-arm-2011.03/bin/../lib/gcc/arm-none-eabi/4.5.2\libgcc.a(_divdi3.o)
 .debug_frame   0x00001160       0x3c c:/software/electronica/arm/eclipsearm/sourcery-g++-lite-arm-2011.03/bin/../lib/gcc/arm-none-eabi/4.5.2\libgcc.a(_udivdi3.o)
