Archive member included because of file (symbol)

../../BSP/Debug\libBSP.a(iis.o)
                              ./proyecto.o (iis_init)
../../BSP/Debug\libBSP.a(keypad.o)
                              ./eventGenerator.o (keypad_init)
../../BSP/Debug\libBSP.a(lcd.o)
                              ./proyecto.o (lcd_init)
../../BSP/Debug\libBSP.a(leds.o)
                              ./eventGenerator.o (leds_init)
../../BSP/Debug\libBSP.a(rtc.o)
                              ./proyecto.o (rtc_init)
../../BSP/Debug\libBSP.a(segs.o)
                              ./eventGenerator.o (segs_init)
../../BSP/Debug\libBSP.a(system.o)
                              ./proyecto.o (sys_init)
../../BSP/Debug\libBSP.a(timers.o)
                              ./eventGenerator.o (timers_init)
../../BSP/Debug\libBSP.a(uart.o)
                              ./proyecto.o (uart0_init)
../../BSP/Debug\libBSP.a(uda1341ts.o)
                              ./proyecto.o (uda1341ts_init)
../../BSP/Debug\libBSP.a(dma.o)
                              ../../BSP/Debug\libBSP.a(iis.o) (bdma0_init)
../../BSP/Debug\libBSP.a(font8x16.o)
                              ../../BSP/Debug\libBSP.a(lcd.o) (font)
../../BSP/Debug\libBSP.a(l3.o)
                              ../../BSP/Debug\libBSP.a(uda1341ts.o) (L3_init)
c:/software/electronica/arm/eclipsearm/sourcery-g++-lite-arm-2011.03/bin/../lib/gcc/arm-none-eabi/4.5.2\libgcc.a(_udivsi3.o)
                              ../../BSP/Debug\libBSP.a(timers.o) (__aeabi_uidiv)
c:/software/electronica/arm/eclipsearm/sourcery-g++-lite-arm-2011.03/bin/../lib/gcc/arm-none-eabi/4.5.2\libgcc.a(_dvmd_tls.o)
                              c:/software/electronica/arm/eclipsearm/sourcery-g++-lite-arm-2011.03/bin/../lib/gcc/arm-none-eabi/4.5.2\libgcc.a(_udivsi3.o) (__aeabi_idiv0)
c:/software/electronica/arm/eclipsearm/sourcery-g++-lite-arm-2011.03/bin/../lib/gcc/arm-none-eabi/4.5.2\libgcc.a(_aeabi_uldivmod.o)
                              ../../BSP/Debug\libBSP.a(timers.o) (__aeabi_uldivmod)
c:/software/electronica/arm/eclipsearm/sourcery-g++-lite-arm-2011.03/bin/../lib/gcc/arm-none-eabi/4.5.2\libgcc.a(bpabi.o)
                              c:/software/electronica/arm/eclipsearm/sourcery-g++-lite-arm-2011.03/bin/../lib/gcc/arm-none-eabi/4.5.2\libgcc.a(_aeabi_uldivmod.o) (__gnu_uldivmod_helper)
c:/software/electronica/arm/eclipsearm/sourcery-g++-lite-arm-2011.03/bin/../lib/gcc/arm-none-eabi/4.5.2\libgcc.a(_divdi3.o)
                              c:/software/electronica/arm/eclipsearm/sourcery-g++-lite-arm-2011.03/bin/../lib/gcc/arm-none-eabi/4.5.2\libgcc.a(bpabi.o) (__divdi3)
c:/software/electronica/arm/eclipsearm/sourcery-g++-lite-arm-2011.03/bin/../lib/gcc/arm-none-eabi/4.5.2\libgcc.a(_udivdi3.o)
                              c:/software/electronica/arm/eclipsearm/sourcery-g++-lite-arm-2011.03/bin/../lib/gcc/arm-none-eabi/4.5.2\libgcc.a(bpabi.o) (__udivdi3)
c:/software/electronica/arm/eclipsearm/sourcery-g++-lite-arm-2011.03/bin/../lib/gcc/arm-none-eabi/4.5.2\libgcc.a(_clzsi2.o)
                              c:/software/electronica/arm/eclipsearm/sourcery-g++-lite-arm-2011.03/bin/../lib/gcc/arm-none-eabi/4.5.2\libgcc.a(_divdi3.o) (__clzsi2)
c:/software/electronica/arm/eclipsearm/sourcery-g++-lite-arm-2011.03/bin/../lib/gcc/arm-none-eabi/4.5.2/../../../../arm-none-eabi/lib\libc.a(lib_a-memcpy.o)
                              ./eventGenerator.o (memcpy)

Allocating common symbols
Common symbol       size              file

publi               0x1               ./proyecto.o
status              0x1               ../../BSP/Debug\libBSP.a(leds.o)

Memory Configuration

Name             Origin             Length             Attributes
*default*        0x00000000         0xffffffff

Linker script and memory map

LOAD ./eventGenerator.o
LOAD ./proyecto.o
LOAD ../../BSP/Debug\libBSP.a
START GROUP
LOAD c:/software/electronica/arm/eclipsearm/sourcery-g++-lite-arm-2011.03/bin/../lib/gcc/arm-none-eabi/4.5.2\libgcc.a
LOAD c:/software/electronica/arm/eclipsearm/sourcery-g++-lite-arm-2011.03/bin/../lib/gcc/arm-none-eabi/4.5.2/../../../../arm-none-eabi/lib\libc.a
END GROUP
                0x0c100000                . = 0xc100000
                0x0c100000                _image_start = .
                0x0c100000                _code_start = .

.text           0x0c100000     0x6ea0
 *(.text)
 .text          0x0c100000      0x85c ./eventGenerator.o
                0x0c100000                any_event
                0x0c100034                get_event
                0x0c100454                eventGenerator_init
 .text          0x0c10085c      0xd6c ./proyecto.o
                0x0c10085c                main
                0x0c100f08                audios
                0x0c101070                cajafree
                0x0c1010f0                pintar_Menu
                0x0c1012c8                mensaje
                0x0c101404                pintar_Cajas
 .text          0x0c1015c8      0x704 ../../BSP/Debug\libBSP.a(iis.o)
                0x0c1015c8                iis_init
                0x0c101734                iis_putSample
                0x0c10179c                iis_getSample
                0x0c101810                iis_play
                0x0c1019a8                iis_rec
                0x0c101b1c                iis_pause
                0x0c101b5c                iis_continue
                0x0c101b9c                iis_status
                0x0c101bc4                iis_playwawFile
 .text          0x0c101ccc      0x5b8 ../../BSP/Debug\libBSP.a(keypad.o)
                0x0c101ccc                keypad_init
                0x0c101ce8                keypad_scan
                0x0c101f0c                keypad_status
                0x0c101f60                keypad_wait_keydown
                0x0c101fdc                keypad_wait_keyup
                0x0c102020                keypad_wait_any_keydown
                0x0c10204c                keypad_wait_any_keyup
                0x0c10207c                keypad_getchar
                0x0c1020cc                keypad_getchartime
                0x0c102168                keypad_timeout_getchar
                0x0c1021d8                keypad_open
                0x0c102240                keypad_close
 .text          0x0c102284     0x1248 ../../BSP/Debug\libBSP.a(lcd.o)
                0x0c102284                lcd_init
                0x0c102408                lcd_on
                0x0c102444                lcd_off
                0x0c102480                lcd_status
                0x0c1024a8                lcd_clear
                0x0c102508                lcd_putpixel
                0x0c1025f4                lcd_getpixel
                0x0c1026c0                lcd_draw_hline
                0x0c102768                lcd_draw_vline
                0x0c102810                lcd_draw_box
                0x0c1028bc                lcd_putchar
                0x0c102a10                lcd_puts
                0x0c102a9c                lcd_putint
                0x0c102bc8                lcd_puthex
                0x0c102ca8                lcd_putchar_x2
                0x0c1030d8                lcd_puts_x2
                0x0c103164                lcd_putint_x2
                0x0c103290                lcd_puthex_x2
                0x0c103370                lcd_putWallpaper
 .text          0x0c1034cc      0x224 ../../BSP/Debug\libBSP.a(leds.o)
                0x0c1034cc                leds_init
                0x0c1034fc                led_on
                0x0c103568                led_off
                0x0c1035d4                led_toggle
                0x0c103640                led_status
 .text          0x0c1036f0      0x934 ../../BSP/Debug\libBSP.a(rtc.o)
                0x0c1036f0                rtc_init
                0x0c103838                rtc_puttime
                0x0c103af0                rtc_gettime
                0x0c103f58                rtc_open
                0x0c103fd0                rtc_close
 .text          0x0c104024       0xd4 ../../BSP/Debug\libBSP.a(segs.o)
                0x0c104024                segs_init
                0x0c104040                segs_off
                0x0c104078                segs_putchar
                0x0c1040d0                segs_status
 .text          0x0c1040f8      0xb70 ../../BSP/Debug\libBSP.a(system.o)
                0x0c1040f8                sys_init
                0x0c104658                isr_SWI_dummy
                0x0c104684                isr_UNDEF_dummy
                0x0c1046b0                isr_IRQ_dummy
                0x0c1046dc                isr_FIQ_dummy
                0x0c104708                isr_PABORT_dummy
                0x0c104734                isr_DABORT_dummy
                0x0c104760                isr_ADC_dummy
                0x0c10478c                isr_RTC_dummy
                0x0c1047b8                isr_UTXD1_dummy
                0x0c1047e4                isr_UTXD0_dummy
                0x0c104810                isr_SIO_dummy
                0x0c10483c                isr_IIC_dummy
                0x0c104868                isr_URXD1_dummy
                0x0c104894                isr_URXD0_dummy
                0x0c1048c0                isr_TIMER5_dummy
                0x0c1048ec                isr_TIMER4_dummy
                0x0c104918                isr_TIMER3_dummy
                0x0c104944                isr_TIMER2_dummy
                0x0c104970                isr_TIMER1_dummy
                0x0c10499c                isr_TIMER0_dummy
                0x0c1049c8                isr_UERR01_dummy
                0x0c1049f4                isr_WDT_dummy
                0x0c104a20                isr_BDMA1_dummy
                0x0c104a4c                isr_BDMA0_dummy
                0x0c104a78                isr_ZDMA1_dummy
                0x0c104aa4                isr_ZDMA0_dummy
                0x0c104ad0                isr_TICK_dummy
                0x0c104afc                isr_PB_dummy
                0x0c104b28                isr_ETHERNET_dummy
                0x0c104b54                isr_TS_dummy
                0x0c104b80                isr_KEYPAD_dummy
                0x0c104bac                isr_USB_dummy
                0x0c104c38                sleep
 .text          0x0c104c68      0x9cc ../../BSP/Debug\libBSP.a(timers.o)
                0x0c104c68                timers_init
                0x0c104e28                timer3_delay_ms
                0x0c104efc                sw_delay_ms
                0x0c104f54                timer3_delay_s
                0x0c105010                sw_delay_s
                0x0c105068                timer3_start
                0x0c105118                timer3_stop
                0x0c10516c                timer3_start_timeout
                0x0c105224                timer3_timeout
                0x0c105260                timer0_open_tick
                0x0c10549c                timer0_open_ms
                0x0c1055a0                timer0_close
 .text          0x0c105634      0x6a8 ../../BSP/Debug\libBSP.a(uart.o)
                0x0c105634                uart0_init
                0x0c105698                uart0_putchar
                0x0c1056e8                uart0_getchar
                0x0c105730                uart0_puts
                0x0c105798                uart0_putint
                0x0c1058a4                uart0_puthex
                0x0c10595c                uart0_gets
                0x0c1059f0                uart0_getint
                0x0c105afc                uart0_gethex
 .text          0x0c105cdc      0x284 ../../BSP/Debug\libBSP.a(uda1341ts.o)
                0x0c105cdc                uda1341ts_init
                0x0c105d58                uda1341ts_mute
                0x0c105db0                uda1341ts_on
                0x0c105e20                uda1341ts_off
                0x0c105ea0                uda1341ts_status
                0x0c105ed4                uda1341ts_setvol
                0x0c105f38                uda1341ts_getvol
 .text          0x0c105f60       0xf4 ../../BSP/Debug\libBSP.a(dma.o)
                0x0c105f60                bdma0_init
                0x0c105fb4                bdma0_open
                0x0c106010                bdma0_close
 .text          0x0c106054        0x0 ../../BSP/Debug\libBSP.a(font8x16.o)
 .text          0x0c106054      0x194 ../../BSP/Debug\libBSP.a(l3.o)
                0x0c106054                L3_init
                0x0c10607c                L3_putByte
 .text          0x0c1061e8      0x114 c:/software/electronica/arm/eclipsearm/sourcery-g++-lite-arm-2011.03/bin/../lib/gcc/arm-none-eabi/4.5.2\libgcc.a(_udivsi3.o)
                0x0c1061e8                __aeabi_uidiv
                0x0c1061e8                __udivsi3
                0x0c1062dc                __aeabi_uidivmod
 .text          0x0c1062fc        0x4 c:/software/electronica/arm/eclipsearm/sourcery-g++-lite-arm-2011.03/bin/../lib/gcc/arm-none-eabi/4.5.2\libgcc.a(_dvmd_tls.o)
                0x0c1062fc                __aeabi_idiv0
                0x0c1062fc                __aeabi_ldiv0
 .text          0x0c106300       0x3c c:/software/electronica/arm/eclipsearm/sourcery-g++-lite-arm-2011.03/bin/../lib/gcc/arm-none-eabi/4.5.2\libgcc.a(_aeabi_uldivmod.o)
                0x0c106300                __aeabi_uldivmod
 .text          0x0c10633c       0x80 c:/software/electronica/arm/eclipsearm/sourcery-g++-lite-arm-2011.03/bin/../lib/gcc/arm-none-eabi/4.5.2\libgcc.a(bpabi.o)
                0x0c10633c                __gnu_ldivmod_helper
                0x0c10637c                __gnu_uldivmod_helper
 .text          0x0c1063bc      0x4a8 c:/software/electronica/arm/eclipsearm/sourcery-g++-lite-arm-2011.03/bin/../lib/gcc/arm-none-eabi/4.5.2\libgcc.a(_divdi3.o)
                0x0c1063bc                __divdi3
 .text          0x0c106864      0x434 c:/software/electronica/arm/eclipsearm/sourcery-g++-lite-arm-2011.03/bin/../lib/gcc/arm-none-eabi/4.5.2\libgcc.a(_udivdi3.o)
                0x0c106864                __udivdi3
 .text          0x0c106c98       0x48 c:/software/electronica/arm/eclipsearm/sourcery-g++-lite-arm-2011.03/bin/../lib/gcc/arm-none-eabi/4.5.2\libgcc.a(_clzsi2.o)
                0x0c106c98                __clzsi2
 .text          0x0c106ce0      0x1c0 c:/software/electronica/arm/eclipsearm/sourcery-g++-lite-arm-2011.03/bin/../lib/gcc/arm-none-eabi/4.5.2/../../../../arm-none-eabi/lib\libc.a(lib_a-memcpy.o)
                0x0c106ce0                memcpy
                0x0c106ea0                _code_end = .
                0x00006ea0                _code_size = SIZEOF (.text)
                0x0c106ea0                _data_start = .

.glue_7         0x0c106ea0        0x0
 .glue_7        0x00000000        0x0 linker stubs

.glue_7t        0x0c106ea0        0x0
 .glue_7t       0x00000000        0x0 linker stubs

.vfp11_veneer   0x0c106ea0        0x0
 .vfp11_veneer  0x00000000        0x0 linker stubs

.v4_bx          0x0c106ea0        0x0
 .v4_bx         0x00000000        0x0 linker stubs

.rodata         0x0c106ea0     0x1958
 *(.rodata)
 .rodata        0x0c106ea0      0x300 ./proyecto.o
 .rodata        0x0c1071a0       0x10 ../../BSP/Debug\libBSP.a(segs.o)
 .rodata        0x0c1071b0      0x648 ../../BSP/Debug\libBSP.a(system.o)
 .rodata        0x0c1077f8     0x1000 ../../BSP/Debug\libBSP.a(font8x16.o)
                0x0c1077f8                font

.ARM.extab      0x0c1087f8        0x0
 .ARM.extab     0x0c1087f8        0x0 c:/software/electronica/arm/eclipsearm/sourcery-g++-lite-arm-2011.03/bin/../lib/gcc/arm-none-eabi/4.5.2\libgcc.a(_divdi3.o)
 .ARM.extab     0x0c1087f8        0x0 c:/software/electronica/arm/eclipsearm/sourcery-g++-lite-arm-2011.03/bin/../lib/gcc/arm-none-eabi/4.5.2\libgcc.a(_udivdi3.o)

.ARM.exidx      0x0c1087f8        0x8
 .ARM.exidx     0x0c1087f8        0x8 c:/software/electronica/arm/eclipsearm/sourcery-g++-lite-arm-2011.03/bin/../lib/gcc/arm-none-eabi/4.5.2\libgcc.a(_divdi3.o)
 .ARM.exidx     0x0c108800        0x0 c:/software/electronica/arm/eclipsearm/sourcery-g++-lite-arm-2011.03/bin/../lib/gcc/arm-none-eabi/4.5.2\libgcc.a(_udivdi3.o)
                                  0x8 (size before relaxing)

.data           0x0c108800       0x10
 *(.data)
 .data          0x0c108800        0x0 ./eventGenerator.o
 .data          0x0c108800       0x10 ./proyecto.o
                0x0c108800                publicidad
                0x0c108804                numCajas
                0x0c108808                TIEMPOCAJA
 .data          0x0c108810        0x0 ../../BSP/Debug\libBSP.a(iis.o)
 .data          0x0c108810        0x0 ../../BSP/Debug\libBSP.a(keypad.o)
 .data          0x0c108810        0x0 ../../BSP/Debug\libBSP.a(lcd.o)
 .data          0x0c108810        0x0 ../../BSP/Debug\libBSP.a(leds.o)
 .data          0x0c108810        0x0 ../../BSP/Debug\libBSP.a(rtc.o)
 .data          0x0c108810        0x0 ../../BSP/Debug\libBSP.a(segs.o)
 .data          0x0c108810        0x0 ../../BSP/Debug\libBSP.a(system.o)
 .data          0x0c108810        0x0 ../../BSP/Debug\libBSP.a(timers.o)
 .data          0x0c108810        0x0 ../../BSP/Debug\libBSP.a(uart.o)
 .data          0x0c108810        0x0 ../../BSP/Debug\libBSP.a(uda1341ts.o)
 .data          0x0c108810        0x0 ../../BSP/Debug\libBSP.a(dma.o)
 .data          0x0c108810        0x0 ../../BSP/Debug\libBSP.a(font8x16.o)
 .data          0x0c108810        0x0 ../../BSP/Debug\libBSP.a(l3.o)
 .data          0x0c108810        0x0 c:/software/electronica/arm/eclipsearm/sourcery-g++-lite-arm-2011.03/bin/../lib/gcc/arm-none-eabi/4.5.2\libgcc.a(_udivsi3.o)
 .data          0x0c108810        0x0 c:/software/electronica/arm/eclipsearm/sourcery-g++-lite-arm-2011.03/bin/../lib/gcc/arm-none-eabi/4.5.2\libgcc.a(_dvmd_tls.o)
 .data          0x0c108810        0x0 c:/software/electronica/arm/eclipsearm/sourcery-g++-lite-arm-2011.03/bin/../lib/gcc/arm-none-eabi/4.5.2\libgcc.a(_aeabi_uldivmod.o)
 .data          0x0c108810        0x0 c:/software/electronica/arm/eclipsearm/sourcery-g++-lite-arm-2011.03/bin/../lib/gcc/arm-none-eabi/4.5.2\libgcc.a(bpabi.o)
 .data          0x0c108810        0x0 c:/software/electronica/arm/eclipsearm/sourcery-g++-lite-arm-2011.03/bin/../lib/gcc/arm-none-eabi/4.5.2\libgcc.a(_divdi3.o)
 .data          0x0c108810        0x0 c:/software/electronica/arm/eclipsearm/sourcery-g++-lite-arm-2011.03/bin/../lib/gcc/arm-none-eabi/4.5.2\libgcc.a(_udivdi3.o)
 .data          0x0c108810        0x0 c:/software/electronica/arm/eclipsearm/sourcery-g++-lite-arm-2011.03/bin/../lib/gcc/arm-none-eabi/4.5.2\libgcc.a(_clzsi2.o)
 .data          0x0c108810        0x0 c:/software/electronica/arm/eclipsearm/sourcery-g++-lite-arm-2011.03/bin/../lib/gcc/arm-none-eabi/4.5.2/../../../../arm-none-eabi/lib\libc.a(lib_a-memcpy.o)

.bss            0x0c108810     0x9f2c
 *(.bss)
 .bss           0x0c108810      0x914 ./eventGenerator.o
 .bss           0x0c109124        0x0 ./proyecto.o
 .bss           0x0c109124        0x3 ../../BSP/Debug\libBSP.a(iis.o)
 .bss           0x0c109127        0x0 ../../BSP/Debug\libBSP.a(keypad.o)
 *fill*         0x0c109127        0x1 00
 .bss           0x0c109128     0x9604 ../../BSP/Debug\libBSP.a(lcd.o)
 .bss           0x0c11272c        0x0 ../../BSP/Debug\libBSP.a(leds.o)
 .bss           0x0c11272c        0x0 ../../BSP/Debug\libBSP.a(rtc.o)
 .bss           0x0c11272c        0x1 ../../BSP/Debug\libBSP.a(segs.o)
 .bss           0x0c11272d        0x0 ../../BSP/Debug\libBSP.a(system.o)
 *fill*         0x0c11272d        0x3 00
 .bss           0x0c112730        0x8 ../../BSP/Debug\libBSP.a(timers.o)
 .bss           0x0c112738        0x0 ../../BSP/Debug\libBSP.a(uart.o)
 .bss           0x0c112738        0x2 ../../BSP/Debug\libBSP.a(uda1341ts.o)
 .bss           0x0c11273a        0x0 ../../BSP/Debug\libBSP.a(dma.o)
 .bss           0x0c11273a        0x0 ../../BSP/Debug\libBSP.a(font8x16.o)
 .bss           0x0c11273a        0x0 ../../BSP/Debug\libBSP.a(l3.o)
 .bss           0x0c11273a        0x0 c:/software/electronica/arm/eclipsearm/sourcery-g++-lite-arm-2011.03/bin/../lib/gcc/arm-none-eabi/4.5.2\libgcc.a(_udivsi3.o)
 .bss           0x0c11273a        0x0 c:/software/electronica/arm/eclipsearm/sourcery-g++-lite-arm-2011.03/bin/../lib/gcc/arm-none-eabi/4.5.2\libgcc.a(_dvmd_tls.o)
 .bss           0x0c11273a        0x0 c:/software/electronica/arm/eclipsearm/sourcery-g++-lite-arm-2011.03/bin/../lib/gcc/arm-none-eabi/4.5.2\libgcc.a(_aeabi_uldivmod.o)
 .bss           0x0c11273a        0x0 c:/software/electronica/arm/eclipsearm/sourcery-g++-lite-arm-2011.03/bin/../lib/gcc/arm-none-eabi/4.5.2\libgcc.a(bpabi.o)
 .bss           0x0c11273a        0x0 c:/software/electronica/arm/eclipsearm/sourcery-g++-lite-arm-2011.03/bin/../lib/gcc/arm-none-eabi/4.5.2\libgcc.a(_divdi3.o)
 .bss           0x0c11273a        0x0 c:/software/electronica/arm/eclipsearm/sourcery-g++-lite-arm-2011.03/bin/../lib/gcc/arm-none-eabi/4.5.2\libgcc.a(_udivdi3.o)
 .bss           0x0c11273a        0x0 c:/software/electronica/arm/eclipsearm/sourcery-g++-lite-arm-2011.03/bin/../lib/gcc/arm-none-eabi/4.5.2\libgcc.a(_clzsi2.o)
 .bss           0x0c11273a        0x0 c:/software/electronica/arm/eclipsearm/sourcery-g++-lite-arm-2011.03/bin/../lib/gcc/arm-none-eabi/4.5.2/../../../../arm-none-eabi/lib\libc.a(lib_a-memcpy.o)
 COMMON         0x0c11273a        0x1 ./proyecto.o
                0x0c11273a                publi
 COMMON         0x0c11273b        0x1 ../../BSP/Debug\libBSP.a(leds.o)
                0x0c11273b                status
                0x0c11273c                _data_end = .
                0x0000b894                _data_size = ((SIZEOF (.rodata) + SIZEOF (.data)) + SIZEOF (.bss))
                0x00012734                _total_size = (_code_size + _data_size)
                0x0c11273c                _image_end = .
                0x0c11273c                end = .
OUTPUT(proyecto.elf elf32-littlearm)

.debug_abbrev   0x00000000      0xc3e
 .debug_abbrev  0x00000000      0x140 ./eventGenerator.o
 .debug_abbrev  0x00000140      0x13b ./proyecto.o
 .debug_abbrev  0x0000027b       0xd4 ../../BSP/Debug\libBSP.a(iis.o)
 .debug_abbrev  0x0000034f       0xca ../../BSP/Debug\libBSP.a(keypad.o)
 .debug_abbrev  0x00000419      0x15e ../../BSP/Debug\libBSP.a(lcd.o)
 .debug_abbrev  0x00000577       0xaf ../../BSP/Debug\libBSP.a(leds.o)
 .debug_abbrev  0x00000626       0xbe ../../BSP/Debug\libBSP.a(rtc.o)
 .debug_abbrev  0x000006e4       0xb3 ../../BSP/Debug\libBSP.a(segs.o)
 .debug_abbrev  0x00000797       0x89 ../../BSP/Debug\libBSP.a(system.o)
 .debug_abbrev  0x00000820       0xdd ../../BSP/Debug\libBSP.a(timers.o)
 .debug_abbrev  0x000008fd       0xf4 ../../BSP/Debug\libBSP.a(uart.o)
 .debug_abbrev  0x000009f1       0xc2 ../../BSP/Debug\libBSP.a(uda1341ts.o)
 .debug_abbrev  0x00000ab3       0x84 ../../BSP/Debug\libBSP.a(dma.o)
 .debug_abbrev  0x00000b37       0x63 ../../BSP/Debug\libBSP.a(font8x16.o)
 .debug_abbrev  0x00000b9a       0xa4 ../../BSP/Debug\libBSP.a(l3.o)

.debug_info     0x00000000     0x2454
 .debug_info    0x00000000      0x330 ./eventGenerator.o
 .debug_info    0x00000330      0x350 ./proyecto.o
 .debug_info    0x00000680      0x2ad ../../BSP/Debug\libBSP.a(iis.o)
 .debug_info    0x0000092d      0x261 ../../BSP/Debug\libBSP.a(keypad.o)
 .debug_info    0x00000b8e      0x7bb ../../BSP/Debug\libBSP.a(lcd.o)
 .debug_info    0x00001349      0x150 ../../BSP/Debug\libBSP.a(leds.o)
 .debug_info    0x00001499      0x1ac ../../BSP/Debug\libBSP.a(rtc.o)
 .debug_info    0x00001645      0x10d ../../BSP/Debug\libBSP.a(segs.o)
 .debug_info    0x00001752      0x390 ../../BSP/Debug\libBSP.a(system.o)
 .debug_info    0x00001ae2      0x29d ../../BSP/Debug\libBSP.a(timers.o)
 .debug_info    0x00001d7f      0x2b5 ../../BSP/Debug\libBSP.a(uart.o)
 .debug_info    0x00002034      0x188 ../../BSP/Debug\libBSP.a(uda1341ts.o)
 .debug_info    0x000021bc       0xc7 ../../BSP/Debug\libBSP.a(dma.o)
 .debug_info    0x00002283       0x95 ../../BSP/Debug\libBSP.a(font8x16.o)
 .debug_info    0x00002318      0x13c ../../BSP/Debug\libBSP.a(l3.o)

.debug_line     0x00000000     0x10c4
 .debug_line    0x00000000      0x17b ./eventGenerator.o
 .debug_line    0x0000017b      0x1cb ./proyecto.o
 .debug_line    0x00000346      0x129 ../../BSP/Debug\libBSP.a(iis.o)
 .debug_line    0x0000046f      0x146 ../../BSP/Debug\libBSP.a(keypad.o)
 .debug_line    0x000005b5      0x23b ../../BSP/Debug\libBSP.a(lcd.o)
 .debug_line    0x000007f0       0x96 ../../BSP/Debug\libBSP.a(leds.o)
 .debug_line    0x00000886       0xee ../../BSP/Debug\libBSP.a(rtc.o)
 .debug_line    0x00000974       0x93 ../../BSP/Debug\libBSP.a(segs.o)
 .debug_line    0x00000a07      0x1f6 ../../BSP/Debug\libBSP.a(system.o)
 .debug_line    0x00000bfd      0x162 ../../BSP/Debug\libBSP.a(timers.o)
 .debug_line    0x00000d5f      0x11e ../../BSP/Debug\libBSP.a(uart.o)
 .debug_line    0x00000e7d       0xa3 ../../BSP/Debug\libBSP.a(uda1341ts.o)
 .debug_line    0x00000f20       0x92 ../../BSP/Debug\libBSP.a(dma.o)
 .debug_line    0x00000fb2       0x56 ../../BSP/Debug\libBSP.a(font8x16.o)
 .debug_line    0x00001008       0xbc ../../BSP/Debug\libBSP.a(l3.o)

.debug_macinfo  0x00000000    0x3fc23
 .debug_macinfo
                0x00000000     0x55d1 ./eventGenerator.o
 .debug_macinfo
                0x000055d1     0x316b ./proyecto.o
 .debug_macinfo
                0x0000873c     0x4c95 ../../BSP/Debug\libBSP.a(iis.o)
 .debug_macinfo
                0x0000d3d1     0x4e31 ../../BSP/Debug\libBSP.a(keypad.o)
 .debug_macinfo
                0x00012202     0x439b ../../BSP/Debug\libBSP.a(lcd.o)
 .debug_macinfo
                0x0001659d     0x432c ../../BSP/Debug\libBSP.a(leds.o)
 .debug_macinfo
                0x0001a8c9     0x4cbe ../../BSP/Debug\libBSP.a(rtc.o)
 .debug_macinfo
                0x0001f587     0x4c77 ../../BSP/Debug\libBSP.a(segs.o)
 .debug_macinfo
                0x000241fe     0x530a ../../BSP/Debug\libBSP.a(system.o)
 .debug_macinfo
                0x00029508     0x4c91 ../../BSP/Debug\libBSP.a(timers.o)
 .debug_macinfo
                0x0002e199     0x430d ../../BSP/Debug\libBSP.a(uart.o)
 .debug_macinfo
                0x000324a6     0x244e ../../BSP/Debug\libBSP.a(uda1341ts.o)
 .debug_macinfo
                0x000348f4     0x4c64 ../../BSP/Debug\libBSP.a(dma.o)
 .debug_macinfo
                0x00039558     0x2339 ../../BSP/Debug\libBSP.a(font8x16.o)
 .debug_macinfo
                0x0003b891     0x4392 ../../BSP/Debug\libBSP.a(l3.o)

.debug_loc      0x00000000     0x18c0
 .debug_loc     0x00000000      0x210 ./eventGenerator.o
 .debug_loc     0x00000210      0x108 ./proyecto.o
 .debug_loc     0x00000318      0x1b8 ../../BSP/Debug\libBSP.a(iis.o)
 .debug_loc     0x000004d0      0x210 ../../BSP/Debug\libBSP.a(keypad.o)
 .debug_loc     0x000006e0      0x344 ../../BSP/Debug\libBSP.a(lcd.o)
 .debug_loc     0x00000a24       0xdc ../../BSP/Debug\libBSP.a(leds.o)
 .debug_loc     0x00000b00       0xdc ../../BSP/Debug\libBSP.a(rtc.o)
 .debug_loc     0x00000bdc       0xb0 ../../BSP/Debug\libBSP.a(segs.o)
 .debug_loc     0x00000c8c      0x65c ../../BSP/Debug\libBSP.a(system.o)
 .debug_loc     0x000012e8      0x23c ../../BSP/Debug\libBSP.a(timers.o)
 .debug_loc     0x00001524      0x18c ../../BSP/Debug\libBSP.a(uart.o)
 .debug_loc     0x000016b0      0x134 ../../BSP/Debug\libBSP.a(uda1341ts.o)
 .debug_loc     0x000017e4       0x84 ../../BSP/Debug\libBSP.a(dma.o)
 .debug_loc     0x00001868       0x58 ../../BSP/Debug\libBSP.a(l3.o)

.debug_pubnames
                0x00000000      0xa26
 .debug_pubnames
                0x00000000       0x46 ./eventGenerator.o
 .debug_pubnames
                0x00000046       0x95 ./proyecto.o
 .debug_pubnames
                0x000000db       0x9e ../../BSP/Debug\libBSP.a(iis.o)
 .debug_pubnames
                0x00000179      0x10e ../../BSP/Debug\libBSP.a(keypad.o)
 .debug_pubnames
                0x00000287      0x143 ../../BSP/Debug\libBSP.a(lcd.o)
 .debug_pubnames
                0x000003ca       0x60 ../../BSP/Debug\libBSP.a(leds.o)
 .debug_pubnames
                0x0000042a       0x5a ../../BSP/Debug\libBSP.a(rtc.o)
 .debug_pubnames
                0x00000484       0x4e ../../BSP/Debug\libBSP.a(segs.o)
 .debug_pubnames
                0x000004d2      0x29d ../../BSP/Debug\libBSP.a(system.o)
 .debug_pubnames
                0x0000076f       0xee ../../BSP/Debug\libBSP.a(timers.o)
 .debug_pubnames
                0x0000085d       0xa7 ../../BSP/Debug\libBSP.a(uart.o)
 .debug_pubnames
                0x00000904       0x9a ../../BSP/Debug\libBSP.a(uda1341ts.o)
 .debug_pubnames
                0x0000099e       0x40 ../../BSP/Debug\libBSP.a(dma.o)
 .debug_pubnames
                0x000009de       0x1b ../../BSP/Debug\libBSP.a(font8x16.o)
 .debug_pubnames
                0x000009f9       0x2d ../../BSP/Debug\libBSP.a(l3.o)

.debug_pubtypes
                0x00000000      0x2e1
 .debug_pubtypes
                0x00000000       0x59 ./eventGenerator.o
 .debug_pubtypes
                0x00000059       0x56 ./proyecto.o
 .debug_pubtypes
                0x000000af       0x31 ../../BSP/Debug\libBSP.a(iis.o)
 .debug_pubtypes
                0x000000e0       0x32 ../../BSP/Debug\libBSP.a(keypad.o)
 .debug_pubtypes
                0x00000112       0x3c ../../BSP/Debug\libBSP.a(lcd.o)
 .debug_pubtypes
                0x0000014e       0x27 ../../BSP/Debug\libBSP.a(leds.o)
 .debug_pubtypes
                0x00000175       0x36 ../../BSP/Debug\libBSP.a(rtc.o)
 .debug_pubtypes
                0x000001ab       0x1c ../../BSP/Debug\libBSP.a(segs.o)
 .debug_pubtypes
                0x000001c7       0x27 ../../BSP/Debug\libBSP.a(system.o)
 .debug_pubtypes
                0x000001ee       0x3d ../../BSP/Debug\libBSP.a(timers.o)
 .debug_pubtypes
                0x0000022b       0x31 ../../BSP/Debug\libBSP.a(uart.o)
 .debug_pubtypes
                0x0000025c       0x1c ../../BSP/Debug\libBSP.a(uda1341ts.o)
 .debug_pubtypes
                0x00000278       0x1d ../../BSP/Debug\libBSP.a(dma.o)
 .debug_pubtypes
                0x00000295       0x1c ../../BSP/Debug\libBSP.a(font8x16.o)
 .debug_pubtypes
                0x000002b1       0x30 ../../BSP/Debug\libBSP.a(l3.o)

.debug_aranges  0x00000000      0x1c0
 .debug_aranges
                0x00000000       0x20 ./eventGenerator.o
 .debug_aranges
                0x00000020       0x20 ./proyecto.o
 .debug_aranges
                0x00000040       0x20 ../../BSP/Debug\libBSP.a(iis.o)
 .debug_aranges
                0x00000060       0x20 ../../BSP/Debug\libBSP.a(keypad.o)
 .debug_aranges
                0x00000080       0x20 ../../BSP/Debug\libBSP.a(lcd.o)
 .debug_aranges
                0x000000a0       0x20 ../../BSP/Debug\libBSP.a(leds.o)
 .debug_aranges
                0x000000c0       0x20 ../../BSP/Debug\libBSP.a(rtc.o)
 .debug_aranges
                0x000000e0       0x20 ../../BSP/Debug\libBSP.a(segs.o)
 .debug_aranges
                0x00000100       0x20 ../../BSP/Debug\libBSP.a(system.o)
 .debug_aranges
                0x00000120       0x20 ../../BSP/Debug\libBSP.a(timers.o)
 .debug_aranges
                0x00000140       0x20 ../../BSP/Debug\libBSP.a(uart.o)
 .debug_aranges
                0x00000160       0x20 ../../BSP/Debug\libBSP.a(uda1341ts.o)
 .debug_aranges
                0x00000180       0x20 ../../BSP/Debug\libBSP.a(dma.o)
 .debug_aranges
                0x000001a0       0x20 ../../BSP/Debug\libBSP.a(l3.o)

.debug_str      0x00000000      0xaca
 .debug_str     0x00000000      0x1bd ./eventGenerator.o
                                0x1e8 (size before relaxing)
 .debug_str     0x000001bd       0x87 ./proyecto.o
                                0x17d (size before relaxing)
 .debug_str     0x00000244       0xc6 ../../BSP/Debug\libBSP.a(iis.o)
                                0x164 (size before relaxing)
 .debug_str     0x0000030a       0xe5 ../../BSP/Debug\libBSP.a(keypad.o)
                                0x19b (size before relaxing)
 .debug_str     0x000003ef      0x156 ../../BSP/Debug\libBSP.a(lcd.o)
                                0x21b (size before relaxing)
 .debug_str     0x00000545       0x3d ../../BSP/Debug\libBSP.a(leds.o)
                                 0xec (size before relaxing)
 .debug_str     0x00000582       0x4c ../../BSP/Debug\libBSP.a(rtc.o)
                                0x11c (size before relaxing)
 .debug_str     0x000005ce       0x43 ../../BSP/Debug\libBSP.a(segs.o)
                                 0xea (size before relaxing)
 .debug_str     0x00000611      0x23d ../../BSP/Debug\libBSP.a(system.o)
                                0x2e5 (size before relaxing)
 .debug_str     0x0000084e       0xe0 ../../BSP/Debug\libBSP.a(timers.o)
                                0x194 (size before relaxing)
 .debug_str     0x0000092e       0xa2 ../../BSP/Debug\libBSP.a(uart.o)
                                0x155 (size before relaxing)
 .debug_str     0x000009d0       0x90 ../../BSP/Debug\libBSP.a(uda1341ts.o)
                                0x137 (size before relaxing)
 .debug_str     0x00000a60       0x2f ../../BSP/Debug\libBSP.a(dma.o)
                                 0xd1 (size before relaxing)
 .debug_str     0x00000a8f       0x12 ../../BSP/Debug\libBSP.a(font8x16.o)
                                 0xb8 (size before relaxing)
 .debug_str     0x00000aa1       0x29 ../../BSP/Debug\libBSP.a(l3.o)
                                 0xe0 (size before relaxing)

.comment        0x00000000       0x2a
 .comment       0x00000000       0x2a ./eventGenerator.o
                                 0x2b (size before relaxing)
 .comment       0x00000000       0x2b ./proyecto.o
 .comment       0x00000000       0x2b ../../BSP/Debug\libBSP.a(iis.o)
 .comment       0x00000000       0x2b ../../BSP/Debug\libBSP.a(keypad.o)
 .comment       0x00000000       0x2b ../../BSP/Debug\libBSP.a(lcd.o)
 .comment       0x00000000       0x2b ../../BSP/Debug\libBSP.a(leds.o)
 .comment       0x00000000       0x2b ../../BSP/Debug\libBSP.a(rtc.o)
 .comment       0x00000000       0x2b ../../BSP/Debug\libBSP.a(segs.o)
 .comment       0x00000000       0x2b ../../BSP/Debug\libBSP.a(system.o)
 .comment       0x00000000       0x2b ../../BSP/Debug\libBSP.a(timers.o)
 .comment       0x00000000       0x2b ../../BSP/Debug\libBSP.a(uart.o)
 .comment       0x00000000       0x2b ../../BSP/Debug\libBSP.a(uda1341ts.o)
 .comment       0x00000000       0x2b ../../BSP/Debug\libBSP.a(dma.o)
 .comment       0x00000000       0x2b ../../BSP/Debug\libBSP.a(font8x16.o)
 .comment       0x00000000       0x2b ../../BSP/Debug\libBSP.a(l3.o)

.ARM.attributes
                0x00000000       0x32
 .ARM.attributes
                0x00000000       0x32 ./eventGenerator.o
 .ARM.attributes
                0x00000032       0x32 ./proyecto.o
 .ARM.attributes
                0x00000064       0x32 ../../BSP/Debug\libBSP.a(iis.o)
 .ARM.attributes
                0x00000096       0x32 ../../BSP/Debug\libBSP.a(keypad.o)
 .ARM.attributes
                0x000000c8       0x32 ../../BSP/Debug\libBSP.a(lcd.o)
 .ARM.attributes
                0x000000fa       0x32 ../../BSP/Debug\libBSP.a(leds.o)
 .ARM.attributes
                0x0000012c       0x32 ../../BSP/Debug\libBSP.a(rtc.o)
 .ARM.attributes
                0x0000015e       0x32 ../../BSP/Debug\libBSP.a(segs.o)
 .ARM.attributes
                0x00000190       0x32 ../../BSP/Debug\libBSP.a(system.o)
 .ARM.attributes
                0x000001c2       0x32 ../../BSP/Debug\libBSP.a(timers.o)
 .ARM.attributes
                0x000001f4       0x32 ../../BSP/Debug\libBSP.a(uart.o)
 .ARM.attributes
                0x00000226       0x32 ../../BSP/Debug\libBSP.a(uda1341ts.o)
 .ARM.attributes
                0x00000258       0x32 ../../BSP/Debug\libBSP.a(dma.o)
 .ARM.attributes
                0x0000028a       0x32 ../../BSP/Debug\libBSP.a(font8x16.o)
 .ARM.attributes
                0x000002bc       0x32 ../../BSP/Debug\libBSP.a(l3.o)
 .ARM.attributes
                0x000002ee       0x1a c:/software/electronica/arm/eclipsearm/sourcery-g++-lite-arm-2011.03/bin/../lib/gcc/arm-none-eabi/4.5.2\libgcc.a(_udivsi3.o)
 .ARM.attributes
                0x00000308       0x18 c:/software/electronica/arm/eclipsearm/sourcery-g++-lite-arm-2011.03/bin/../lib/gcc/arm-none-eabi/4.5.2\libgcc.a(_dvmd_tls.o)
 .ARM.attributes
                0x00000320       0x1a c:/software/electronica/arm/eclipsearm/sourcery-g++-lite-arm-2011.03/bin/../lib/gcc/arm-none-eabi/4.5.2\libgcc.a(_aeabi_uldivmod.o)
 .ARM.attributes
                0x0000033a       0x34 c:/software/electronica/arm/eclipsearm/sourcery-g++-lite-arm-2011.03/bin/../lib/gcc/arm-none-eabi/4.5.2\libgcc.a(bpabi.o)
 .ARM.attributes
                0x0000036e       0x34 c:/software/electronica/arm/eclipsearm/sourcery-g++-lite-arm-2011.03/bin/../lib/gcc/arm-none-eabi/4.5.2\libgcc.a(_divdi3.o)
 .ARM.attributes
                0x000003a2       0x34 c:/software/electronica/arm/eclipsearm/sourcery-g++-lite-arm-2011.03/bin/../lib/gcc/arm-none-eabi/4.5.2\libgcc.a(_udivdi3.o)
 .ARM.attributes
                0x000003d6       0x1a c:/software/electronica/arm/eclipsearm/sourcery-g++-lite-arm-2011.03/bin/../lib/gcc/arm-none-eabi/4.5.2\libgcc.a(_clzsi2.o)
 .ARM.attributes
                0x000003f0       0x34 c:/software/electronica/arm/eclipsearm/sourcery-g++-lite-arm-2011.03/bin/../lib/gcc/arm-none-eabi/4.5.2/../../../../arm-none-eabi/lib\libc.a(lib_a-memcpy.o)

.debug_frame    0x00000000     0x15bc
 .debug_frame   0x00000000      0x1c0 ./eventGenerator.o
 .debug_frame   0x000001c0       0xd0 ./proyecto.o
 .debug_frame   0x00000290      0x158 ../../BSP/Debug\libBSP.a(iis.o)
 .debug_frame   0x000003e8      0x190 ../../BSP/Debug\libBSP.a(keypad.o)
 .debug_frame   0x00000578      0x270 ../../BSP/Debug\libBSP.a(lcd.o)
 .debug_frame   0x000007e8       0xb0 ../../BSP/Debug\libBSP.a(leds.o)
 .debug_frame   0x00000898       0xb0 ../../BSP/Debug\libBSP.a(rtc.o)
 .debug_frame   0x00000948       0x90 ../../BSP/Debug\libBSP.a(segs.o)
 .debug_frame   0x000009d8      0x630 ../../BSP/Debug\libBSP.a(system.o)
 .debug_frame   0x00001008      0x1b8 ../../BSP/Debug\libBSP.a(timers.o)
 .debug_frame   0x000011c0      0x134 ../../BSP/Debug\libBSP.a(uart.o)
 .debug_frame   0x000012f4       0xf0 ../../BSP/Debug\libBSP.a(uda1341ts.o)
 .debug_frame   0x000013e4       0x70 ../../BSP/Debug\libBSP.a(dma.o)
 .debug_frame   0x00001454       0x50 ../../BSP/Debug\libBSP.a(l3.o)
 .debug_frame   0x000014a4       0x20 c:/software/electronica/arm/eclipsearm/sourcery-g++-lite-arm-2011.03/bin/../lib/gcc/arm-none-eabi/4.5.2\libgcc.a(_udivsi3.o)
 .debug_frame   0x000014c4       0x50 c:/software/electronica/arm/eclipsearm/sourcery-g++-lite-arm-2011.03/bin/../lib/gcc/arm-none-eabi/4.5.2\libgcc.a(bpabi.o)
 .debug_frame   0x00001514       0x3c c:/software/electronica/arm/eclipsearm/sourcery-g++-lite-arm-2011.03/bin/../lib/gcc/arm-none-eabi/4.5.2\libgcc.a(_divdi3.o)
 .debug_frame   0x00001550       0x3c c:/software/electronica/arm/eclipsearm/sourcery-g++-lite-arm-2011.03/bin/../lib/gcc/arm-none-eabi/4.5.2\libgcc.a(_udivdi3.o)
 .debug_frame   0x0000158c       0x30 c:/software/electronica/arm/eclipsearm/sourcery-g++-lite-arm-2011.03/bin/../lib/gcc/arm-none-eabi/4.5.2/../../../../arm-none-eabi/lib\libc.a(lib_a-memcpy.o)
