
Memory Configuration

Name             Origin             Length             Attributes
*default*        0x00000000         0xffffffff

Linker script and memory map

LOAD ./bootloader.o
LOAD ./lab11.o
LOAD ../../BSP/Debug\libBSP.a
START GROUP
LOAD c:/software/electronica/arm/eclipsearm/sourcery-g++-lite-arm-2011.03/bin/../lib/gcc/arm-none-eabi/4.5.2\libgcc.a
LOAD c:/software/electronica/arm/eclipsearm/sourcery-g++-lite-arm-2011.03/bin/../lib/gcc/arm-none-eabi/4.5.2/../../../../arm-none-eabi/lib\libc.a
END GROUP
                0x0c000000                . = 0xc000000
                0x0c000000                _image_start = .

.text           0x0c000000      0xec4
 bootloader.o()
 .text          0x0c000000      0x584 bootloader.o
 .data          0x0c000584        0x0 bootloader.o
 .bss           0x0c000584        0x0 bootloader.o
 .ARM.attributes
                0x0c000584       0x22 bootloader.o
 .debug_line    0x0c0005a6       0xc6 bootloader.o
 .debug_info    0x0c00066c       0x5b bootloader.o
 .debug_abbrev  0x0c0006c7       0x14 bootloader.o
 *fill*         0x0c0006db        0x5 00
 .debug_aranges
                0x0c0006e0       0x20 bootloader.o
 *(.text)
 .text          0x0c000700      0x584 ./bootloader.o
 .text          0x0c000c84      0x240 ./lab11.o
                0x0c000c84                main
                0x0c000e08                isr_tick

.glue_7         0x0c000ec4        0x0
 .glue_7        0x00000000        0x0 linker stubs

.glue_7t        0x0c000ec4        0x0
 .glue_7t       0x00000000        0x0 linker stubs

.vfp11_veneer   0x0c000ec4        0x0
 .vfp11_veneer  0x00000000        0x0 linker stubs

.v4_bx          0x0c000ec4        0x0
 .v4_bx         0x00000000        0x0 linker stubs

.rodata         0x0c000ec4       0xbc
 *(.rodata)
 .rodata        0x0c000ec4       0xbc ./lab11.o

.data           0x0c000f80        0x0
 *(.data)
 .data          0x0c000f80        0x0 ./bootloader.o
 .data          0x0c000f80        0x0 ./lab11.o

.bss            0x0c000f80        0x0
 *(.bss)
 .bss           0x0c000f80        0x0 ./bootloader.o
 .bss           0x0c000f80        0x0 ./lab11.o
                0x0c000f80                _image_end = .
                0x0c000f80                end = .
OUTPUT(lab11.elf elf32-littlearm)

.ARM.attributes
                0x00000000       0x2e
 .ARM.attributes
                0x00000000       0x22 ./bootloader.o
 .ARM.attributes
                0x00000022       0x32 ./lab11.o

.comment        0x00000000       0x2a
 .comment       0x00000000       0x2a ./lab11.o
                                 0x2b (size before relaxing)

.debug_line     0x00000000      0x187
 .debug_line    0x00000000       0xc6 ./bootloader.o
 .debug_line    0x000000c6       0xc1 ./lab11.o

.debug_info     0x00000000      0x195
 .debug_info    0x00000000       0x5b ./bootloader.o
 .debug_info    0x0000005b      0x13a ./lab11.o

.debug_abbrev   0x00000000       0xb3
 .debug_abbrev  0x00000000       0x14 ./bootloader.o
 .debug_abbrev  0x00000014       0x9f ./lab11.o

.debug_aranges  0x00000000       0x40
 .debug_aranges
                0x00000000       0x20 ./bootloader.o
 .debug_aranges
                0x00000020       0x20 ./lab11.o

.debug_macinfo  0x00000000     0x49c3
 .debug_macinfo
                0x00000000     0x49c3 ./lab11.o

.debug_loc      0x00000000       0x58
 .debug_loc     0x00000000       0x58 ./lab11.o

.debug_pubnames
                0x00000000       0x28
 .debug_pubnames
                0x00000000       0x28 ./lab11.o

.debug_pubtypes
                0x00000000       0x36
 .debug_pubtypes
                0x00000000       0x36 ./lab11.o

.debug_str      0x00000000       0xca
 .debug_str     0x00000000       0xca ./lab11.o
                                 0xe3 (size before relaxing)

.debug_frame    0x00000000       0x5c
 .debug_frame   0x00000000       0x5c ./lab11.o
