   1              		.cpu arm7tdmi
   2              		.fpu softvfp
   3              		.eabi_attribute 20, 1
   4              		.eabi_attribute 21, 1
   5              		.eabi_attribute 23, 3
   6              		.eabi_attribute 24, 1
   7              		.eabi_attribute 25, 1
   8              		.eabi_attribute 26, 1
   9              		.eabi_attribute 30, 6
  10              		.eabi_attribute 18, 4
  11              		.file	"uda1341ts.c"
  21              	.Ltext0:
  22              		.file 1 "../src/uda1341ts.c"
 1097              	volume:
 1098 0000 00       		.space	1
 1099              	state:
 1100 0001 00       		.space	1
 1101              		.text
 1102              		.align	2
 1103              		.global	uda1341ts_init
 1105              	uda1341ts_init:
 1106              	.LFB0:
   1:../src/uda1341ts.c **** 
   2:../src/uda1341ts.c **** #include <l3.h>
   3:../src/uda1341ts.c **** #include <uda1341ts.h>
   4:../src/uda1341ts.c **** 
   5:../src/uda1341ts.c **** #define ADDRESS (0x05)
   6:../src/uda1341ts.c **** 
   7:../src/uda1341ts.c **** #define DATA0  (0x0)
   8:../src/uda1341ts.c **** #define DATA1  (0x1)
   9:../src/uda1341ts.c **** #define STATUS (0x2)
  10:../src/uda1341ts.c **** 
  11:../src/uda1341ts.c **** #define EA (0x18 << 3)
  12:../src/uda1341ts.c **** #define ED (0x7 << 5)
  13:../src/uda1341ts.c **** 
  14:../src/uda1341ts.c **** static uint8 volume;
  15:../src/uda1341ts.c **** static uint8 state;
  16:../src/uda1341ts.c **** 
  17:../src/uda1341ts.c **** void uda1341ts_init( void )
  18:../src/uda1341ts.c **** {
 1107              		.loc 1 18 0
 1108              		.cfi_startproc
 1109              		@ Function supports interworking.
 1110              		@ args = 0, pretend = 0, frame = 0
 1111              		@ frame_needed = 1, uses_anonymous_args = 0
 1112 0000 0DC0A0E1 		mov	ip, sp
 1113              	.LCFI0:
 1114              		.cfi_def_cfa_register 12
 1115 0004 00D82DE9 		stmfd	sp!, {fp, ip, lr, pc}
 1116 0008 04B04CE2 		sub	fp, ip, #4
 1117              		.cfi_offset 14, -8
 1118              		.cfi_offset 13, -12
 1119              		.cfi_offset 11, -16
 1120              	.LCFI1:
 1121              		.cfi_def_cfa 11, 4
  19:../src/uda1341ts.c ****     L3_init();     
 1122              		.loc 1 19 0
 1123 000c FEFFFFEB 		bl	L3_init
  20:../src/uda1341ts.c ****     
  21:../src/uda1341ts.c ****     L3_putByte( (ADDRESS << 2) | STATUS, L3_ADDR_MODE );
 1124              		.loc 1 21 0
 1125 0010 1600A0E3 		mov	r0, #22
 1126 0014 0010A0E3 		mov	r1, #0
 1127 0018 FEFFFFEB 		bl	L3_putByte
  22:../src/uda1341ts.c ****     L3_putByte( (1 << 6) | (2 << 4), L3_DATA_MODE );
 1128              		.loc 1 22 0
 1129 001c 6000A0E3 		mov	r0, #96
 1130 0020 0110A0E3 		mov	r1, #1
 1131 0024 FEFFFFEB 		bl	L3_putByte
  23:../src/uda1341ts.c ****     L3_putByte( (2 << 4), L3_DATA_MODE );
 1132              		.loc 1 23 0
 1133 0028 2000A0E3 		mov	r0, #32
 1134 002c 0110A0E3 		mov	r1, #1
 1135 0030 FEFFFFEB 		bl	L3_putByte
  24:../src/uda1341ts.c **** 
  25:../src/uda1341ts.c ****     L3_putByte( (ADDRESS << 2) | DATA0, L3_ADDR_MODE  ); 
 1136              		.loc 1 25 0
 1137 0034 1400A0E3 		mov	r0, #20
 1138 0038 0010A0E3 		mov	r1, #0
 1139 003c FEFFFFEB 		bl	L3_putByte
  26:../src/uda1341ts.c ****     L3_putByte( EA | (2), L3_DATA_MODE ); 
 1140              		.loc 1 26 0
 1141 0040 C200A0E3 		mov	r0, #194
 1142 0044 0110A0E3 		mov	r1, #1
 1143 0048 FEFFFFEB 		bl	L3_putByte
  27:../src/uda1341ts.c ****     L3_putByte( ED | 1, L3_DATA_MODE );
 1144              		.loc 1 27 0
 1145 004c E100A0E3 		mov	r0, #225
 1146 0050 0110A0E3 		mov	r1, #1
 1147 0054 FEFFFFEB 		bl	L3_putByte
  28:../src/uda1341ts.c ****   
  29:../src/uda1341ts.c ****     uda1341ts_setvol( VOL_MAX );
 1148              		.loc 1 29 0
 1149 0058 3F00A0E3 		mov	r0, #63
 1150 005c FEFFFFEB 		bl	uda1341ts_setvol
  30:../src/uda1341ts.c **** 
  31:../src/uda1341ts.c ****     uda1341ts_on( UDA_DAC );
 1151              		.loc 1 31 0
 1152 0060 0100A0E3 		mov	r0, #1
 1153 0064 FEFFFFEB 		bl	uda1341ts_on
  32:../src/uda1341ts.c ****     uda1341ts_on( UDA_ADC );
 1154              		.loc 1 32 0
 1155 0068 0200A0E3 		mov	r0, #2
 1156 006c FEFFFFEB 		bl	uda1341ts_on
  33:../src/uda1341ts.c **** }
 1157              		.loc 1 33 0
 1158 0070 0CD04BE2 		sub	sp, fp, #12
 1159 0074 00689DE8 		ldmfd	sp, {fp, sp, lr}
 1160 0078 1EFF2FE1 		bx	lr
 1161              		.cfi_endproc
 1162              	.LFE0:
 1164              		.align	2
 1165              		.global	uda1341ts_mute
 1167              	uda1341ts_mute:
 1168              	.LFB1:
  34:../src/uda1341ts.c **** 
  35:../src/uda1341ts.c **** 
  36:../src/uda1341ts.c **** 
  37:../src/uda1341ts.c **** void uda1341ts_mute( uint8 on )
  38:../src/uda1341ts.c **** {
 1169              		.loc 1 38 0
 1170              		.cfi_startproc
 1171              		@ Function supports interworking.
 1172              		@ args = 0, pretend = 0, frame = 8
 1173              		@ frame_needed = 1, uses_anonymous_args = 0
 1174 007c 0DC0A0E1 		mov	ip, sp
 1175              	.LCFI2:
 1176              		.cfi_def_cfa_register 12
 1177 0080 00D82DE9 		stmfd	sp!, {fp, ip, lr, pc}
 1178 0084 04B04CE2 		sub	fp, ip, #4
 1179              		.cfi_offset 14, -8
 1180              		.cfi_offset 13, -12
 1181              		.cfi_offset 11, -16
 1182              	.LCFI3:
 1183              		.cfi_def_cfa 11, 4
 1184 0088 08D04DE2 		sub	sp, sp, #8
 1185 008c 0030A0E1 		mov	r3, r0
 1186 0090 0D304BE5 		strb	r3, [fp, #-13]
  39:../src/uda1341ts.c **** 	L3_putByte( (ADDRESS << 2) | DATA0, L3_ADDR_MODE);
 1187              		.loc 1 39 0
 1188 0094 1400A0E3 		mov	r0, #20
 1189 0098 0010A0E3 		mov	r1, #0
 1190 009c FEFFFFEB 		bl	L3_putByte
  40:../src/uda1341ts.c **** 	L3_putByte( (2 << 6) | (on << 2), L3_DATA_MODE);
 1191              		.loc 1 40 0
 1192 00a0 0D305BE5 		ldrb	r3, [fp, #-13]	@ zero_extendqisi2
 1193 00a4 0331A0E1 		mov	r3, r3, asl #2
 1194 00a8 FF3003E2 		and	r3, r3, #255
 1195 00ac 833CE0E1 		mvn	r3, r3, asl #25
 1196 00b0 A33CE0E1 		mvn	r3, r3, lsr #25
 1197 00b4 FF3003E2 		and	r3, r3, #255
 1198 00b8 FF3003E2 		and	r3, r3, #255
 1199 00bc 0300A0E1 		mov	r0, r3
 1200 00c0 0110A0E3 		mov	r1, #1
 1201 00c4 FEFFFFEB 		bl	L3_putByte
  41:../src/uda1341ts.c **** 
  42:../src/uda1341ts.c **** };
 1202              		.loc 1 42 0
 1203 00c8 0CD04BE2 		sub	sp, fp, #12
 1204 00cc 00689DE8 		ldmfd	sp, {fp, sp, lr}
 1205 00d0 1EFF2FE1 		bx	lr
 1206              		.cfi_endproc
 1207              	.LFE1:
 1209              		.align	2
 1210              		.global	uda1341ts_on
 1212              	uda1341ts_on:
 1213              	.LFB2:
  43:../src/uda1341ts.c **** 
  44:../src/uda1341ts.c **** 
  45:../src/uda1341ts.c **** void uda1341ts_on( uint8 converter )
  46:../src/uda1341ts.c **** {
 1214              		.loc 1 46 0
 1215              		.cfi_startproc
 1216              		@ Function supports interworking.
 1217              		@ args = 0, pretend = 0, frame = 8
 1218              		@ frame_needed = 1, uses_anonymous_args = 0
 1219 00d4 0DC0A0E1 		mov	ip, sp
 1220              	.LCFI4:
 1221              		.cfi_def_cfa_register 12
 1222 00d8 00D82DE9 		stmfd	sp!, {fp, ip, lr, pc}
 1223 00dc 04B04CE2 		sub	fp, ip, #4
 1224              		.cfi_offset 14, -8
 1225              		.cfi_offset 13, -12
 1226              		.cfi_offset 11, -16
 1227              	.LCFI5:
 1228              		.cfi_def_cfa 11, 4
 1229 00e0 08D04DE2 		sub	sp, sp, #8
 1230 00e4 0030A0E1 		mov	r3, r0
 1231 00e8 0D304BE5 		strb	r3, [fp, #-13]
  47:../src/uda1341ts.c **** 	state |= converter;
 1232              		.loc 1 47 0
 1233 00ec 4C309FE5 		ldr	r3, .L4
 1234 00f0 0020D3E5 		ldrb	r2, [r3, #0]	@ zero_extendqisi2
 1235 00f4 0D305BE5 		ldrb	r3, [fp, #-13]
 1236 00f8 033082E1 		orr	r3, r2, r3
 1237 00fc FF2003E2 		and	r2, r3, #255
 1238 0100 38309FE5 		ldr	r3, .L4
 1239 0104 0020C3E5 		strb	r2, [r3, #0]
  48:../src/uda1341ts.c **** 	L3_putByte((ADDRESS << 2) | STATUS, L3_ADDR_MODE);
 1240              		.loc 1 48 0
 1241 0108 1600A0E3 		mov	r0, #22
 1242 010c 0010A0E3 		mov	r1, #0
 1243 0110 FEFFFFEB 		bl	L3_putByte
  49:../src/uda1341ts.c **** 	L3_putByte((1 << 7) | (state <<0), L3_DATA_MODE);
 1244              		.loc 1 49 0
 1245 0114 24309FE5 		ldr	r3, .L4
 1246 0118 0030D3E5 		ldrb	r3, [r3, #0]	@ zero_extendqisi2
 1247 011c 833CE0E1 		mvn	r3, r3, asl #25
 1248 0120 A33CE0E1 		mvn	r3, r3, lsr #25
 1249 0124 FF3003E2 		and	r3, r3, #255
 1250 0128 0300A0E1 		mov	r0, r3
 1251 012c 0110A0E3 		mov	r1, #1
 1252 0130 FEFFFFEB 		bl	L3_putByte
  50:../src/uda1341ts.c **** }
 1253              		.loc 1 50 0
 1254 0134 0CD04BE2 		sub	sp, fp, #12
 1255 0138 00689DE8 		ldmfd	sp, {fp, sp, lr}
 1256 013c 1EFF2FE1 		bx	lr
 1257              	.L5:
 1258              		.align	2
 1259              	.L4:
 1260 0140 01000000 		.word	state
 1261              		.cfi_endproc
 1262              	.LFE2:
 1264              		.align	2
 1265              		.global	uda1341ts_off
 1267              	uda1341ts_off:
 1268              	.LFB3:
  51:../src/uda1341ts.c **** 
  52:../src/uda1341ts.c **** void uda1341ts_off( uint8 converter )
  53:../src/uda1341ts.c **** {
 1269              		.loc 1 53 0
 1270              		.cfi_startproc
 1271              		@ Function supports interworking.
 1272              		@ args = 0, pretend = 0, frame = 8
 1273              		@ frame_needed = 1, uses_anonymous_args = 0
 1274 0144 0DC0A0E1 		mov	ip, sp
 1275              	.LCFI6:
 1276              		.cfi_def_cfa_register 12
 1277 0148 00D82DE9 		stmfd	sp!, {fp, ip, lr, pc}
 1278 014c 04B04CE2 		sub	fp, ip, #4
 1279              		.cfi_offset 14, -8
 1280              		.cfi_offset 13, -12
 1281              		.cfi_offset 11, -16
 1282              	.LCFI7:
 1283              		.cfi_def_cfa 11, 4
 1284 0150 08D04DE2 		sub	sp, sp, #8
 1285 0154 0030A0E1 		mov	r3, r0
 1286 0158 0D304BE5 		strb	r3, [fp, #-13]
  54:../src/uda1341ts.c **** 	state &= ~converter;
 1287              		.loc 1 54 0
 1288 015c 0D305BE5 		ldrb	r3, [fp, #-13]	@ zero_extendqisi2
 1289 0160 0330E0E1 		mvn	r3, r3
 1290 0164 FF2003E2 		and	r2, r3, #255
 1291 0168 50309FE5 		ldr	r3, .L7
 1292 016c 0030D3E5 		ldrb	r3, [r3, #0]	@ zero_extendqisi2
 1293 0170 FF3003E2 		and	r3, r3, #255
 1294 0174 033002E0 		and	r3, r2, r3
 1295 0178 FF3003E2 		and	r3, r3, #255
 1296 017c FF2003E2 		and	r2, r3, #255
 1297 0180 38309FE5 		ldr	r3, .L7
 1298 0184 0020C3E5 		strb	r2, [r3, #0]
  55:../src/uda1341ts.c **** 	L3_putByte((ADDRESS << 2) | STATUS, L3_ADDR_MODE);
 1299              		.loc 1 55 0
 1300 0188 1600A0E3 		mov	r0, #22
 1301 018c 0010A0E3 		mov	r1, #0
 1302 0190 FEFFFFEB 		bl	L3_putByte
  56:../src/uda1341ts.c **** 	L3_putByte((1 << 7) | (state <<0), L3_DATA_MODE);
 1303              		.loc 1 56 0
 1304 0194 24309FE5 		ldr	r3, .L7
 1305 0198 0030D3E5 		ldrb	r3, [r3, #0]	@ zero_extendqisi2
 1306 019c 833CE0E1 		mvn	r3, r3, asl #25
 1307 01a0 A33CE0E1 		mvn	r3, r3, lsr #25
 1308 01a4 FF3003E2 		and	r3, r3, #255
 1309 01a8 0300A0E1 		mov	r0, r3
 1310 01ac 0110A0E3 		mov	r1, #1
 1311 01b0 FEFFFFEB 		bl	L3_putByte
  57:../src/uda1341ts.c **** }
 1312              		.loc 1 57 0
 1313 01b4 0CD04BE2 		sub	sp, fp, #12
 1314 01b8 00689DE8 		ldmfd	sp, {fp, sp, lr}
 1315 01bc 1EFF2FE1 		bx	lr
 1316              	.L8:
 1317              		.align	2
 1318              	.L7:
 1319 01c0 01000000 		.word	state
 1320              		.cfi_endproc
 1321              	.LFE3:
 1323              		.align	2
 1324              		.global	uda1341ts_status
 1326              	uda1341ts_status:
 1327              	.LFB4:
  58:../src/uda1341ts.c **** 
  59:../src/uda1341ts.c **** uint8 uda1341ts_status( uint8 converter )
  60:../src/uda1341ts.c **** {
 1328              		.loc 1 60 0
 1329              		.cfi_startproc
 1330              		@ Function supports interworking.
 1331              		@ args = 0, pretend = 0, frame = 8
 1332              		@ frame_needed = 1, uses_anonymous_args = 0
 1333 01c4 0DC0A0E1 		mov	ip, sp
 1334              	.LCFI8:
 1335              		.cfi_def_cfa_register 12
 1336 01c8 00D82DE9 		stmfd	sp!, {fp, ip, lr, pc}
 1337 01cc 04B04CE2 		sub	fp, ip, #4
 1338              		.cfi_offset 14, -8
 1339              		.cfi_offset 13, -12
 1340              		.cfi_offset 11, -16
 1341              	.LCFI9:
 1342              		.cfi_def_cfa 11, 4
 1343 01d0 08D04DE2 		sub	sp, sp, #8
 1344 01d4 0030A0E1 		mov	r3, r0
 1345 01d8 0D304BE5 		strb	r3, [fp, #-13]
  61:../src/uda1341ts.c ****     return state;
 1346              		.loc 1 61 0
 1347 01dc 10309FE5 		ldr	r3, .L10
 1348 01e0 0030D3E5 		ldrb	r3, [r3, #0]	@ zero_extendqisi2
  62:../src/uda1341ts.c **** }
 1349              		.loc 1 62 0
 1350 01e4 0300A0E1 		mov	r0, r3
 1351 01e8 0CD04BE2 		sub	sp, fp, #12
 1352 01ec 00689DE8 		ldmfd	sp, {fp, sp, lr}
 1353 01f0 1EFF2FE1 		bx	lr
 1354              	.L11:
 1355              		.align	2
 1356              	.L10:
 1357 01f4 01000000 		.word	state
 1358              		.cfi_endproc
 1359              	.LFE4:
 1361              		.align	2
 1362              		.global	uda1341ts_setvol
 1364              	uda1341ts_setvol:
 1365              	.LFB5:
  63:../src/uda1341ts.c **** 
  64:../src/uda1341ts.c **** void uda1341ts_setvol( uint8 vol )
  65:../src/uda1341ts.c **** {
 1366              		.loc 1 65 0
 1367              		.cfi_startproc
 1368              		@ Function supports interworking.
 1369              		@ args = 0, pretend = 0, frame = 8
 1370              		@ frame_needed = 1, uses_anonymous_args = 0
 1371 01f8 0DC0A0E1 		mov	ip, sp
 1372              	.LCFI10:
 1373              		.cfi_def_cfa_register 12
 1374 01fc 00D82DE9 		stmfd	sp!, {fp, ip, lr, pc}
 1375 0200 04B04CE2 		sub	fp, ip, #4
 1376              		.cfi_offset 14, -8
 1377              		.cfi_offset 13, -12
 1378              		.cfi_offset 11, -16
 1379              	.LCFI11:
 1380              		.cfi_def_cfa 11, 4
 1381 0204 08D04DE2 		sub	sp, sp, #8
 1382 0208 0030A0E1 		mov	r3, r0
 1383 020c 0D304BE5 		strb	r3, [fp, #-13]
  66:../src/uda1341ts.c **** 	volume = VOL_MAX - (vol & 0x3f);
 1384              		.loc 1 66 0
 1385 0210 0D305BE5 		ldrb	r3, [fp, #-13]
 1386 0214 0330E0E1 		mvn	r3, r3
 1387 0218 FF3003E2 		and	r3, r3, #255
 1388 021c 3F3003E2 		and	r3, r3, #63
 1389 0220 FF2003E2 		and	r2, r3, #255
 1390 0224 2C309FE5 		ldr	r3, .L13
 1391 0228 0020C3E5 		strb	r2, [r3, #0]
  67:../src/uda1341ts.c **** 	L3_putByte( (ADDRESS << 2) | DATA0, L3_ADDR_MODE);
 1392              		.loc 1 67 0
 1393 022c 1400A0E3 		mov	r0, #20
 1394 0230 0010A0E3 		mov	r1, #0
 1395 0234 FEFFFFEB 		bl	L3_putByte
  68:../src/uda1341ts.c **** 	L3_putByte( volume, L3_DATA_MODE);
 1396              		.loc 1 68 0
 1397 0238 18309FE5 		ldr	r3, .L13
 1398 023c 0030D3E5 		ldrb	r3, [r3, #0]	@ zero_extendqisi2
 1399 0240 0300A0E1 		mov	r0, r3
 1400 0244 0110A0E3 		mov	r1, #1
 1401 0248 FEFFFFEB 		bl	L3_putByte
  69:../src/uda1341ts.c **** };
 1402              		.loc 1 69 0
 1403 024c 0CD04BE2 		sub	sp, fp, #12
 1404 0250 00689DE8 		ldmfd	sp, {fp, sp, lr}
 1405 0254 1EFF2FE1 		bx	lr
 1406              	.L14:
 1407              		.align	2
 1408              	.L13:
 1409 0258 00000000 		.word	volume
 1410              		.cfi_endproc
 1411              	.LFE5:
 1413              		.align	2
 1414              		.global	uda1341ts_getvol
 1416              	uda1341ts_getvol:
 1417              	.LFB6:
  70:../src/uda1341ts.c **** 
  71:../src/uda1341ts.c **** uint8 uda1341ts_getvol( void )
  72:../src/uda1341ts.c **** {
 1418              		.loc 1 72 0
 1419              		.cfi_startproc
 1420              		@ Function supports interworking.
 1421              		@ args = 0, pretend = 0, frame = 0
 1422              		@ frame_needed = 1, uses_anonymous_args = 0
 1423 025c 0DC0A0E1 		mov	ip, sp
 1424              	.LCFI12:
 1425              		.cfi_def_cfa_register 12
 1426 0260 00D82DE9 		stmfd	sp!, {fp, ip, lr, pc}
 1427 0264 04B04CE2 		sub	fp, ip, #4
 1428              		.cfi_offset 14, -8
 1429              		.cfi_offset 13, -12
 1430              		.cfi_offset 11, -16
 1431              	.LCFI13:
 1432              		.cfi_def_cfa 11, 4
  73:../src/uda1341ts.c ****     return volume;
 1433              		.loc 1 73 0
 1434 0268 10309FE5 		ldr	r3, .L16
 1435 026c 0030D3E5 		ldrb	r3, [r3, #0]	@ zero_extendqisi2
  74:../src/uda1341ts.c **** }
 1436              		.loc 1 74 0
 1437 0270 0300A0E1 		mov	r0, r3
 1438 0274 0CD04BE2 		sub	sp, fp, #12
 1439 0278 00689DE8 		ldmfd	sp, {fp, sp, lr}
 1440 027c 1EFF2FE1 		bx	lr
 1441              	.L17:
 1442              		.align	2
 1443              	.L16:
 1444 0280 00000000 		.word	volume
 1445              		.cfi_endproc
 1446              	.LFE6:
 1448              	.Letext0:
DEFINED SYMBOLS
                            *ABS*:00000000 uda1341ts.c
C:\Users\USUARI~1\AppData\Local\Temp\cc0qeOFx.s:1097   .bss:00000000 volume
C:\Users\USUARI~1\AppData\Local\Temp\cc0qeOFx.s:1098   .bss:00000000 $d
C:\Users\USUARI~1\AppData\Local\Temp\cc0qeOFx.s:1099   .bss:00000001 state
C:\Users\USUARI~1\AppData\Local\Temp\cc0qeOFx.s:1102   .text:00000000 $a
C:\Users\USUARI~1\AppData\Local\Temp\cc0qeOFx.s:1105   .text:00000000 uda1341ts_init
C:\Users\USUARI~1\AppData\Local\Temp\cc0qeOFx.s:1364   .text:000001f8 uda1341ts_setvol
C:\Users\USUARI~1\AppData\Local\Temp\cc0qeOFx.s:1212   .text:000000d4 uda1341ts_on
C:\Users\USUARI~1\AppData\Local\Temp\cc0qeOFx.s:1167   .text:0000007c uda1341ts_mute
C:\Users\USUARI~1\AppData\Local\Temp\cc0qeOFx.s:1260   .text:00000140 $d
C:\Users\USUARI~1\AppData\Local\Temp\cc0qeOFx.s:1264   .text:00000144 $a
C:\Users\USUARI~1\AppData\Local\Temp\cc0qeOFx.s:1267   .text:00000144 uda1341ts_off
C:\Users\USUARI~1\AppData\Local\Temp\cc0qeOFx.s:1319   .text:000001c0 $d
C:\Users\USUARI~1\AppData\Local\Temp\cc0qeOFx.s:1323   .text:000001c4 $a
C:\Users\USUARI~1\AppData\Local\Temp\cc0qeOFx.s:1326   .text:000001c4 uda1341ts_status
C:\Users\USUARI~1\AppData\Local\Temp\cc0qeOFx.s:1357   .text:000001f4 $d
C:\Users\USUARI~1\AppData\Local\Temp\cc0qeOFx.s:1361   .text:000001f8 $a
C:\Users\USUARI~1\AppData\Local\Temp\cc0qeOFx.s:1409   .text:00000258 $d
C:\Users\USUARI~1\AppData\Local\Temp\cc0qeOFx.s:1413   .text:0000025c $a
C:\Users\USUARI~1\AppData\Local\Temp\cc0qeOFx.s:1416   .text:0000025c uda1341ts_getvol
C:\Users\USUARI~1\AppData\Local\Temp\cc0qeOFx.s:1444   .text:00000280 $d
                     .debug_frame:00000010 $d

UNDEFINED SYMBOLS
L3_init
L3_putByte
