Archive member included because of file (symbol)

../../BSP/Debug\libBSP.a(leds.o)
                              ./lab13.o (leds_init)
../../BSP/Debug\libBSP.a(segs.o)
                              ./lab13.o (segs_init)

Allocating common symbols
Common symbol       size              file

scancode            0x1               ./lab13.o
status              0x1               ../../BSP/Debug\libBSP.a(leds.o)

Memory Configuration

Name             Origin             Length             Attributes
*default*        0x00000000         0xffffffff

Linker script and memory map

LOAD ./kernelcoop.o
LOAD ./lab13.o
LOAD ../../BSP/Debug\libBSP.a
START GROUP
LOAD c:/software/electronica/arm/eclipsearm/sourcery-g++-lite-arm-2011.03/bin/../lib/gcc/arm-none-eabi/4.5.2\libgcc.a
LOAD c:/software/electronica/arm/eclipsearm/sourcery-g++-lite-arm-2011.03/bin/../lib/gcc/arm-none-eabi/4.5.2/../../../../arm-none-eabi/lib\libc.a
END GROUP
                0x0c100000                . = 0xc100000

.text           0x0c100000      0xe28
 *(.text)
 .text          0x0c100000      0x580 ./kernelcoop.o
                0x0c100000                delete_task
                0x0c1000f8                create_task
                0x0c1002a0                scheduler_init
                0x0c1002e8                scheduler
                0x0c100470                dispacher
 .text          0x0c100580      0x5b0 ./lab13.o
                0x0c100580                main
                0x0c100698                Task1
                0x0c10070c                Task2
                0x0c100858                Task3
                0x0c100904                Task4
                0x0c1009a4                Task5
                0x0c100a48                Task6
                0x0c100ad4                isr_pb
 .text          0x0c100b30      0x224 ../../BSP/Debug\libBSP.a(leds.o)
                0x0c100b30                leds_init
                0x0c100b60                led_on
                0x0c100bcc                led_off
                0x0c100c38                led_toggle
                0x0c100ca4                led_status
 .text          0x0c100d54       0xd4 ../../BSP/Debug\libBSP.a(segs.o)
                0x0c100d54                segs_init
                0x0c100d70                segs_off
                0x0c100da8                segs_putchar
                0x0c100e00                segs_status

.glue_7         0x0c100e28        0x0
 .glue_7        0x00000000        0x0 linker stubs

.glue_7t        0x0c100e28        0x0
 .glue_7t       0x00000000        0x0 linker stubs

.vfp11_veneer   0x0c100e28        0x0
 .vfp11_veneer  0x00000000        0x0 linker stubs

.v4_bx          0x0c100e28        0x0
 .v4_bx         0x00000000        0x0 linker stubs

.rodata         0x0c100e28      0x16c
 *(.rodata)
 .rodata        0x0c100e28      0x15c ./lab13.o
 .rodata        0x0c100f84       0x10 ../../BSP/Debug\libBSP.a(segs.o)

.data           0x0c100f94        0x0
 *(.data)
 .data          0x0c100f94        0x0 ./kernelcoop.o
 .data          0x0c100f94        0x0 ./lab13.o
 .data          0x0c100f94        0x0 ../../BSP/Debug\libBSP.a(leds.o)
 .data          0x0c100f94        0x0 ../../BSP/Debug\libBSP.a(segs.o)

.bss            0x0c100f94       0xd3
 *(.bss)
 .bss           0x0c100f94       0xc8 ./kernelcoop.o
 .bss           0x0c10105c        0x8 ./lab13.o
                0x0c10105c                flagTask5
                0x0c10105d                flagTask6
                0x0c10105e                pb_pressed
 .bss           0x0c101064        0x0 ../../BSP/Debug\libBSP.a(leds.o)
 .bss           0x0c101064        0x1 ../../BSP/Debug\libBSP.a(segs.o)
 COMMON         0x0c101065        0x1 ./lab13.o
                0x0c101065                scancode
 COMMON         0x0c101066        0x1 ../../BSP/Debug\libBSP.a(leds.o)
                0x0c101066                status
                0x0c101067                end = .
OUTPUT(lab13.elf elf32-littlearm)

.debug_abbrev   0x00000000      0x32e
 .debug_abbrev  0x00000000       0xec ./kernelcoop.o
 .debug_abbrev  0x000000ec       0xe0 ./lab13.o
 .debug_abbrev  0x000001cc       0xaf ../../BSP/Debug\libBSP.a(leds.o)
 .debug_abbrev  0x0000027b       0xb3 ../../BSP/Debug\libBSP.a(segs.o)

.debug_info     0x00000000      0x76b
 .debug_info    0x00000000      0x201 ./kernelcoop.o
 .debug_info    0x00000201      0x30d ./lab13.o
 .debug_info    0x0000050e      0x150 ../../BSP/Debug\libBSP.a(leds.o)
 .debug_info    0x0000065e      0x10d ../../BSP/Debug\libBSP.a(segs.o)

.debug_line     0x00000000      0x36c
 .debug_line    0x00000000       0xe8 ./kernelcoop.o
 .debug_line    0x000000e8      0x15b ./lab13.o
 .debug_line    0x00000243       0x96 ../../BSP/Debug\libBSP.a(leds.o)
 .debug_line    0x000002d9       0x93 ../../BSP/Debug\libBSP.a(segs.o)

.debug_macinfo  0x00000000    0x1290f
 .debug_macinfo
                0x00000000     0x4326 ./kernelcoop.o
 .debug_macinfo
                0x00004326     0x5646 ./lab13.o
 .debug_macinfo
                0x0000996c     0x432c ../../BSP/Debug\libBSP.a(leds.o)
 .debug_macinfo
                0x0000dc98     0x4c77 ../../BSP/Debug\libBSP.a(segs.o)

.debug_loc      0x00000000      0x3c8
 .debug_loc     0x00000000       0xdc ./kernelcoop.o
 .debug_loc     0x000000dc      0x160 ./lab13.o
 .debug_loc     0x0000023c       0xdc ../../BSP/Debug\libBSP.a(leds.o)
 .debug_loc     0x00000318       0xb0 ../../BSP/Debug\libBSP.a(segs.o)

.debug_pubnames
                0x00000000      0x1a9
 .debug_pubnames
                0x00000000       0x61 ./kernelcoop.o
 .debug_pubnames
                0x00000061       0x9a ./lab13.o
 .debug_pubnames
                0x000000fb       0x60 ../../BSP/Debug\libBSP.a(leds.o)
 .debug_pubnames
                0x0000015b       0x4e ../../BSP/Debug\libBSP.a(segs.o)

.debug_pubtypes
                0x00000000       0xb9
 .debug_pubtypes
                0x00000000       0x34 ./kernelcoop.o
 .debug_pubtypes
                0x00000034       0x42 ./lab13.o
 .debug_pubtypes
                0x00000076       0x27 ../../BSP/Debug\libBSP.a(leds.o)
 .debug_pubtypes
                0x0000009d       0x1c ../../BSP/Debug\libBSP.a(segs.o)

.debug_aranges  0x00000000       0x80
 .debug_aranges
                0x00000000       0x20 ./kernelcoop.o
 .debug_aranges
                0x00000020       0x20 ./lab13.o
 .debug_aranges
                0x00000040       0x20 ../../BSP/Debug\libBSP.a(leds.o)
 .debug_aranges
                0x00000060       0x20 ../../BSP/Debug\libBSP.a(segs.o)

.debug_str      0x00000000      0x229
 .debug_str     0x00000000      0x106 ./kernelcoop.o
                                0x11f (size before relaxing)
 .debug_str     0x00000106       0x85 ./lab13.o
                                0x148 (size before relaxing)
 .debug_str     0x0000018b       0x5b ../../BSP/Debug\libBSP.a(leds.o)
                                 0xe4 (size before relaxing)
 .debug_str     0x000001e6       0x43 ../../BSP/Debug\libBSP.a(segs.o)
                                 0xe2 (size before relaxing)

.comment        0x00000000       0x2a
 .comment       0x00000000       0x2a ./kernelcoop.o
                                 0x2b (size before relaxing)
 .comment       0x00000000       0x2b ./lab13.o
 .comment       0x00000000       0x2b ../../BSP/Debug\libBSP.a(leds.o)
 .comment       0x00000000       0x2b ../../BSP/Debug\libBSP.a(segs.o)

.ARM.attributes
                0x00000000       0x32
 .ARM.attributes
                0x00000000       0x32 ./kernelcoop.o
 .ARM.attributes
                0x00000032       0x32 ./lab13.o
 .ARM.attributes
                0x00000064       0x32 ../../BSP/Debug\libBSP.a(leds.o)
 .ARM.attributes
                0x00000096       0x32 ../../BSP/Debug\libBSP.a(segs.o)

.debug_frame    0x00000000      0x314
 .debug_frame   0x00000000       0xbc ./kernelcoop.o
 .debug_frame   0x000000bc      0x118 ./lab13.o
 .debug_frame   0x000001d4       0xb0 ../../BSP/Debug\libBSP.a(leds.o)
 .debug_frame   0x00000284       0x90 ../../BSP/Debug\libBSP.a(segs.o)
