Archive member included because of file (symbol)

../../BSP/Debug\libBSP.a(rtc.o)
                              ./lab5.o (rtc_init)
../../BSP/Debug\libBSP.a(system.o)
                              ./lab5.o (sys_init)
../../BSP/Debug\libBSP.a(uart.o)
                              ./lab5.o (uart0_init)

Memory Configuration

Name             Origin             Length             Attributes
*default*        0x00000000         0xffffffff

Linker script and memory map

LOAD ./lab5.o
LOAD ../../BSP/Debug\libBSP.a
START GROUP
LOAD c:/software/electronica/arm/eclipsearm/sourcery-g++-lite-arm-2011.03/bin/../lib/gcc/arm-none-eabi/4.5.2\libgcc.a
LOAD c:/software/electronica/arm/eclipsearm/sourcery-g++-lite-arm-2011.03/bin/../lib/gcc/arm-none-eabi/4.5.2/../../../../arm-none-eabi/lib\libc.a
END GROUP
                0x0c100000                . = 0xc100000

.text           0x0c100000     0x1d8c
 *(.text)
 .text          0x0c100000      0x240 ./lab5.o
                0x0c100000                main
                0x0c100184                isr_tick
 .text          0x0c100240      0x934 ../../BSP/Debug\libBSP.a(rtc.o)
                0x0c100240                rtc_init
                0x0c100388                rtc_puttime
                0x0c100640                rtc_gettime
                0x0c100aa8                rtc_open
                0x0c100b20                rtc_close
 .text          0x0c100b74      0xb70 ../../BSP/Debug\libBSP.a(system.o)
                0x0c100b74                sys_init
                0x0c1010d4                isr_SWI_dummy
                0x0c101100                isr_UNDEF_dummy
                0x0c10112c                isr_IRQ_dummy
                0x0c101158                isr_FIQ_dummy
                0x0c101184                isr_PABORT_dummy
                0x0c1011b0                isr_DABORT_dummy
                0x0c1011dc                isr_ADC_dummy
                0x0c101208                isr_RTC_dummy
                0x0c101234                isr_UTXD1_dummy
                0x0c101260                isr_UTXD0_dummy
                0x0c10128c                isr_SIO_dummy
                0x0c1012b8                isr_IIC_dummy
                0x0c1012e4                isr_URXD1_dummy
                0x0c101310                isr_URXD0_dummy
                0x0c10133c                isr_TIMER5_dummy
                0x0c101368                isr_TIMER4_dummy
                0x0c101394                isr_TIMER3_dummy
                0x0c1013c0                isr_TIMER2_dummy
                0x0c1013ec                isr_TIMER1_dummy
                0x0c101418                isr_TIMER0_dummy
                0x0c101444                isr_UERR01_dummy
                0x0c101470                isr_WDT_dummy
                0x0c10149c                isr_BDMA1_dummy
                0x0c1014c8                isr_BDMA0_dummy
                0x0c1014f4                isr_ZDMA1_dummy
                0x0c101520                isr_ZDMA0_dummy
                0x0c10154c                isr_TICK_dummy
                0x0c101578                isr_PB_dummy
                0x0c1015a4                isr_ETHERNET_dummy
                0x0c1015d0                isr_TS_dummy
                0x0c1015fc                isr_KEYPAD_dummy
                0x0c101628                isr_USB_dummy
                0x0c1016b4                sleep
 .text          0x0c1016e4      0x6a8 ../../BSP/Debug\libBSP.a(uart.o)
                0x0c1016e4                uart0_init
                0x0c101748                uart0_putchar
                0x0c101798                uart0_getchar
                0x0c1017e0                uart0_puts
                0x0c101848                uart0_putint
                0x0c101954                uart0_puthex
                0x0c101a0c                uart0_gets
                0x0c101aa0                uart0_getint
                0x0c101bac                uart0_gethex

.glue_7         0x0c101d8c        0x0
 .glue_7        0x00000000        0x0 linker stubs

.glue_7t        0x0c101d8c        0x0
 .glue_7t       0x00000000        0x0 linker stubs

.vfp11_veneer   0x0c101d8c        0x0
 .vfp11_veneer  0x00000000        0x0 linker stubs

.v4_bx          0x0c101d8c        0x0
 .v4_bx         0x00000000        0x0 linker stubs

.rodata         0x0c101d8c      0x700
 *(.rodata)
 .rodata        0x0c101d8c       0xbc ./lab5.o
 .rodata        0x0c101e48      0x644 ../../BSP/Debug\libBSP.a(system.o)

.data           0x0c10248c        0x0
 *(.data)
 .data          0x0c10248c        0x0 ./lab5.o
 .data          0x0c10248c        0x0 ../../BSP/Debug\libBSP.a(rtc.o)
 .data          0x0c10248c        0x0 ../../BSP/Debug\libBSP.a(system.o)
 .data          0x0c10248c        0x0 ../../BSP/Debug\libBSP.a(uart.o)

.bss            0x0c10248c        0x0
 *(.bss)
 .bss           0x0c10248c        0x0 ./lab5.o
 .bss           0x0c10248c        0x0 ../../BSP/Debug\libBSP.a(rtc.o)
 .bss           0x0c10248c        0x0 ../../BSP/Debug\libBSP.a(system.o)
 .bss           0x0c10248c        0x0 ../../BSP/Debug\libBSP.a(uart.o)
                0x0c10248c                end = .
OUTPUT(lab5.elf elf32-littlearm)

.debug_abbrev   0x00000000      0x2f0
 .debug_abbrev  0x00000000       0xb5 ./lab5.o
 .debug_abbrev  0x000000b5       0xbe ../../BSP/Debug\libBSP.a(rtc.o)
 .debug_abbrev  0x00000173       0x89 ../../BSP/Debug\libBSP.a(system.o)
 .debug_abbrev  0x000001fc       0xf4 ../../BSP/Debug\libBSP.a(uart.o)

.debug_info     0x00000000      0x93a
 .debug_info    0x00000000      0x149 ./lab5.o
 .debug_info    0x00000149      0x1ac ../../BSP/Debug\libBSP.a(rtc.o)
 .debug_info    0x000002f5      0x390 ../../BSP/Debug\libBSP.a(system.o)
 .debug_info    0x00000685      0x2b5 ../../BSP/Debug\libBSP.a(uart.o)

.debug_line     0x00000000      0x4c2
 .debug_line    0x00000000       0xc0 ./lab5.o
 .debug_line    0x000000c0       0xee ../../BSP/Debug\libBSP.a(rtc.o)
 .debug_line    0x000001ae      0x1f6 ../../BSP/Debug\libBSP.a(system.o)
 .debug_line    0x000003a4      0x11e ../../BSP/Debug\libBSP.a(uart.o)

.debug_macinfo  0x00000000    0x12c98
 .debug_macinfo
                0x00000000     0x49c3 ./lab5.o
 .debug_macinfo
                0x000049c3     0x4cbe ../../BSP/Debug\libBSP.a(rtc.o)
 .debug_macinfo
                0x00009681     0x530a ../../BSP/Debug\libBSP.a(system.o)
 .debug_macinfo
                0x0000e98b     0x430d ../../BSP/Debug\libBSP.a(uart.o)

.debug_loc      0x00000000      0x91c
 .debug_loc     0x00000000       0x58 ./lab5.o
 .debug_loc     0x00000058       0xdc ../../BSP/Debug\libBSP.a(rtc.o)
 .debug_loc     0x00000134      0x65c ../../BSP/Debug\libBSP.a(system.o)
 .debug_loc     0x00000790      0x18c ../../BSP/Debug\libBSP.a(uart.o)

.debug_pubnames
                0x00000000      0x3c6
 .debug_pubnames
                0x00000000       0x28 ./lab5.o
 .debug_pubnames
                0x00000028       0x5a ../../BSP/Debug\libBSP.a(rtc.o)
 .debug_pubnames
                0x00000082      0x29d ../../BSP/Debug\libBSP.a(system.o)
 .debug_pubnames
                0x0000031f       0xa7 ../../BSP/Debug\libBSP.a(uart.o)

.debug_pubtypes
                0x00000000       0xc4
 .debug_pubtypes
                0x00000000       0x36 ./lab5.o
 .debug_pubtypes
                0x00000036       0x36 ../../BSP/Debug\libBSP.a(rtc.o)
 .debug_pubtypes
                0x0000006c       0x27 ../../BSP/Debug\libBSP.a(system.o)
 .debug_pubtypes
                0x00000093       0x31 ../../BSP/Debug\libBSP.a(uart.o)

.debug_aranges  0x00000000       0x80
 .debug_aranges
                0x00000000       0x20 ./lab5.o
 .debug_aranges
                0x00000020       0x20 ../../BSP/Debug\libBSP.a(rtc.o)
 .debug_aranges
                0x00000040       0x20 ../../BSP/Debug\libBSP.a(system.o)
 .debug_aranges
                0x00000060       0x20 ../../BSP/Debug\libBSP.a(uart.o)

.debug_str      0x00000000      0x421
 .debug_str     0x00000000       0xd9 ./lab5.o
                                 0xf2 (size before relaxing)
 .debug_str     0x000000d9       0x72 ../../BSP/Debug\libBSP.a(rtc.o)
                                0x11c (size before relaxing)
 .debug_str     0x0000014b      0x234 ../../BSP/Debug\libBSP.a(system.o)
                                0x2e5 (size before relaxing)
 .debug_str     0x0000037f       0xa2 ../../BSP/Debug\libBSP.a(uart.o)
                                0x155 (size before relaxing)

.comment        0x00000000       0x2a
 .comment       0x00000000       0x2a ./lab5.o
                                 0x2b (size before relaxing)
 .comment       0x00000000       0x2b ../../BSP/Debug\libBSP.a(rtc.o)
 .comment       0x00000000       0x2b ../../BSP/Debug\libBSP.a(system.o)
 .comment       0x00000000       0x2b ../../BSP/Debug\libBSP.a(uart.o)

.ARM.attributes
                0x00000000       0x32
 .ARM.attributes
                0x00000000       0x32 ./lab5.o
 .ARM.attributes
                0x00000032       0x32 ../../BSP/Debug\libBSP.a(rtc.o)
 .ARM.attributes
                0x00000064       0x32 ../../BSP/Debug\libBSP.a(system.o)
 .ARM.attributes
                0x00000096       0x32 ../../BSP/Debug\libBSP.a(uart.o)

.debug_frame    0x00000000      0x870
 .debug_frame   0x00000000       0x5c ./lab5.o
 .debug_frame   0x0000005c       0xb0 ../../BSP/Debug\libBSP.a(rtc.o)
 .debug_frame   0x0000010c      0x630 ../../BSP/Debug\libBSP.a(system.o)
 .debug_frame   0x0000073c      0x134 ../../BSP/Debug\libBSP.a(uart.o)
