Archive member included because of file (symbol)

../../BSP/Debug\libBSP.a(iis.o)
                              ./lab9-efectos.o (iis_init)
../../BSP/Debug\libBSP.a(pbs.o)
                              ./lab9-efectos.o (pbs_init)
../../BSP/Debug\libBSP.a(segs.o)
                              ./lab9-efectos.o (segs_init)
../../BSP/Debug\libBSP.a(system.o)
                              ./lab9-efectos.o (sys_init)
../../BSP/Debug\libBSP.a(timers.o)
                              ../../BSP/Debug\libBSP.a(pbs.o) (timers_init)
../../BSP/Debug\libBSP.a(uart.o)
                              ./lab9-efectos.o (uart0_init)
../../BSP/Debug\libBSP.a(uda1341ts.o)
                              ./lab9-efectos.o (uda1341ts_init)
../../BSP/Debug\libBSP.a(dma.o)
                              ../../BSP/Debug\libBSP.a(iis.o) (bdma0_init)
../../BSP/Debug\libBSP.a(l3.o)
                              ../../BSP/Debug\libBSP.a(uda1341ts.o) (L3_init)
../../BSP/Debug\libBSP.a(leds.o)
                              ../../BSP/Debug\libBSP.a(l3.o) (led_status)
c:/software/electronica/arm/eclipsearm/sourcery-g++-lite-arm-2011.03/bin/../lib/gcc/arm-none-eabi/4.5.2\libgcc.a(_udivsi3.o)
                              ../../BSP/Debug\libBSP.a(timers.o) (__aeabi_uidiv)
c:/software/electronica/arm/eclipsearm/sourcery-g++-lite-arm-2011.03/bin/../lib/gcc/arm-none-eabi/4.5.2\libgcc.a(_dvmd_tls.o)
                              c:/software/electronica/arm/eclipsearm/sourcery-g++-lite-arm-2011.03/bin/../lib/gcc/arm-none-eabi/4.5.2\libgcc.a(_udivsi3.o) (__aeabi_idiv0)
c:/software/electronica/arm/eclipsearm/sourcery-g++-lite-arm-2011.03/bin/../lib/gcc/arm-none-eabi/4.5.2\libgcc.a(_aeabi_uldivmod.o)
                              ../../BSP/Debug\libBSP.a(timers.o) (__aeabi_uldivmod)
c:/software/electronica/arm/eclipsearm/sourcery-g++-lite-arm-2011.03/bin/../lib/gcc/arm-none-eabi/4.5.2\libgcc.a(bpabi.o)
                              c:/software/electronica/arm/eclipsearm/sourcery-g++-lite-arm-2011.03/bin/../lib/gcc/arm-none-eabi/4.5.2\libgcc.a(_aeabi_uldivmod.o) (__gnu_uldivmod_helper)
c:/software/electronica/arm/eclipsearm/sourcery-g++-lite-arm-2011.03/bin/../lib/gcc/arm-none-eabi/4.5.2\libgcc.a(_divdi3.o)
                              c:/software/electronica/arm/eclipsearm/sourcery-g++-lite-arm-2011.03/bin/../lib/gcc/arm-none-eabi/4.5.2\libgcc.a(bpabi.o) (__divdi3)
c:/software/electronica/arm/eclipsearm/sourcery-g++-lite-arm-2011.03/bin/../lib/gcc/arm-none-eabi/4.5.2\libgcc.a(_udivdi3.o)
                              c:/software/electronica/arm/eclipsearm/sourcery-g++-lite-arm-2011.03/bin/../lib/gcc/arm-none-eabi/4.5.2\libgcc.a(bpabi.o) (__udivdi3)
c:/software/electronica/arm/eclipsearm/sourcery-g++-lite-arm-2011.03/bin/../lib/gcc/arm-none-eabi/4.5.2\libgcc.a(_clzsi2.o)
                              c:/software/electronica/arm/eclipsearm/sourcery-g++-lite-arm-2011.03/bin/../lib/gcc/arm-none-eabi/4.5.2\libgcc.a(_divdi3.o) (__clzsi2)

Allocating common symbols
Common symbol       size              file

buffer              0x9c400           ./lab9-efectos.o
delay_buffer        0x1f406           ./lab9-efectos.o
status              0x1               ../../BSP/Debug\libBSP.a(leds.o)

Memory Configuration

Name             Origin             Length             Attributes
*default*        0x00000000         0xffffffff

Linker script and memory map

LOAD ./lab9-efectos.o
LOAD ../../BSP/Debug\libBSP.a
START GROUP
LOAD c:/software/electronica/arm/eclipsearm/sourcery-g++-lite-arm-2011.03/bin/../lib/gcc/arm-none-eabi/4.5.2\libgcc.a
LOAD c:/software/electronica/arm/eclipsearm/sourcery-g++-lite-arm-2011.03/bin/../lib/gcc/arm-none-eabi/4.5.2/../../../../arm-none-eabi/lib\libc.a
END GROUP
                0x0c100000                . = 0xc100000

.text           0x0c100000     0x492c
 *(.text)
 .text          0x0c100000      0xf88 ./lab9-efectos.o
                0x0c100000                main
                0x0c100d38                audiodelay_init
                0x0c100df4                audiodelay_put
                0x0c100ebc                audiodelay_get
 .text          0x0c100f88      0x700 ../../BSP/Debug\libBSP.a(iis.o)
                0x0c100f88                iis_init
                0x0c1010f4                iis_putSample
                0x0c10115c                iis_getSample
                0x0c1011d0                iis_play
                0x0c101368                iis_rec
                0x0c1014d8                iis_pause
                0x0c101518                iis_continue
                0x0c101558                iis_status
                0x0c101580                iis_playwawFile
 .text          0x0c101688      0x410 ../../BSP/Debug\libBSP.a(pbs.o)
                0x0c101688                pbs_init
                0x0c1016a4                pb_scan
                0x0c101700                pb_status
                0x0c101798                pb_wait_keydown
                0x0c1017d8                pb_wait_keyup
                0x0c101824                pb_wait_any_keydown
                0x0c101850                pb_wait_any_keyup
                0x0c101880                pb_getchar
                0x0c1018e8                pb_getchartime
                0x0c101984                pb_timeout_getchar
                0x0c1019ec                pbs_open
                0x0c101a54                pbs_close
 .text          0x0c101a98       0xd4 ../../BSP/Debug\libBSP.a(segs.o)
                0x0c101a98                segs_init
                0x0c101ab4                segs_off
                0x0c101aec                segs_putchar
                0x0c101b44                segs_status
 .text          0x0c101b6c      0xb34 ../../BSP/Debug\libBSP.a(system.o)
                0x0c101b6c                sys_init
                0x0c1020cc                isr_SWI_dummy
                0x0c1020f8                isr_UNDEF_dummy
                0x0c102124                isr_IRQ_dummy
                0x0c102150                isr_FIQ_dummy
                0x0c10217c                isr_PABORT_dummy
                0x0c1021a8                isr_DABORT_dummy
                0x0c1021d4                isr_ADC_dummy
                0x0c102200                isr_RTC_dummy
                0x0c10222c                isr_UTXD1_dummy
                0x0c102258                isr_UTXD0_dummy
                0x0c102284                isr_SIO_dummy
                0x0c1022b0                isr_IIC_dummy
                0x0c1022dc                isr_URXD1_dummy
                0x0c102308                isr_URXD0_dummy
                0x0c102334                isr_TIMER5_dummy
                0x0c102360                isr_TIMER4_dummy
                0x0c10238c                isr_TIMER3_dummy
                0x0c1023b8                isr_TIMER2_dummy
                0x0c1023e4                isr_TIMER1_dummy
                0x0c102410                isr_TIMER0_dummy
                0x0c10243c                isr_UERR01_dummy
                0x0c102468                isr_WDT_dummy
                0x0c102494                isr_BDMA1_dummy
                0x0c1024c0                isr_BDMA0_dummy
                0x0c1024ec                isr_ZDMA1_dummy
                0x0c102518                isr_ZDMA0_dummy
                0x0c102544                isr_TICK_dummy
                0x0c102570                isr_PB_dummy
                0x0c10259c                isr_ETHERNET_dummy
                0x0c1025c8                isr_TS_dummy
                0x0c1025f4                isr_KEYPAD_dummy
                0x0c102620                isr_USB_dummy
                0x0c102670                sleep
 .text          0x0c1026a0      0x9cc ../../BSP/Debug\libBSP.a(timers.o)
                0x0c1026a0                timers_init
                0x0c102860                timer3_delay_ms
                0x0c102934                sw_delay_ms
                0x0c10298c                timer3_delay_s
                0x0c102a48                sw_delay_s
                0x0c102aa0                timer3_start
                0x0c102b50                timer3_stop
                0x0c102ba4                timer3_start_timeout
                0x0c102c5c                timer3_timeout
                0x0c102c98                timer0_open_tick
                0x0c102ed4                timer0_open_ms
                0x0c102fd8                timer0_close
 .text          0x0c10306c      0x6a8 ../../BSP/Debug\libBSP.a(uart.o)
                0x0c10306c                uart0_init
                0x0c1030d0                uart0_putchar
                0x0c103120                uart0_getchar
                0x0c103168                uart0_puts
                0x0c1031d0                uart0_putint
                0x0c1032dc                uart0_puthex
                0x0c103394                uart0_gets
                0x0c103428                uart0_getint
                0x0c103534                uart0_gethex
 .text          0x0c103714      0x268 ../../BSP/Debug\libBSP.a(uda1341ts.o)
                0x0c103714                uda1341ts_init
                0x0c103790                uda1341ts_mute
                0x0c1037cc                uda1341ts_on
                0x0c10383c                uda1341ts_off
                0x0c1038bc                uda1341ts_status
                0x0c1038f0                uda1341ts_setvol
                0x0c103954                uda1341ts_getvol
 .text          0x0c10397c       0xf8 ../../BSP/Debug\libBSP.a(dma.o)
                0x0c10397c                bdma0_init
                0x0c1039d0                bdma0_open
                0x0c103a2c                bdma0_close
 .text          0x0c103a74      0x19c ../../BSP/Debug\libBSP.a(l3.o)
                0x0c103a74                L3_init
                0x0c103aa4                L3_putByte
 .text          0x0c103c10      0x224 ../../BSP/Debug\libBSP.a(leds.o)
                0x0c103c10                leds_init
                0x0c103c40                led_on
                0x0c103cac                led_off
                0x0c103d18                led_toggle
                0x0c103d84                led_status
 .text          0x0c103e34      0x114 c:/software/electronica/arm/eclipsearm/sourcery-g++-lite-arm-2011.03/bin/../lib/gcc/arm-none-eabi/4.5.2\libgcc.a(_udivsi3.o)
                0x0c103e34                __aeabi_uidiv
                0x0c103e34                __udivsi3
                0x0c103f28                __aeabi_uidivmod
 .text          0x0c103f48        0x4 c:/software/electronica/arm/eclipsearm/sourcery-g++-lite-arm-2011.03/bin/../lib/gcc/arm-none-eabi/4.5.2\libgcc.a(_dvmd_tls.o)
                0x0c103f48                __aeabi_idiv0
                0x0c103f48                __aeabi_ldiv0
 .text          0x0c103f4c       0x3c c:/software/electronica/arm/eclipsearm/sourcery-g++-lite-arm-2011.03/bin/../lib/gcc/arm-none-eabi/4.5.2\libgcc.a(_aeabi_uldivmod.o)
                0x0c103f4c                __aeabi_uldivmod
 .text          0x0c103f88       0x80 c:/software/electronica/arm/eclipsearm/sourcery-g++-lite-arm-2011.03/bin/../lib/gcc/arm-none-eabi/4.5.2\libgcc.a(bpabi.o)
                0x0c103f88                __gnu_ldivmod_helper
                0x0c103fc8                __gnu_uldivmod_helper
 .text          0x0c104008      0x4a8 c:/software/electronica/arm/eclipsearm/sourcery-g++-lite-arm-2011.03/bin/../lib/gcc/arm-none-eabi/4.5.2\libgcc.a(_divdi3.o)
                0x0c104008                __divdi3
 .text          0x0c1044b0      0x434 c:/software/electronica/arm/eclipsearm/sourcery-g++-lite-arm-2011.03/bin/../lib/gcc/arm-none-eabi/4.5.2\libgcc.a(_udivdi3.o)
                0x0c1044b0                __udivdi3
 .text          0x0c1048e4       0x48 c:/software/electronica/arm/eclipsearm/sourcery-g++-lite-arm-2011.03/bin/../lib/gcc/arm-none-eabi/4.5.2\libgcc.a(_clzsi2.o)
                0x0c1048e4                __clzsi2

.glue_7         0x0c10492c        0x0
 .glue_7        0x00000000        0x0 linker stubs

.glue_7t        0x0c10492c        0x0
 .glue_7t       0x00000000        0x0 linker stubs

.vfp11_veneer   0x0c10492c        0x0
 .vfp11_veneer  0x00000000        0x0 linker stubs

.v4_bx          0x0c10492c        0x0
 .v4_bx         0x00000000        0x0 linker stubs

.rodata         0x0c10492c      0x928
 *(.rodata)
 .rodata        0x0c10492c      0x320 ./lab9-efectos.o
 .rodata        0x0c104c4c       0x10 ../../BSP/Debug\libBSP.a(segs.o)
 .rodata        0x0c104c5c      0x5f8 ../../BSP/Debug\libBSP.a(system.o)

.ARM.extab      0x0c105254        0x0
 .ARM.extab     0x0c105254        0x0 c:/software/electronica/arm/eclipsearm/sourcery-g++-lite-arm-2011.03/bin/../lib/gcc/arm-none-eabi/4.5.2\libgcc.a(_divdi3.o)
 .ARM.extab     0x0c105254        0x0 c:/software/electronica/arm/eclipsearm/sourcery-g++-lite-arm-2011.03/bin/../lib/gcc/arm-none-eabi/4.5.2\libgcc.a(_udivdi3.o)

.ARM.exidx      0x0c105254        0x8
 .ARM.exidx     0x0c105254        0x8 c:/software/electronica/arm/eclipsearm/sourcery-g++-lite-arm-2011.03/bin/../lib/gcc/arm-none-eabi/4.5.2\libgcc.a(_divdi3.o)
 .ARM.exidx     0x0c10525c        0x0 c:/software/electronica/arm/eclipsearm/sourcery-g++-lite-arm-2011.03/bin/../lib/gcc/arm-none-eabi/4.5.2\libgcc.a(_udivdi3.o)
                                  0x8 (size before relaxing)

.data           0x0c10525c       0xd8
 *(.data)
 .data          0x0c10525c       0xd8 ./lab9-efectos.o
                0x0c10525c                triangle
                0x0c1052a4                square
                0x0c1052ec                sine
 .data          0x0c105334        0x0 ../../BSP/Debug\libBSP.a(iis.o)
 .data          0x0c105334        0x0 ../../BSP/Debug\libBSP.a(pbs.o)
 .data          0x0c105334        0x0 ../../BSP/Debug\libBSP.a(segs.o)
 .data          0x0c105334        0x0 ../../BSP/Debug\libBSP.a(system.o)
 .data          0x0c105334        0x0 ../../BSP/Debug\libBSP.a(timers.o)
 .data          0x0c105334        0x0 ../../BSP/Debug\libBSP.a(uart.o)
 .data          0x0c105334        0x0 ../../BSP/Debug\libBSP.a(uda1341ts.o)
 .data          0x0c105334        0x0 ../../BSP/Debug\libBSP.a(dma.o)
 .data          0x0c105334        0x0 ../../BSP/Debug\libBSP.a(l3.o)
 .data          0x0c105334        0x0 ../../BSP/Debug\libBSP.a(leds.o)
 .data          0x0c105334        0x0 c:/software/electronica/arm/eclipsearm/sourcery-g++-lite-arm-2011.03/bin/../lib/gcc/arm-none-eabi/4.5.2\libgcc.a(_udivsi3.o)
 .data          0x0c105334        0x0 c:/software/electronica/arm/eclipsearm/sourcery-g++-lite-arm-2011.03/bin/../lib/gcc/arm-none-eabi/4.5.2\libgcc.a(_dvmd_tls.o)
 .data          0x0c105334        0x0 c:/software/electronica/arm/eclipsearm/sourcery-g++-lite-arm-2011.03/bin/../lib/gcc/arm-none-eabi/4.5.2\libgcc.a(_aeabi_uldivmod.o)
 .data          0x0c105334        0x0 c:/software/electronica/arm/eclipsearm/sourcery-g++-lite-arm-2011.03/bin/../lib/gcc/arm-none-eabi/4.5.2\libgcc.a(bpabi.o)
 .data          0x0c105334        0x0 c:/software/electronica/arm/eclipsearm/sourcery-g++-lite-arm-2011.03/bin/../lib/gcc/arm-none-eabi/4.5.2\libgcc.a(_divdi3.o)
 .data          0x0c105334        0x0 c:/software/electronica/arm/eclipsearm/sourcery-g++-lite-arm-2011.03/bin/../lib/gcc/arm-none-eabi/4.5.2\libgcc.a(_udivdi3.o)
 .data          0x0c105334        0x0 c:/software/electronica/arm/eclipsearm/sourcery-g++-lite-arm-2011.03/bin/../lib/gcc/arm-none-eabi/4.5.2\libgcc.a(_clzsi2.o)

.bss            0x0c105334    0xbb817
 *(.bss)
 .bss           0x0c105334        0x0 ./lab9-efectos.o
 .bss           0x0c105334        0x3 ../../BSP/Debug\libBSP.a(iis.o)
 .bss           0x0c105337        0x0 ../../BSP/Debug\libBSP.a(pbs.o)
 .bss           0x0c105337        0x1 ../../BSP/Debug\libBSP.a(segs.o)
 .bss           0x0c105338        0x0 ../../BSP/Debug\libBSP.a(system.o)
 .bss           0x0c105338        0x8 ../../BSP/Debug\libBSP.a(timers.o)
 .bss           0x0c105340        0x0 ../../BSP/Debug\libBSP.a(uart.o)
 .bss           0x0c105340        0x2 ../../BSP/Debug\libBSP.a(uda1341ts.o)
 .bss           0x0c105342        0x0 ../../BSP/Debug\libBSP.a(dma.o)
 .bss           0x0c105342        0x0 ../../BSP/Debug\libBSP.a(l3.o)
 .bss           0x0c105342        0x0 ../../BSP/Debug\libBSP.a(leds.o)
 .bss           0x0c105342        0x0 c:/software/electronica/arm/eclipsearm/sourcery-g++-lite-arm-2011.03/bin/../lib/gcc/arm-none-eabi/4.5.2\libgcc.a(_udivsi3.o)
 .bss           0x0c105342        0x0 c:/software/electronica/arm/eclipsearm/sourcery-g++-lite-arm-2011.03/bin/../lib/gcc/arm-none-eabi/4.5.2\libgcc.a(_dvmd_tls.o)
 .bss           0x0c105342        0x0 c:/software/electronica/arm/eclipsearm/sourcery-g++-lite-arm-2011.03/bin/../lib/gcc/arm-none-eabi/4.5.2\libgcc.a(_aeabi_uldivmod.o)
 .bss           0x0c105342        0x0 c:/software/electronica/arm/eclipsearm/sourcery-g++-lite-arm-2011.03/bin/../lib/gcc/arm-none-eabi/4.5.2\libgcc.a(bpabi.o)
 .bss           0x0c105342        0x0 c:/software/electronica/arm/eclipsearm/sourcery-g++-lite-arm-2011.03/bin/../lib/gcc/arm-none-eabi/4.5.2\libgcc.a(_divdi3.o)
 .bss           0x0c105342        0x0 c:/software/electronica/arm/eclipsearm/sourcery-g++-lite-arm-2011.03/bin/../lib/gcc/arm-none-eabi/4.5.2\libgcc.a(_udivdi3.o)
 .bss           0x0c105342        0x0 c:/software/electronica/arm/eclipsearm/sourcery-g++-lite-arm-2011.03/bin/../lib/gcc/arm-none-eabi/4.5.2\libgcc.a(_clzsi2.o)
 *fill*         0x0c105342        0x2 00
 COMMON         0x0c105344    0xbb806 ./lab9-efectos.o
                0x0c105344                buffer
                0x0c1a1744                delay_buffer
 COMMON         0x0c1c0b4a        0x1 ../../BSP/Debug\libBSP.a(leds.o)
                0x0c1c0b4a                status
                0x0c1c0b4b                end = .
OUTPUT(lab9-efectos.elf elf32-littlearm)

.debug_abbrev   0x00000000      0x88e
 .debug_abbrev  0x00000000      0x142 ./lab9-efectos.o
 .debug_abbrev  0x00000142       0xd4 ../../BSP/Debug\libBSP.a(iis.o)
 .debug_abbrev  0x00000216       0xd2 ../../BSP/Debug\libBSP.a(pbs.o)
 .debug_abbrev  0x000002e8       0xb3 ../../BSP/Debug\libBSP.a(segs.o)
 .debug_abbrev  0x0000039b       0x89 ../../BSP/Debug\libBSP.a(system.o)
 .debug_abbrev  0x00000424       0xdd ../../BSP/Debug\libBSP.a(timers.o)
 .debug_abbrev  0x00000501       0xf4 ../../BSP/Debug\libBSP.a(uart.o)
 .debug_abbrev  0x000005f5       0xc2 ../../BSP/Debug\libBSP.a(uda1341ts.o)
 .debug_abbrev  0x000006b7       0x84 ../../BSP/Debug\libBSP.a(dma.o)
 .debug_abbrev  0x0000073b       0xa4 ../../BSP/Debug\libBSP.a(l3.o)
 .debug_abbrev  0x000007df       0xaf ../../BSP/Debug\libBSP.a(leds.o)

.debug_info     0x00000000     0x1700
 .debug_info    0x00000000      0x33b ./lab9-efectos.o
 .debug_info    0x0000033b      0x2ad ../../BSP/Debug\libBSP.a(iis.o)
 .debug_info    0x000005e8      0x24e ../../BSP/Debug\libBSP.a(pbs.o)
 .debug_info    0x00000836      0x10d ../../BSP/Debug\libBSP.a(segs.o)
 .debug_info    0x00000943      0x390 ../../BSP/Debug\libBSP.a(system.o)
 .debug_info    0x00000cd3      0x29d ../../BSP/Debug\libBSP.a(timers.o)
 .debug_info    0x00000f70      0x2b5 ../../BSP/Debug\libBSP.a(uart.o)
 .debug_info    0x00001225      0x188 ../../BSP/Debug\libBSP.a(uda1341ts.o)
 .debug_info    0x000013ad       0xc7 ../../BSP/Debug\libBSP.a(dma.o)
 .debug_info    0x00001474      0x13c ../../BSP/Debug\libBSP.a(l3.o)
 .debug_info    0x000015b0      0x150 ../../BSP/Debug\libBSP.a(leds.o)

.debug_line     0x00000000      0xc00
 .debug_line    0x00000000      0x240 ./lab9-efectos.o
 .debug_line    0x00000240      0x124 ../../BSP/Debug\libBSP.a(iis.o)
 .debug_line    0x00000364      0x117 ../../BSP/Debug\libBSP.a(pbs.o)
 .debug_line    0x0000047b       0x93 ../../BSP/Debug\libBSP.a(segs.o)
 .debug_line    0x0000050e      0x1f0 ../../BSP/Debug\libBSP.a(system.o)
 .debug_line    0x000006fe      0x162 ../../BSP/Debug\libBSP.a(timers.o)
 .debug_line    0x00000860      0x11e ../../BSP/Debug\libBSP.a(uart.o)
 .debug_line    0x0000097e       0xa2 ../../BSP/Debug\libBSP.a(uda1341ts.o)
 .debug_line    0x00000a20       0x90 ../../BSP/Debug\libBSP.a(dma.o)
 .debug_line    0x00000ab0       0xba ../../BSP/Debug\libBSP.a(l3.o)
 .debug_line    0x00000b6a       0x96 ../../BSP/Debug\libBSP.a(leds.o)

.debug_macinfo  0x00000000    0x30b85
 .debug_macinfo
                0x00000000     0x4b56 ./lab9-efectos.o
 .debug_macinfo
                0x00004b56     0x4c95 ../../BSP/Debug\libBSP.a(iis.o)
 .debug_macinfo
                0x000097eb     0x4d0b ../../BSP/Debug\libBSP.a(pbs.o)
 .debug_macinfo
                0x0000e4f6     0x4c77 ../../BSP/Debug\libBSP.a(segs.o)
 .debug_macinfo
                0x0001316d     0x530a ../../BSP/Debug\libBSP.a(system.o)
 .debug_macinfo
                0x00018477     0x4c91 ../../BSP/Debug\libBSP.a(timers.o)
 .debug_macinfo
                0x0001d108     0x430d ../../BSP/Debug\libBSP.a(uart.o)
 .debug_macinfo
                0x00021415     0x244e ../../BSP/Debug\libBSP.a(uda1341ts.o)
 .debug_macinfo
                0x00023863     0x4c64 ../../BSP/Debug\libBSP.a(dma.o)
 .debug_macinfo
                0x000284c7     0x4392 ../../BSP/Debug\libBSP.a(l3.o)
 .debug_macinfo
                0x0002c859     0x432c ../../BSP/Debug\libBSP.a(leds.o)

.debug_loc      0x00000000     0x1238
 .debug_loc     0x00000000       0xb0 ./lab9-efectos.o
 .debug_loc     0x000000b0      0x1b8 ../../BSP/Debug\libBSP.a(iis.o)
 .debug_loc     0x00000268      0x210 ../../BSP/Debug\libBSP.a(pbs.o)
 .debug_loc     0x00000478       0xb0 ../../BSP/Debug\libBSP.a(segs.o)
 .debug_loc     0x00000528      0x65c ../../BSP/Debug\libBSP.a(system.o)
 .debug_loc     0x00000b84      0x23c ../../BSP/Debug\libBSP.a(timers.o)
 .debug_loc     0x00000dc0      0x18c ../../BSP/Debug\libBSP.a(uart.o)
 .debug_loc     0x00000f4c      0x134 ../../BSP/Debug\libBSP.a(uda1341ts.o)
 .debug_loc     0x00001080       0x84 ../../BSP/Debug\libBSP.a(dma.o)
 .debug_loc     0x00001104       0x58 ../../BSP/Debug\libBSP.a(l3.o)
 .debug_loc     0x0000115c       0xdc ../../BSP/Debug\libBSP.a(leds.o)

.debug_pubnames
                0x00000000      0x7f8
 .debug_pubnames
                0x00000000       0x92 ./lab9-efectos.o
 .debug_pubnames
                0x00000092       0x9e ../../BSP/Debug\libBSP.a(iis.o)
 .debug_pubnames
                0x00000130       0xe1 ../../BSP/Debug\libBSP.a(pbs.o)
 .debug_pubnames
                0x00000211       0x4e ../../BSP/Debug\libBSP.a(segs.o)
 .debug_pubnames
                0x0000025f      0x29d ../../BSP/Debug\libBSP.a(system.o)
 .debug_pubnames
                0x000004fc       0xee ../../BSP/Debug\libBSP.a(timers.o)
 .debug_pubnames
                0x000005ea       0xa7 ../../BSP/Debug\libBSP.a(uart.o)
 .debug_pubnames
                0x00000691       0x9a ../../BSP/Debug\libBSP.a(uda1341ts.o)
 .debug_pubnames
                0x0000072b       0x40 ../../BSP/Debug\libBSP.a(dma.o)
 .debug_pubnames
                0x0000076b       0x2d ../../BSP/Debug\libBSP.a(l3.o)
 .debug_pubnames
                0x00000798       0x60 ../../BSP/Debug\libBSP.a(leds.o)

.debug_pubtypes
                0x00000000      0x1f9
 .debug_pubtypes
                0x00000000       0x55 ./lab9-efectos.o
 .debug_pubtypes
                0x00000055       0x31 ../../BSP/Debug\libBSP.a(iis.o)
 .debug_pubtypes
                0x00000086       0x32 ../../BSP/Debug\libBSP.a(pbs.o)
 .debug_pubtypes
                0x000000b8       0x1c ../../BSP/Debug\libBSP.a(segs.o)
 .debug_pubtypes
                0x000000d4       0x27 ../../BSP/Debug\libBSP.a(system.o)
 .debug_pubtypes
                0x000000fb       0x3d ../../BSP/Debug\libBSP.a(timers.o)
 .debug_pubtypes
                0x00000138       0x31 ../../BSP/Debug\libBSP.a(uart.o)
 .debug_pubtypes
                0x00000169       0x1c ../../BSP/Debug\libBSP.a(uda1341ts.o)
 .debug_pubtypes
                0x00000185       0x1d ../../BSP/Debug\libBSP.a(dma.o)
 .debug_pubtypes
                0x000001a2       0x30 ../../BSP/Debug\libBSP.a(l3.o)
 .debug_pubtypes
                0x000001d2       0x27 ../../BSP/Debug\libBSP.a(leds.o)

.debug_aranges  0x00000000      0x160
 .debug_aranges
                0x00000000       0x20 ./lab9-efectos.o
 .debug_aranges
                0x00000020       0x20 ../../BSP/Debug\libBSP.a(iis.o)
 .debug_aranges
                0x00000040       0x20 ../../BSP/Debug\libBSP.a(pbs.o)
 .debug_aranges
                0x00000060       0x20 ../../BSP/Debug\libBSP.a(segs.o)
 .debug_aranges
                0x00000080       0x20 ../../BSP/Debug\libBSP.a(system.o)
 .debug_aranges
                0x000000a0       0x20 ../../BSP/Debug\libBSP.a(timers.o)
 .debug_aranges
                0x000000c0       0x20 ../../BSP/Debug\libBSP.a(uart.o)
 .debug_aranges
                0x000000e0       0x20 ../../BSP/Debug\libBSP.a(uda1341ts.o)
 .debug_aranges
                0x00000100       0x20 ../../BSP/Debug\libBSP.a(dma.o)
 .debug_aranges
                0x00000120       0x20 ../../BSP/Debug\libBSP.a(l3.o)
 .debug_aranges
                0x00000140       0x20 ../../BSP/Debug\libBSP.a(leds.o)

.debug_str      0x00000000      0x7ed
 .debug_str     0x00000000      0x143 ./lab9-efectos.o
                                0x169 (size before relaxing)
 .debug_str     0x00000143       0xcc ../../BSP/Debug\libBSP.a(iis.o)
                                0x164 (size before relaxing)
 .debug_str     0x0000020f       0xb5 ../../BSP/Debug\libBSP.a(pbs.o)
                                0x16b (size before relaxing)
 .debug_str     0x000002c4       0x49 ../../BSP/Debug\libBSP.a(segs.o)
                                 0xea (size before relaxing)
 .debug_str     0x0000030d      0x234 ../../BSP/Debug\libBSP.a(system.o)
                                0x2e5 (size before relaxing)
 .debug_str     0x00000541       0xe0 ../../BSP/Debug\libBSP.a(timers.o)
                                0x194 (size before relaxing)
 .debug_str     0x00000621       0xa2 ../../BSP/Debug\libBSP.a(uart.o)
                                0x155 (size before relaxing)
 .debug_str     0x000006c3       0x90 ../../BSP/Debug\libBSP.a(uda1341ts.o)
                                0x137 (size before relaxing)
 .debug_str     0x00000753       0x2f ../../BSP/Debug\libBSP.a(dma.o)
                                 0xd1 (size before relaxing)
 .debug_str     0x00000782       0x2e ../../BSP/Debug\libBSP.a(l3.o)
                                 0xe0 (size before relaxing)
 .debug_str     0x000007b0       0x3d ../../BSP/Debug\libBSP.a(leds.o)
                                 0xec (size before relaxing)

.comment        0x00000000       0x2a
 .comment       0x00000000       0x2a ./lab9-efectos.o
                                 0x2b (size before relaxing)
 .comment       0x00000000       0x2b ../../BSP/Debug\libBSP.a(iis.o)
 .comment       0x00000000       0x2b ../../BSP/Debug\libBSP.a(pbs.o)
 .comment       0x00000000       0x2b ../../BSP/Debug\libBSP.a(segs.o)
 .comment       0x00000000       0x2b ../../BSP/Debug\libBSP.a(system.o)
 .comment       0x00000000       0x2b ../../BSP/Debug\libBSP.a(timers.o)
 .comment       0x00000000       0x2b ../../BSP/Debug\libBSP.a(uart.o)
 .comment       0x00000000       0x2b ../../BSP/Debug\libBSP.a(uda1341ts.o)
 .comment       0x00000000       0x2b ../../BSP/Debug\libBSP.a(dma.o)
 .comment       0x00000000       0x2b ../../BSP/Debug\libBSP.a(l3.o)
 .comment       0x00000000       0x2b ../../BSP/Debug\libBSP.a(leds.o)

.ARM.attributes
                0x00000000       0x32
 .ARM.attributes
                0x00000000       0x32 ./lab9-efectos.o
 .ARM.attributes
                0x00000032       0x32 ../../BSP/Debug\libBSP.a(iis.o)
 .ARM.attributes
                0x00000064       0x32 ../../BSP/Debug\libBSP.a(pbs.o)
 .ARM.attributes
                0x00000096       0x32 ../../BSP/Debug\libBSP.a(segs.o)
 .ARM.attributes
                0x000000c8       0x32 ../../BSP/Debug\libBSP.a(system.o)
 .ARM.attributes
                0x000000fa       0x32 ../../BSP/Debug\libBSP.a(timers.o)
 .ARM.attributes
                0x0000012c       0x32 ../../BSP/Debug\libBSP.a(uart.o)
 .ARM.attributes
                0x0000015e       0x32 ../../BSP/Debug\libBSP.a(uda1341ts.o)
 .ARM.attributes
                0x00000190       0x32 ../../BSP/Debug\libBSP.a(dma.o)
 .ARM.attributes
                0x000001c2       0x32 ../../BSP/Debug\libBSP.a(l3.o)
 .ARM.attributes
                0x000001f4       0x32 ../../BSP/Debug\libBSP.a(leds.o)
 .ARM.attributes
                0x00000226       0x1a c:/software/electronica/arm/eclipsearm/sourcery-g++-lite-arm-2011.03/bin/../lib/gcc/arm-none-eabi/4.5.2\libgcc.a(_udivsi3.o)
 .ARM.attributes
                0x00000240       0x18 c:/software/electronica/arm/eclipsearm/sourcery-g++-lite-arm-2011.03/bin/../lib/gcc/arm-none-eabi/4.5.2\libgcc.a(_dvmd_tls.o)
 .ARM.attributes
                0x00000258       0x1a c:/software/electronica/arm/eclipsearm/sourcery-g++-lite-arm-2011.03/bin/../lib/gcc/arm-none-eabi/4.5.2\libgcc.a(_aeabi_uldivmod.o)
 .ARM.attributes
                0x00000272       0x34 c:/software/electronica/arm/eclipsearm/sourcery-g++-lite-arm-2011.03/bin/../lib/gcc/arm-none-eabi/4.5.2\libgcc.a(bpabi.o)
 .ARM.attributes
                0x000002a6       0x34 c:/software/electronica/arm/eclipsearm/sourcery-g++-lite-arm-2011.03/bin/../lib/gcc/arm-none-eabi/4.5.2\libgcc.a(_divdi3.o)
 .ARM.attributes
                0x000002da       0x34 c:/software/electronica/arm/eclipsearm/sourcery-g++-lite-arm-2011.03/bin/../lib/gcc/arm-none-eabi/4.5.2\libgcc.a(_udivdi3.o)
 .ARM.attributes
                0x0000030e       0x1a c:/software/electronica/arm/eclipsearm/sourcery-g++-lite-arm-2011.03/bin/../lib/gcc/arm-none-eabi/4.5.2\libgcc.a(_clzsi2.o)

.debug_frame    0x00000000     0x106c
 .debug_frame   0x00000000       0x90 ./lab9-efectos.o
 .debug_frame   0x00000090      0x158 ../../BSP/Debug\libBSP.a(iis.o)
 .debug_frame   0x000001e8      0x190 ../../BSP/Debug\libBSP.a(pbs.o)
 .debug_frame   0x00000378       0x90 ../../BSP/Debug\libBSP.a(segs.o)
 .debug_frame   0x00000408      0x630 ../../BSP/Debug\libBSP.a(system.o)
 .debug_frame   0x00000a38      0x1b8 ../../BSP/Debug\libBSP.a(timers.o)
 .debug_frame   0x00000bf0      0x134 ../../BSP/Debug\libBSP.a(uart.o)
 .debug_frame   0x00000d24       0xf0 ../../BSP/Debug\libBSP.a(uda1341ts.o)
 .debug_frame   0x00000e14       0x70 ../../BSP/Debug\libBSP.a(dma.o)
 .debug_frame   0x00000e84       0x50 ../../BSP/Debug\libBSP.a(l3.o)
 .debug_frame   0x00000ed4       0xb0 ../../BSP/Debug\libBSP.a(leds.o)
 .debug_frame   0x00000f84       0x20 c:/software/electronica/arm/eclipsearm/sourcery-g++-lite-arm-2011.03/bin/../lib/gcc/arm-none-eabi/4.5.2\libgcc.a(_udivsi3.o)
 .debug_frame   0x00000fa4       0x50 c:/software/electronica/arm/eclipsearm/sourcery-g++-lite-arm-2011.03/bin/../lib/gcc/arm-none-eabi/4.5.2\libgcc.a(bpabi.o)
 .debug_frame   0x00000ff4       0x3c c:/software/electronica/arm/eclipsearm/sourcery-g++-lite-arm-2011.03/bin/../lib/gcc/arm-none-eabi/4.5.2\libgcc.a(_divdi3.o)
 .debug_frame   0x00001030       0x3c c:/software/electronica/arm/eclipsearm/sourcery-g++-lite-arm-2011.03/bin/../lib/gcc/arm-none-eabi/4.5.2\libgcc.a(_udivdi3.o)
