Archive member included because of file (symbol)

../../BSP/Debug\libBSP.a(keypad.o)
                              ./lab7.o (keypad_init)
../../BSP/Debug\libBSP.a(lcd.o)
                              ./lab7.o (lcd_init)
../../BSP/Debug\libBSP.a(system.o)
                              ./lab7.o (sys_init)
../../BSP/Debug\libBSP.a(timers.o)
                              ../../BSP/Debug\libBSP.a(keypad.o) (timers_init)
../../BSP/Debug\libBSP.a(uart.o)
                              ../../BSP/Debug\libBSP.a(system.o) (uart0_init)
../../BSP/Debug\libBSP.a(font8x16.o)
                              ../../BSP/Debug\libBSP.a(lcd.o) (font)
c:/software/electronica/arm/eclipsearm/sourcery-g++-lite-arm-2011.03/bin/../lib/gcc/arm-none-eabi/4.5.2\libgcc.a(_udivsi3.o)
                              ../../BSP/Debug\libBSP.a(timers.o) (__aeabi_uidiv)
c:/software/electronica/arm/eclipsearm/sourcery-g++-lite-arm-2011.03/bin/../lib/gcc/arm-none-eabi/4.5.2\libgcc.a(_dvmd_tls.o)
                              c:/software/electronica/arm/eclipsearm/sourcery-g++-lite-arm-2011.03/bin/../lib/gcc/arm-none-eabi/4.5.2\libgcc.a(_udivsi3.o) (__aeabi_idiv0)
c:/software/electronica/arm/eclipsearm/sourcery-g++-lite-arm-2011.03/bin/../lib/gcc/arm-none-eabi/4.5.2\libgcc.a(_aeabi_uldivmod.o)
                              ../../BSP/Debug\libBSP.a(timers.o) (__aeabi_uldivmod)
c:/software/electronica/arm/eclipsearm/sourcery-g++-lite-arm-2011.03/bin/../lib/gcc/arm-none-eabi/4.5.2\libgcc.a(bpabi.o)
                              c:/software/electronica/arm/eclipsearm/sourcery-g++-lite-arm-2011.03/bin/../lib/gcc/arm-none-eabi/4.5.2\libgcc.a(_aeabi_uldivmod.o) (__gnu_uldivmod_helper)
c:/software/electronica/arm/eclipsearm/sourcery-g++-lite-arm-2011.03/bin/../lib/gcc/arm-none-eabi/4.5.2\libgcc.a(_divdi3.o)
                              c:/software/electronica/arm/eclipsearm/sourcery-g++-lite-arm-2011.03/bin/../lib/gcc/arm-none-eabi/4.5.2\libgcc.a(bpabi.o) (__divdi3)
c:/software/electronica/arm/eclipsearm/sourcery-g++-lite-arm-2011.03/bin/../lib/gcc/arm-none-eabi/4.5.2\libgcc.a(_udivdi3.o)
                              c:/software/electronica/arm/eclipsearm/sourcery-g++-lite-arm-2011.03/bin/../lib/gcc/arm-none-eabi/4.5.2\libgcc.a(bpabi.o) (__udivdi3)
c:/software/electronica/arm/eclipsearm/sourcery-g++-lite-arm-2011.03/bin/../lib/gcc/arm-none-eabi/4.5.2\libgcc.a(_clzsi2.o)
                              c:/software/electronica/arm/eclipsearm/sourcery-g++-lite-arm-2011.03/bin/../lib/gcc/arm-none-eabi/4.5.2\libgcc.a(_divdi3.o) (__clzsi2)

Memory Configuration

Name             Origin             Length             Attributes
*default*        0x00000000         0xffffffff

Linker script and memory map

LOAD ./lab7.o
LOAD ../../BSP/Debug\libBSP.a
START GROUP
LOAD c:/software/electronica/arm/eclipsearm/sourcery-g++-lite-arm-2011.03/bin/../lib/gcc/arm-none-eabi/4.5.2\libgcc.a
LOAD c:/software/electronica/arm/eclipsearm/sourcery-g++-lite-arm-2011.03/bin/../lib/gcc/arm-none-eabi/4.5.2/../../../../arm-none-eabi/lib\libc.a
END GROUP
                0x0c100000                . = 0xc100000

.text           0x0c100000     0x4040
 *(.text)
 .text          0x0c100000      0x1b0 ./lab7.o
                0x0c100000                main
 .text          0x0c1001b0      0x5b8 ../../BSP/Debug\libBSP.a(keypad.o)
                0x0c1001b0                keypad_init
                0x0c1001cc                keypad_scan
                0x0c1003f0                keypad_status
                0x0c100444                keypad_wait_keydown
                0x0c1004c0                keypad_wait_keyup
                0x0c100504                keypad_wait_any_keydown
                0x0c100530                keypad_wait_any_keyup
                0x0c100560                keypad_getchar
                0x0c1005b0                keypad_getchartime
                0x0c10064c                keypad_timeout_getchar
                0x0c1006bc                keypad_open
                0x0c100724                keypad_close
 .text          0x0c100768     0x1238 ../../BSP/Debug\libBSP.a(lcd.o)
                0x0c100768                lcd_init
                0x0c1008ec                lcd_on
                0x0c100928                lcd_off
                0x0c100964                lcd_status
                0x0c10098c                lcd_clear
                0x0c1009ec                lcd_putpixel
                0x0c100ad8                lcd_getpixel
                0x0c100ba4                lcd_draw_hline
                0x0c100c4c                lcd_draw_vline
                0x0c100cf4                lcd_draw_box
                0x0c100d90                lcd_putchar
                0x0c100ee4                lcd_puts
                0x0c100f70                lcd_putint
                0x0c10109c                lcd_puthex
                0x0c10117c                lcd_putchar_x2
                0x0c1015ac                lcd_puts_x2
                0x0c101638                lcd_putint_x2
                0x0c101764                lcd_puthex_x2
                0x0c101844                lcd_putWallpaper
 .text          0x0c1019a0      0xb34 ../../BSP/Debug\libBSP.a(system.o)
                0x0c1019a0                sys_init
                0x0c101f00                isr_SWI_dummy
                0x0c101f2c                isr_UNDEF_dummy
                0x0c101f58                isr_IRQ_dummy
                0x0c101f84                isr_FIQ_dummy
                0x0c101fb0                isr_PABORT_dummy
                0x0c101fdc                isr_DABORT_dummy
                0x0c102008                isr_ADC_dummy
                0x0c102034                isr_RTC_dummy
                0x0c102060                isr_UTXD1_dummy
                0x0c10208c                isr_UTXD0_dummy
                0x0c1020b8                isr_SIO_dummy
                0x0c1020e4                isr_IIC_dummy
                0x0c102110                isr_URXD1_dummy
                0x0c10213c                isr_URXD0_dummy
                0x0c102168                isr_TIMER5_dummy
                0x0c102194                isr_TIMER4_dummy
                0x0c1021c0                isr_TIMER3_dummy
                0x0c1021ec                isr_TIMER2_dummy
                0x0c102218                isr_TIMER1_dummy
                0x0c102244                isr_TIMER0_dummy
                0x0c102270                isr_UERR01_dummy
                0x0c10229c                isr_WDT_dummy
                0x0c1022c8                isr_BDMA1_dummy
                0x0c1022f4                isr_BDMA0_dummy
                0x0c102320                isr_ZDMA1_dummy
                0x0c10234c                isr_ZDMA0_dummy
                0x0c102378                isr_TICK_dummy
                0x0c1023a4                isr_PB_dummy
                0x0c1023d0                isr_ETHERNET_dummy
                0x0c1023fc                isr_TS_dummy
                0x0c102428                isr_KEYPAD_dummy
                0x0c102454                isr_USB_dummy
                0x0c1024a4                sleep
 .text          0x0c1024d4      0x9cc ../../BSP/Debug\libBSP.a(timers.o)
                0x0c1024d4                timers_init
                0x0c102694                timer3_delay_ms
                0x0c102768                sw_delay_ms
                0x0c1027c0                timer3_delay_s
                0x0c10287c                sw_delay_s
                0x0c1028d4                timer3_start
                0x0c102984                timer3_stop
                0x0c1029d8                timer3_start_timeout
                0x0c102a90                timer3_timeout
                0x0c102acc                timer0_open_tick
                0x0c102d08                timer0_open_ms
                0x0c102e0c                timer0_close
 .text          0x0c102ea0      0x6a8 ../../BSP/Debug\libBSP.a(uart.o)
                0x0c102ea0                uart0_init
                0x0c102f04                uart0_putchar
                0x0c102f54                uart0_getchar
                0x0c102f9c                uart0_puts
                0x0c103004                uart0_putint
                0x0c103110                uart0_puthex
                0x0c1031c8                uart0_gets
                0x0c10325c                uart0_getint
                0x0c103368                uart0_gethex
 .text          0x0c103548        0x0 ../../BSP/Debug\libBSP.a(font8x16.o)
 .text          0x0c103548      0x114 c:/software/electronica/arm/eclipsearm/sourcery-g++-lite-arm-2011.03/bin/../lib/gcc/arm-none-eabi/4.5.2\libgcc.a(_udivsi3.o)
                0x0c103548                __aeabi_uidiv
                0x0c103548                __udivsi3
                0x0c10363c                __aeabi_uidivmod
 .text          0x0c10365c        0x4 c:/software/electronica/arm/eclipsearm/sourcery-g++-lite-arm-2011.03/bin/../lib/gcc/arm-none-eabi/4.5.2\libgcc.a(_dvmd_tls.o)
                0x0c10365c                __aeabi_idiv0
                0x0c10365c                __aeabi_ldiv0
 .text          0x0c103660       0x3c c:/software/electronica/arm/eclipsearm/sourcery-g++-lite-arm-2011.03/bin/../lib/gcc/arm-none-eabi/4.5.2\libgcc.a(_aeabi_uldivmod.o)
                0x0c103660                __aeabi_uldivmod
 .text          0x0c10369c       0x80 c:/software/electronica/arm/eclipsearm/sourcery-g++-lite-arm-2011.03/bin/../lib/gcc/arm-none-eabi/4.5.2\libgcc.a(bpabi.o)
                0x0c10369c                __gnu_ldivmod_helper
                0x0c1036dc                __gnu_uldivmod_helper
 .text          0x0c10371c      0x4a8 c:/software/electronica/arm/eclipsearm/sourcery-g++-lite-arm-2011.03/bin/../lib/gcc/arm-none-eabi/4.5.2\libgcc.a(_divdi3.o)
                0x0c10371c                __divdi3
 .text          0x0c103bc4      0x434 c:/software/electronica/arm/eclipsearm/sourcery-g++-lite-arm-2011.03/bin/../lib/gcc/arm-none-eabi/4.5.2\libgcc.a(_udivdi3.o)
                0x0c103bc4                __udivdi3
 .text          0x0c103ff8       0x48 c:/software/electronica/arm/eclipsearm/sourcery-g++-lite-arm-2011.03/bin/../lib/gcc/arm-none-eabi/4.5.2\libgcc.a(_clzsi2.o)
                0x0c103ff8                __clzsi2

.glue_7         0x0c104040        0x0
 .glue_7        0x00000000        0x0 linker stubs

.glue_7t        0x0c104040        0x0
 .glue_7t       0x00000000        0x0 linker stubs

.vfp11_veneer   0x0c104040        0x0
 .vfp11_veneer  0x00000000        0x0 linker stubs

.v4_bx          0x0c104040        0x0
 .v4_bx         0x00000000        0x0 linker stubs

.rodata         0x0c104040     0x168c
 *(.rodata)
 .rodata        0x0c104040       0x94 ./lab7.o
 .rodata        0x0c1040d4      0x5f8 ../../BSP/Debug\libBSP.a(system.o)
 .rodata        0x0c1046cc     0x1000 ../../BSP/Debug\libBSP.a(font8x16.o)
                0x0c1046cc                font

.ARM.extab      0x0c1056cc        0x0
 .ARM.extab     0x0c1056cc        0x0 c:/software/electronica/arm/eclipsearm/sourcery-g++-lite-arm-2011.03/bin/../lib/gcc/arm-none-eabi/4.5.2\libgcc.a(_divdi3.o)
 .ARM.extab     0x0c1056cc        0x0 c:/software/electronica/arm/eclipsearm/sourcery-g++-lite-arm-2011.03/bin/../lib/gcc/arm-none-eabi/4.5.2\libgcc.a(_udivdi3.o)

.ARM.exidx      0x0c1056cc        0x8
 .ARM.exidx     0x0c1056cc        0x8 c:/software/electronica/arm/eclipsearm/sourcery-g++-lite-arm-2011.03/bin/../lib/gcc/arm-none-eabi/4.5.2\libgcc.a(_divdi3.o)
 .ARM.exidx     0x0c1056d4        0x0 c:/software/electronica/arm/eclipsearm/sourcery-g++-lite-arm-2011.03/bin/../lib/gcc/arm-none-eabi/4.5.2\libgcc.a(_udivdi3.o)
                                  0x8 (size before relaxing)

.data           0x0c1056d4        0x0
 *(.data)
 .data          0x0c1056d4        0x0 ./lab7.o
 .data          0x0c1056d4        0x0 ../../BSP/Debug\libBSP.a(keypad.o)
 .data          0x0c1056d4        0x0 ../../BSP/Debug\libBSP.a(lcd.o)
 .data          0x0c1056d4        0x0 ../../BSP/Debug\libBSP.a(system.o)
 .data          0x0c1056d4        0x0 ../../BSP/Debug\libBSP.a(timers.o)
 .data          0x0c1056d4        0x0 ../../BSP/Debug\libBSP.a(uart.o)
 .data          0x0c1056d4        0x0 ../../BSP/Debug\libBSP.a(font8x16.o)
 .data          0x0c1056d4        0x0 c:/software/electronica/arm/eclipsearm/sourcery-g++-lite-arm-2011.03/bin/../lib/gcc/arm-none-eabi/4.5.2\libgcc.a(_udivsi3.o)
 .data          0x0c1056d4        0x0 c:/software/electronica/arm/eclipsearm/sourcery-g++-lite-arm-2011.03/bin/../lib/gcc/arm-none-eabi/4.5.2\libgcc.a(_dvmd_tls.o)
 .data          0x0c1056d4        0x0 c:/software/electronica/arm/eclipsearm/sourcery-g++-lite-arm-2011.03/bin/../lib/gcc/arm-none-eabi/4.5.2\libgcc.a(_aeabi_uldivmod.o)
 .data          0x0c1056d4        0x0 c:/software/electronica/arm/eclipsearm/sourcery-g++-lite-arm-2011.03/bin/../lib/gcc/arm-none-eabi/4.5.2\libgcc.a(bpabi.o)
 .data          0x0c1056d4        0x0 c:/software/electronica/arm/eclipsearm/sourcery-g++-lite-arm-2011.03/bin/../lib/gcc/arm-none-eabi/4.5.2\libgcc.a(_divdi3.o)
 .data          0x0c1056d4        0x0 c:/software/electronica/arm/eclipsearm/sourcery-g++-lite-arm-2011.03/bin/../lib/gcc/arm-none-eabi/4.5.2\libgcc.a(_udivdi3.o)
 .data          0x0c1056d4        0x0 c:/software/electronica/arm/eclipsearm/sourcery-g++-lite-arm-2011.03/bin/../lib/gcc/arm-none-eabi/4.5.2\libgcc.a(_clzsi2.o)

.bss            0x0c1056d4     0x960c
 *(.bss)
 .bss           0x0c1056d4        0x0 ./lab7.o
 .bss           0x0c1056d4        0x0 ../../BSP/Debug\libBSP.a(keypad.o)
 .bss           0x0c1056d4     0x9604 ../../BSP/Debug\libBSP.a(lcd.o)
 .bss           0x0c10ecd8        0x0 ../../BSP/Debug\libBSP.a(system.o)
 .bss           0x0c10ecd8        0x8 ../../BSP/Debug\libBSP.a(timers.o)
 .bss           0x0c10ece0        0x0 ../../BSP/Debug\libBSP.a(uart.o)
 .bss           0x0c10ece0        0x0 ../../BSP/Debug\libBSP.a(font8x16.o)
 .bss           0x0c10ece0        0x0 c:/software/electronica/arm/eclipsearm/sourcery-g++-lite-arm-2011.03/bin/../lib/gcc/arm-none-eabi/4.5.2\libgcc.a(_udivsi3.o)
 .bss           0x0c10ece0        0x0 c:/software/electronica/arm/eclipsearm/sourcery-g++-lite-arm-2011.03/bin/../lib/gcc/arm-none-eabi/4.5.2\libgcc.a(_dvmd_tls.o)
 .bss           0x0c10ece0        0x0 c:/software/electronica/arm/eclipsearm/sourcery-g++-lite-arm-2011.03/bin/../lib/gcc/arm-none-eabi/4.5.2\libgcc.a(_aeabi_uldivmod.o)
 .bss           0x0c10ece0        0x0 c:/software/electronica/arm/eclipsearm/sourcery-g++-lite-arm-2011.03/bin/../lib/gcc/arm-none-eabi/4.5.2\libgcc.a(bpabi.o)
 .bss           0x0c10ece0        0x0 c:/software/electronica/arm/eclipsearm/sourcery-g++-lite-arm-2011.03/bin/../lib/gcc/arm-none-eabi/4.5.2\libgcc.a(_divdi3.o)
 .bss           0x0c10ece0        0x0 c:/software/electronica/arm/eclipsearm/sourcery-g++-lite-arm-2011.03/bin/../lib/gcc/arm-none-eabi/4.5.2\libgcc.a(_udivdi3.o)
 .bss           0x0c10ece0        0x0 c:/software/electronica/arm/eclipsearm/sourcery-g++-lite-arm-2011.03/bin/../lib/gcc/arm-none-eabi/4.5.2\libgcc.a(_clzsi2.o)
                0x0c10ece0                end = .
OUTPUT(lab7.elf elf32-littlearm)

.debug_abbrev   0x00000000      0x549
 .debug_abbrev  0x00000000       0x64 ./lab7.o
 .debug_abbrev  0x00000064       0xca ../../BSP/Debug\libBSP.a(keypad.o)
 .debug_abbrev  0x0000012e      0x15e ../../BSP/Debug\libBSP.a(lcd.o)
 .debug_abbrev  0x0000028c       0x89 ../../BSP/Debug\libBSP.a(system.o)
 .debug_abbrev  0x00000315       0xdd ../../BSP/Debug\libBSP.a(timers.o)
 .debug_abbrev  0x000003f2       0xf4 ../../BSP/Debug\libBSP.a(uart.o)
 .debug_abbrev  0x000004e6       0x63 ../../BSP/Debug\libBSP.a(font8x16.o)

.debug_info     0x00000000     0x1425
 .debug_info    0x00000000       0x92 ./lab7.o
 .debug_info    0x00000092      0x261 ../../BSP/Debug\libBSP.a(keypad.o)
 .debug_info    0x000002f3      0x7bb ../../BSP/Debug\libBSP.a(lcd.o)
 .debug_info    0x00000aae      0x390 ../../BSP/Debug\libBSP.a(system.o)
 .debug_info    0x00000e3e      0x29d ../../BSP/Debug\libBSP.a(timers.o)
 .debug_info    0x000010db      0x2b5 ../../BSP/Debug\libBSP.a(uart.o)
 .debug_info    0x00001390       0x95 ../../BSP/Debug\libBSP.a(font8x16.o)

.debug_line     0x00000000      0x964
 .debug_line    0x00000000      0x11e ./lab7.o
 .debug_line    0x0000011e      0x146 ../../BSP/Debug\libBSP.a(keypad.o)
 .debug_line    0x00000264      0x23a ../../BSP/Debug\libBSP.a(lcd.o)
 .debug_line    0x0000049e      0x1f0 ../../BSP/Debug\libBSP.a(system.o)
 .debug_line    0x0000068e      0x162 ../../BSP/Debug\libBSP.a(timers.o)
 .debug_line    0x000007f0      0x11e ../../BSP/Debug\libBSP.a(uart.o)
 .debug_line    0x0000090e       0x56 ../../BSP/Debug\libBSP.a(font8x16.o)

.debug_macinfo  0x00000000    0x1e463
 .debug_macinfo
                0x00000000     0x4cb6 ./lab7.o
 .debug_macinfo
                0x00004cb6     0x4e31 ../../BSP/Debug\libBSP.a(keypad.o)
 .debug_macinfo
                0x00009ae7     0x439b ../../BSP/Debug\libBSP.a(lcd.o)
 .debug_macinfo
                0x0000de82     0x530a ../../BSP/Debug\libBSP.a(system.o)
 .debug_macinfo
                0x0001318c     0x4c91 ../../BSP/Debug\libBSP.a(timers.o)
 .debug_macinfo
                0x00017e1d     0x430d ../../BSP/Debug\libBSP.a(uart.o)
 .debug_macinfo
                0x0001c12a     0x2339 ../../BSP/Debug\libBSP.a(font8x16.o)

.debug_loc      0x00000000      0xfa4
 .debug_loc     0x00000000       0x2c ./lab7.o
 .debug_loc     0x0000002c      0x210 ../../BSP/Debug\libBSP.a(keypad.o)
 .debug_loc     0x0000023c      0x344 ../../BSP/Debug\libBSP.a(lcd.o)
 .debug_loc     0x00000580      0x65c ../../BSP/Debug\libBSP.a(system.o)
 .debug_loc     0x00000bdc      0x23c ../../BSP/Debug\libBSP.a(timers.o)
 .debug_loc     0x00000e18      0x18c ../../BSP/Debug\libBSP.a(uart.o)

.debug_pubnames
                0x00000000      0x6b9
 .debug_pubnames
                0x00000000       0x1b ./lab7.o
 .debug_pubnames
                0x0000001b      0x10e ../../BSP/Debug\libBSP.a(keypad.o)
 .debug_pubnames
                0x00000129      0x143 ../../BSP/Debug\libBSP.a(lcd.o)
 .debug_pubnames
                0x0000026c      0x29d ../../BSP/Debug\libBSP.a(system.o)
 .debug_pubnames
                0x00000509       0xee ../../BSP/Debug\libBSP.a(timers.o)
 .debug_pubnames
                0x000005f7       0xa7 ../../BSP/Debug\libBSP.a(uart.o)
 .debug_pubnames
                0x0000069e       0x1b ../../BSP/Debug\libBSP.a(font8x16.o)

.debug_pubtypes
                0x00000000      0x13b
 .debug_pubtypes
                0x00000000       0x1c ./lab7.o
 .debug_pubtypes
                0x0000001c       0x32 ../../BSP/Debug\libBSP.a(keypad.o)
 .debug_pubtypes
                0x0000004e       0x3c ../../BSP/Debug\libBSP.a(lcd.o)
 .debug_pubtypes
                0x0000008a       0x27 ../../BSP/Debug\libBSP.a(system.o)
 .debug_pubtypes
                0x000000b1       0x3d ../../BSP/Debug\libBSP.a(timers.o)
 .debug_pubtypes
                0x000000ee       0x31 ../../BSP/Debug\libBSP.a(uart.o)
 .debug_pubtypes
                0x0000011f       0x1c ../../BSP/Debug\libBSP.a(font8x16.o)

.debug_aranges  0x00000000       0xc0
 .debug_aranges
                0x00000000       0x20 ./lab7.o
 .debug_aranges
                0x00000020       0x20 ../../BSP/Debug\libBSP.a(keypad.o)
 .debug_aranges
                0x00000040       0x20 ../../BSP/Debug\libBSP.a(lcd.o)
 .debug_aranges
                0x00000060       0x20 ../../BSP/Debug\libBSP.a(system.o)
 .debug_aranges
                0x00000080       0x20 ../../BSP/Debug\libBSP.a(timers.o)
 .debug_aranges
                0x000000a0       0x20 ../../BSP/Debug\libBSP.a(uart.o)

.debug_str      0x00000000      0x6dd
 .debug_str     0x00000000       0xa1 ./lab7.o
                                 0xba (size before relaxing)
 .debug_str     0x000000a1      0x119 ../../BSP/Debug\libBSP.a(keypad.o)
                                0x19b (size before relaxing)
 .debug_str     0x000001ba      0x156 ../../BSP/Debug\libBSP.a(lcd.o)
                                0x21b (size before relaxing)
 .debug_str     0x00000310      0x234 ../../BSP/Debug\libBSP.a(system.o)
                                0x2e5 (size before relaxing)
 .debug_str     0x00000544       0xe5 ../../BSP/Debug\libBSP.a(timers.o)
                                0x194 (size before relaxing)
 .debug_str     0x00000629       0xa2 ../../BSP/Debug\libBSP.a(uart.o)
                                0x155 (size before relaxing)
 .debug_str     0x000006cb       0x12 ../../BSP/Debug\libBSP.a(font8x16.o)
                                 0xb8 (size before relaxing)

.comment        0x00000000       0x2a
 .comment       0x00000000       0x2a ./lab7.o
                                 0x2b (size before relaxing)
 .comment       0x00000000       0x2b ../../BSP/Debug\libBSP.a(keypad.o)
 .comment       0x00000000       0x2b ../../BSP/Debug\libBSP.a(lcd.o)
 .comment       0x00000000       0x2b ../../BSP/Debug\libBSP.a(system.o)
 .comment       0x00000000       0x2b ../../BSP/Debug\libBSP.a(timers.o)
 .comment       0x00000000       0x2b ../../BSP/Debug\libBSP.a(uart.o)
 .comment       0x00000000       0x2b ../../BSP/Debug\libBSP.a(font8x16.o)

.ARM.attributes
                0x00000000       0x32
 .ARM.attributes
                0x00000000       0x32 ./lab7.o
 .ARM.attributes
                0x00000032       0x32 ../../BSP/Debug\libBSP.a(keypad.o)
 .ARM.attributes
                0x00000064       0x32 ../../BSP/Debug\libBSP.a(lcd.o)
 .ARM.attributes
                0x00000096       0x32 ../../BSP/Debug\libBSP.a(system.o)
 .ARM.attributes
                0x000000c8       0x32 ../../BSP/Debug\libBSP.a(timers.o)
 .ARM.attributes
                0x000000fa       0x32 ../../BSP/Debug\libBSP.a(uart.o)
 .ARM.attributes
                0x0000012c       0x32 ../../BSP/Debug\libBSP.a(font8x16.o)
 .ARM.attributes
                0x0000015e       0x1a c:/software/electronica/arm/eclipsearm/sourcery-g++-lite-arm-2011.03/bin/../lib/gcc/arm-none-eabi/4.5.2\libgcc.a(_udivsi3.o)
 .ARM.attributes
                0x00000178       0x18 c:/software/electronica/arm/eclipsearm/sourcery-g++-lite-arm-2011.03/bin/../lib/gcc/arm-none-eabi/4.5.2\libgcc.a(_dvmd_tls.o)
 .ARM.attributes
                0x00000190       0x1a c:/software/electronica/arm/eclipsearm/sourcery-g++-lite-arm-2011.03/bin/../lib/gcc/arm-none-eabi/4.5.2\libgcc.a(_aeabi_uldivmod.o)
 .ARM.attributes
                0x000001aa       0x34 c:/software/electronica/arm/eclipsearm/sourcery-g++-lite-arm-2011.03/bin/../lib/gcc/arm-none-eabi/4.5.2\libgcc.a(bpabi.o)
 .ARM.attributes
                0x000001de       0x34 c:/software/electronica/arm/eclipsearm/sourcery-g++-lite-arm-2011.03/bin/../lib/gcc/arm-none-eabi/4.5.2\libgcc.a(_divdi3.o)
 .ARM.attributes
                0x00000212       0x34 c:/software/electronica/arm/eclipsearm/sourcery-g++-lite-arm-2011.03/bin/../lib/gcc/arm-none-eabi/4.5.2\libgcc.a(_udivdi3.o)
 .ARM.attributes
                0x00000246       0x1a c:/software/electronica/arm/eclipsearm/sourcery-g++-lite-arm-2011.03/bin/../lib/gcc/arm-none-eabi/4.5.2\libgcc.a(_clzsi2.o)

.debug_frame    0x00000000      0xe34
 .debug_frame   0x00000000       0x30 ./lab7.o
 .debug_frame   0x00000030      0x190 ../../BSP/Debug\libBSP.a(keypad.o)
 .debug_frame   0x000001c0      0x270 ../../BSP/Debug\libBSP.a(lcd.o)
 .debug_frame   0x00000430      0x630 ../../BSP/Debug\libBSP.a(system.o)
 .debug_frame   0x00000a60      0x1b8 ../../BSP/Debug\libBSP.a(timers.o)
 .debug_frame   0x00000c18      0x134 ../../BSP/Debug\libBSP.a(uart.o)
 .debug_frame   0x00000d4c       0x20 c:/software/electronica/arm/eclipsearm/sourcery-g++-lite-arm-2011.03/bin/../lib/gcc/arm-none-eabi/4.5.2\libgcc.a(_udivsi3.o)
 .debug_frame   0x00000d6c       0x50 c:/software/electronica/arm/eclipsearm/sourcery-g++-lite-arm-2011.03/bin/../lib/gcc/arm-none-eabi/4.5.2\libgcc.a(bpabi.o)
 .debug_frame   0x00000dbc       0x3c c:/software/electronica/arm/eclipsearm/sourcery-g++-lite-arm-2011.03/bin/../lib/gcc/arm-none-eabi/4.5.2\libgcc.a(_divdi3.o)
 .debug_frame   0x00000df8       0x3c c:/software/electronica/arm/eclipsearm/sourcery-g++-lite-arm-2011.03/bin/../lib/gcc/arm-none-eabi/4.5.2\libgcc.a(_udivdi3.o)
